Component: ARM Compiler 5.06 update 5 (build 528) Tool: armlink [4d35e2]

==============================================================================

Section Cross References

    startup_stm32f103xe.o(RESET) refers to startup_stm32f103xe.o(STACK) for __initial_sp
    startup_stm32f103xe.o(RESET) refers to startup_stm32f103xe.o(.text) for Reset_Handler
    startup_stm32f103xe.o(RESET) refers to stm32f1xx_it.o(i.NMI_Handler) for NMI_Handler
    startup_stm32f103xe.o(RESET) refers to stm32f1xx_it.o(i.HardFault_Handler) for HardFault_Handler
    startup_stm32f103xe.o(RESET) refers to stm32f1xx_it.o(i.MemManage_Handler) for MemManage_Handler
    startup_stm32f103xe.o(RESET) refers to stm32f1xx_it.o(i.BusFault_Handler) for BusFault_Handler
    startup_stm32f103xe.o(RESET) refers to stm32f1xx_it.o(i.UsageFault_Handler) for UsageFault_Handler
    startup_stm32f103xe.o(RESET) refers to port.o(.emb_text) for SVC_Handler
    startup_stm32f103xe.o(RESET) refers to stm32f1xx_it.o(i.DebugMon_Handler) for DebugMon_Handler
    startup_stm32f103xe.o(RESET) refers to stm32f1xx_it.o(i.SysTick_Handler) for SysTick_Handler
    startup_stm32f103xe.o(RESET) refers to stm32f1xx_it.o(i.TIM2_IRQHandler) for TIM2_IRQHandler
    startup_stm32f103xe.o(RESET) refers to stm32f1xx_it.o(i.TIM3_IRQHandler) for TIM3_IRQHandler
    startup_stm32f103xe.o(RESET) refers to stm32f1xx_it.o(i.USART1_IRQHandler) for USART1_IRQHandler
    startup_stm32f103xe.o(RESET) refers to stm32f1xx_it.o(i.TIM7_IRQHandler) for TIM7_IRQHandler
    startup_stm32f103xe.o(.text) refers to system_stm32f1xx.o(i.SystemInit) for SystemInit
    startup_stm32f103xe.o(.text) refers to entry.o(.ARM.Collect$$$$00000000) for __main
    main.o(i.HAL_TIM_PeriodElapsedCallback) refers to stm32f1xx_hal.o(i.HAL_IncTick) for HAL_IncTick
    main.o(i.SystemClock_Config) refers to memseta.o(.text) for __aeabi_memclr4
    main.o(i.SystemClock_Config) refers to stm32f1xx_hal_rcc.o(i.HAL_RCC_OscConfig) for HAL_RCC_OscConfig
    main.o(i.SystemClock_Config) refers to main.o(i.Error_Handler) for Error_Handler
    main.o(i.SystemClock_Config) refers to stm32f1xx_hal_rcc.o(i.HAL_RCC_ClockConfig) for HAL_RCC_ClockConfig
    main.o(i.fputc) refers to stm32f1xx_hal_uart.o(i.HAL_UART_Transmit) for HAL_UART_Transmit
    main.o(i.fputc) refers to usart.o(.bss) for huart1
    main.o(i.main) refers to stm32f1xx_hal.o(i.HAL_Init) for HAL_Init
    main.o(i.main) refers to stm32f1xx_hal.o(i.HAL_Delay) for HAL_Delay
    main.o(i.main) refers to main.o(i.SystemClock_Config) for SystemClock_Config
    main.o(i.main) refers to gpio.o(i.MX_GPIO_Init) for MX_GPIO_Init
    main.o(i.main) refers to usart.o(i.MX_USART1_UART_Init) for MX_USART1_UART_Init
    main.o(i.main) refers to tim.o(i.MX_TIM2_Init) for MX_TIM2_Init
    main.o(i.main) refers to tim.o(i.MX_TIM3_Init) for MX_TIM3_Init
    main.o(i.main) refers to printf6.o(i.__0printf$6) for __2printf
    main.o(i.main) refers to freertos_demo.o(i.FreeRTOS_Start) for FreeRTOS_Start
    gpio.o(i.MX_GPIO_Init) refers to stm32f1xx_hal_gpio.o(i.HAL_GPIO_WritePin) for HAL_GPIO_WritePin
    gpio.o(i.MX_GPIO_Init) refers to stm32f1xx_hal_gpio.o(i.HAL_GPIO_Init) for HAL_GPIO_Init
    usart.o(i.HAL_UART_MspDeInit) refers to stm32f1xx_hal_gpio.o(i.HAL_GPIO_DeInit) for HAL_GPIO_DeInit
    usart.o(i.HAL_UART_MspDeInit) refers to stm32f1xx_hal_cortex.o(i.HAL_NVIC_DisableIRQ) for HAL_NVIC_DisableIRQ
    usart.o(i.HAL_UART_MspInit) refers to stm32f1xx_hal_gpio.o(i.HAL_GPIO_Init) for HAL_GPIO_Init
    usart.o(i.HAL_UART_MspInit) refers to stm32f1xx_hal_cortex.o(i.HAL_NVIC_SetPriority) for HAL_NVIC_SetPriority
    usart.o(i.HAL_UART_MspInit) refers to stm32f1xx_hal_cortex.o(i.HAL_NVIC_EnableIRQ) for HAL_NVIC_EnableIRQ
    usart.o(i.MX_USART1_UART_Init) refers to stm32f1xx_hal_uart.o(i.HAL_UART_Init) for HAL_UART_Init
    usart.o(i.MX_USART1_UART_Init) refers to main.o(i.Error_Handler) for Error_Handler
    usart.o(i.MX_USART1_UART_Init) refers to usart.o(.bss) for huart1
    stm32f1xx_it.o(i.SysTick_Handler) refers to tasks.o(i.xTaskGetSchedulerState) for xTaskGetSchedulerState
    stm32f1xx_it.o(i.SysTick_Handler) refers to port.o(i.xPortSysTickHandler) for xPortSysTickHandler
    stm32f1xx_it.o(i.TIM2_IRQHandler) refers to stm32f1xx_hal_tim.o(i.HAL_TIM_IRQHandler) for HAL_TIM_IRQHandler
    stm32f1xx_it.o(i.TIM2_IRQHandler) refers to tim.o(.bss) for htim2
    stm32f1xx_it.o(i.TIM3_IRQHandler) refers to stm32f1xx_hal_tim.o(i.HAL_TIM_IRQHandler) for HAL_TIM_IRQHandler
    stm32f1xx_it.o(i.TIM3_IRQHandler) refers to tim.o(.bss) for htim3
    stm32f1xx_it.o(i.TIM7_IRQHandler) refers to stm32f1xx_hal_tim.o(i.HAL_TIM_IRQHandler) for HAL_TIM_IRQHandler
    stm32f1xx_it.o(i.TIM7_IRQHandler) refers to stm32f1xx_hal_timebase_tim.o(.bss) for htim7
    stm32f1xx_it.o(i.USART1_IRQHandler) refers to stm32f1xx_hal_uart.o(i.HAL_UART_IRQHandler) for HAL_UART_IRQHandler
    stm32f1xx_it.o(i.USART1_IRQHandler) refers to usart.o(.bss) for huart1
[...]
    Removing queue.o(i.prvIsQueueFull), (30 bytes).
    Removing queue.o(i.prvUnlockQueue), (126 bytes).
    Removing queue.o(i.ucQueueGetQueueType), (8 bytes).
    Removing queue.o(i.uxQueueGetQueueItemSize), (6 bytes).
    Removing queue.o(i.uxQueueGetQueueLength), (6 bytes).
    Removing queue.o(i.uxQueueGetQueueNumber), (6 bytes).
    Removing queue.o(i.uxQueueMessagesWaiting), (18 bytes).
    Removing queue.o(i.uxQueueMessagesWaitingFromISR), (8 bytes).
    Removing queue.o(i.uxQueueSpacesAvailable), (24 bytes).
    Removing queue.o(i.vQueueDelete), (14 bytes).
    Removing queue.o(i.vQueueSetQueueNumber), (4 bytes).
    Removing queue.o(i.xQueueGenericCreate), (76 bytes).
    Removing queue.o(i.xQueueGenericReset), (160 bytes).
    Removing queue.o(i.xQueueGenericSend), (280 bytes).
    Removing queue.o(i.xQueueGenericSendFromISR), (154 bytes).
    Removing queue.o(i.xQueueGiveFromISR), (134 bytes).
    Removing queue.o(i.xQueueIsQueueEmptyFromISR), (16 bytes).
    Removing queue.o(i.xQueueIsQueueFullFromISR), (22 bytes).
    Removing queue.o(i.xQueuePeek), (268 bytes).
    Removing queue.o(i.xQueuePeekFromISR), (74 bytes).
    Removing queue.o(i.xQueueReceive), (260 bytes).
    Removing queue.o(i.xQueueReceiveFromISR), (142 bytes).
    Removing queue.o(i.xQueueSemaphoreTake), (240 bytes).
    Removing stream_buffer.o(i.prvBytesInBuffer), (24 bytes).
    Removing stream_buffer.o(i.prvInitialiseNewStreamBuffer), (46 bytes).
    Removing stream_buffer.o(i.prvReadBytesFromBuffer), (76 bytes).
    Removing stream_buffer.o(i.prvReadMessageFromBuffer), (90 bytes).
    Removing stream_buffer.o(i.prvWriteBytesToBuffer), (76 bytes).
    Removing stream_buffer.o(i.prvWriteMessageToBuffer), (88 bytes).
    Removing stream_buffer.o(i.ucStreamBufferGetStreamBufferType), (10 bytes).
    Removing stream_buffer.o(i.uxStreamBufferGetStreamBufferNotificationIndex), (8 bytes).
    Removing stream_buffer.o(i.uxStreamBufferGetStreamBufferNumber), (6 bytes).
    Removing stream_buffer.o(i.vStreamBufferDelete), (32 bytes).
    Removing stream_buffer.o(i.vStreamBufferSetStreamBufferNotificationIndex), (6 bytes).
    Removing stream_buffer.o(i.vStreamBufferSetStreamBufferNumber), (4 bytes).
    Removing stream_buffer.o(i.xStreamBufferBytesAvailable), (18 bytes).
    Removing stream_buffer.o(i.xStreamBufferGenericCreate), (92 bytes).
    Removing stream_buffer.o(i.xStreamBufferIsEmpty), (22 bytes).
    Removing stream_buffer.o(i.xStreamBufferIsFull), (40 bytes).
    Removing stream_buffer.o(i.xStreamBufferNextMessageLengthBytes), (52 bytes).
    Removing stream_buffer.o(i.xStreamBufferReceive), (192 bytes).
    Removing stream_buffer.o(i.xStreamBufferReceiveCompletedFromISR), (80 bytes).
    Removing stream_buffer.o(i.xStreamBufferReceiveFromISR), (134 bytes).
    Removing stream_buffer.o(i.xStreamBufferReset), (64 bytes).
    Removing stream_buffer.o(i.xStreamBufferResetFromISR), (88 bytes).
    Removing stream_buffer.o(i.xStreamBufferSend), (226 bytes).
    Removing stream_buffer.o(i.xStreamBufferSendCompletedFromISR), (80 bytes).
    Removing stream_buffer.o(i.xStreamBufferSendFromISR), (136 bytes).
    Removing stream_buffer.o(i.xStreamBufferSetTriggerLevel), (26 bytes).
    Removing stream_buffer.o(i.xStreamBufferSpacesAvailable), (40 bytes).
    Removing tasks.o(i.pcTaskGetName), (24 bytes).
    Removing tasks.o(i.ulTaskGenericNotifyTake), (184 bytes).
    Removing tasks.o(i.ulTaskGenericNotifyValueClear), (64 bytes).
    Removing tasks.o(i.uxTaskGetNumberOfTasks), (12 bytes).
    Removing tasks.o(i.uxTaskGetTaskNumber), (14 bytes).
    Removing tasks.o(i.uxTaskPriorityGet), (36 bytes).
    Removing tasks.o(i.uxTaskPriorityGetFromISR), (56 bytes).
    Removing tasks.o(i.uxTaskResetEventItemValue), (28 bytes).
    Removing tasks.o(i.vTaskEndScheduler), (64 bytes).
    Removing tasks.o(i.vTaskGenericNotifyGiveFromISR), (348 bytes).
    Removing tasks.o(i.vTaskInternalSetTimeOutState), (24 bytes).
    Removing tasks.o(i.vTaskMissedYield), (12 bytes).
    Removing tasks.o(i.vTaskPlaceOnEventList), (32 bytes).
    Removing tasks.o(i.vTaskPlaceOnUnorderedEventList), (84 bytes).
    Removing tasks.o(i.vTaskPrioritySet), (304 bytes).
    Removing tasks.o(i.vTaskRemoveFromUnorderedEventList), (224 bytes).
    Removing tasks.o(i.vTaskResetState), (116 bytes).
    Removing tasks.o(i.vTaskSetTaskNumber), (8 bytes).
    Removing tasks.o(i.vTaskSetTimeOutState), (36 bytes).
    Removing tasks.o(i.xTaskCatchUpTicks), (40 bytes).
    Removing tasks.o(i.xTaskCheckForTimeOut), (96 bytes).
    Removing tasks.o(i.xTaskDelayUntil), (116 bytes).
    Removing tasks.o(i.xTaskGenericNotify), (348 bytes).
    Removing tasks.o(i.xTaskGenericNotifyFromISR), (516 bytes).
    Removing tasks.o(i.xTaskGenericNotifyStateClear), (64 bytes).
    Removing tasks.o(i.xTaskGenericNotifyWait), (220 bytes).
    Removing tasks.o(i.xTaskGetCurrentTaskHandle), (12 bytes).
    Removing tasks.o(i.xTaskGetCurrentTaskHandleForCore), (32 bytes).
    Removing tasks.o(i.xTaskGetTickCount), (12 bytes).
    Removing tasks.o(i.xTaskGetTickCountFromISR), (12 bytes).
    Removing tasks.o(i.xTaskRemoveFromEventList), (280 bytes).
    Removing tasks.o(i.xTaskResumeFromISR), (220 bytes).
    Removing heap_4.o(i.pvPortCalloc), (54 bytes).
    Removing heap_4.o(i.vPortGetHeapStats), (128 bytes).
    Removing heap_4.o(i.vPortHeapResetState), (44 bytes).
    Removing heap_4.o(i.vPortInitialiseBlocks), (2 bytes).
    Removing heap_4.o(i.xPortGetFreeHeapSize), (12 bytes).
    Removing heap_4.o(i.xPortGetMinimumEverFreeHeapSize), (12 bytes).
    Removing heap_4.o(i.xPortResetHeapMinimumEverFreeHeapSize), (20 bytes).
    Removing port.o(i.vPortEndScheduler), (2 bytes).
    Removing freertos_demo.o(.rev16_text), (4 bytes).
    Removing freertos_demo.o(.revsh_text), (4 bytes).
    Removing freertos_demo.o(.rrx_text), (6 bytes).
    Removing dadd.o(.text), (334 bytes).
    Removing dmul.o(.text), (228 bytes).
    Removing ddiv.o(.text), (222 bytes).
    Removing dfixul.o(.text), (48 bytes).
    Removing cdrcmple.o(.text), (48 bytes).
    Removing depilogue.o(.text), (186 bytes).

500 unused section(s) (total 45478 bytes) removed from the image.

==============================================================================

Image Symbol Table

    Local Symbols

    Symbol Name                              Value     Ov Type        Size  Object(Section)

    ../Core/Src/gpio.c                       0x00000000   Number         0  gpio.o ABSOLUTE
    ../Core/Src/main.c                       0x00000000   Number         0  main.o ABSOLUTE
    ../Core/Src/stm32f1xx_hal_msp.c          0x00000000   Number         0  stm32f1xx_hal_msp.o ABSOLUTE
    ../Core/Src/stm32f1xx_hal_timebase_tim.c 0x00000000   Number         0  stm32f1xx_hal_timebase_tim.o ABSOLUTE
    ../Core/Src/stm32f1xx_it.c               0x00000000   Number         0  stm32f1xx_it.o ABSOLUTE
    ../Core/Src/system_stm32f1xx.c           0x00000000   Number         0  system_stm32f1xx.o ABSOLUTE
    ../Core/Src/usart.c                      0x00000000   Number         0  usart.o ABSOLUTE
    ../Drivers/STM32F1xx_HAL_Driver/Src/stm32f1xx_hal.c 0x00000000   Number         0  stm32f1xx_hal.o ABSOLUTE
    ../Drivers/STM32F1xx_HAL_Driver/Src/stm32f1xx_hal_cortex.c 0x00000000   Number         0  stm32f1xx_hal_cortex.o ABSOLUTE
    ../Drivers/STM32F1xx_HAL_Driver/Src/stm32f1xx_hal_dma.c 0x00000000   Number         0  stm32f1xx_hal_dma.o ABSOLUTE
    ../Drivers/STM32F1xx_HAL_Driver/Src/stm32f1xx_hal_exti.c 0x00000000   Number         0  stm32f1xx_hal_exti.o ABSOLUTE
    ../Drivers/STM32F1xx_HAL_Driver/Src/stm32f1xx_hal_flash.c 0x00000000   Number         0  stm32f1xx_hal_flash.o ABSOLUTE
    ../Drivers/STM32F1xx_HAL_Driver/Src/stm32f1xx_hal_flash_ex.c 0x00000000   Number         0  stm32f1xx_hal_flash_ex.o ABSOLUTE
    ../Drivers/STM32F1xx_HAL_Driver/Src/stm32f1xx_hal_gpio.c 0x00000000   Number         0  stm32f1xx_hal_gpio.o ABSOLUTE
    ../Drivers/STM32F1xx_HAL_Driver/Src/stm32f1xx_hal_gpio_ex.c 0x00000000   Number         0  stm32f1xx_hal_gpio_ex.o ABSOLUTE
    ../Drivers/STM32F1xx_HAL_Driver/Src/stm32f1xx_hal_pwr.c 0x00000000   Number         0  stm32f1xx_hal_pwr.o ABSOLUTE
    ../Drivers/STM32F1xx_HAL_Driver/Src/stm32f1xx_hal_rcc.c 0x00000000   Number         0  stm32f1xx_hal_rcc.o ABSOLUTE
    ../Drivers/STM32F1xx_HAL_Driver/Src/stm32f1xx_hal_rcc_ex.c 0x00000000   Number         0  stm32f1xx_hal_rcc_ex.o ABSOLUTE
    ../Drivers/STM32F1xx_HAL_Driver/Src/stm32f1xx_hal_tim.c 0x00000000   Number         0  stm32f1xx_hal_tim.o ABSOLUTE
    ../Drivers/STM32F1xx_HAL_Driver/Src/stm32f1xx_hal_tim_ex.c 0x00000000   Number         0  stm32f1xx_hal_tim_ex.o ABSOLUTE
    ../Drivers/STM32F1xx_HAL_Driver/Src/stm32f1xx_hal_uart.c 0x00000000   Number         0  stm32f1xx_hal_uart.o ABSOLUTE
    ../clib/microlib/division.c              0x00000000   Number         0  uldiv.o ABSOLUTE
    ../clib/microlib/division.c              0x00000000   Number         0  uidiv.o ABSOLUTE
    ../clib/microlib/init/entry.s            0x00000000   Number         0  entry7b.o ABSOLUTE
    ../clib/microlib/init/entry.s            0x00000000   Number         0  entry8a.o ABSOLUTE
    ../clib/microlib/init/entry.s            0x00000000   Number         0  entry9b.o ABSOLUTE
    ../clib/microlib/init/entry.s            0x00000000   Number         0  entry9a.o ABSOLUTE
    ../clib/microlib/init/entry.s            0x00000000   Number         0  entry2.o ABSOLUTE
    ../clib/microlib/init/entry.s            0x00000000   Number         0  entry.o ABSOLUTE
    ../clib/microlib/init/entry.s            0x00000000   Number         0  entry10a.o ABSOLUTE
    ../clib/microlib/init/entry.s            0x00000000   Number         0  entry11b.o ABSOLUTE
    ../clib/microlib/init/entry.s            0x00000000   Number         0  entry11a.o ABSOLUTE
    ../clib/microlib/init/entry.s            0x00000000   Number         0  entry8b.o ABSOLUTE
    ../clib/microlib/init/entry.s            0x00000000   Number         0  entry5.o ABSOLUTE
    ../clib/microlib/init/entry.s            0x00000000   Number         0  entry7a.o ABSOLUTE
    ../clib/microlib/init/entry.s            0x00000000   Number         0  entry10b.o ABSOLUTE
    ../clib/microlib/longlong.c              0x00000000   Number         0  llsshr.o ABSOLUTE
    ../clib/microlib/longlong.c              0x00000000   Number         0  llshl.o ABSOLUTE
    ../clib/microlib/longlong.c              0x00000000   Number         0  llushr.o ABSOLUTE
    ../clib/microlib/printf/printf.c         0x00000000   Number         0  printfa.o ABSOLUTE
    ../clib/microlib/printf/printf.c         0x00000000   Number         0  printf2.o ABSOLUTE
    ../clib/microlib/printf/printf.c         0x00000000   Number         0  printf0.o ABSOLUTE
    ../clib/microlib/printf/printf.c         0x00000000   Number         0  printf1.o ABSOLUTE
    ../clib/microlib/printf/printf.c         0x00000000   Number         0  printf7.o ABSOLUTE
    ../clib/microlib/printf/printf.c         0x00000000   Number         0  printf3.o ABSOLUTE
    ../clib/microlib/printf/printf.c         0x00000000   Number         0  printfb.o ABSOLUTE
    ../clib/microlib/printf/printf.c         0x00000000   Number         0  printf4.o ABSOLUTE
    ../clib/microlib/printf/printf.c         0x00000000   Number         0  printf6.o ABSOLUTE
    ../clib/microlib/printf/printf.c         0x00000000   Number         0  printf8.o ABSOLUTE
    ../clib/microlib/printf/printf.c         0x00000000   Number         0  printf5.o ABSOLUTE
    ../clib/microlib/printf/stubs.s          0x00000000   Number         0  stubs.o ABSOLUTE
    ../clib/microlib/stdio/streams.c         0x00000000   Number         0  stdout.o ABSOLUTE
    ../clib/microlib/string/memcpy.c         0x00000000   Number         0  memcpyb.o ABSOLUTE
    ../clib/microlib/string/memcpy.c         0x00000000   Number         0  memcpya.o ABSOLUTE
    ../clib/microlib/string/memset.c         0x00000000   Number         0  memseta.o ABSOLUTE
    ../clib/microlib/string/strcpy.c         0x00000000   Number         0  strcpy.o ABSOLUTE
    ../clib/microlib/string/strlen.c         0x00000000   Number         0  strlen.o ABSOLUTE
    ../clib/microlib/stubs.s                 0x00000000   Number         0  iusefp.o ABSOLUTE
    ../fplib/microlib/fpadd.c                0x00000000   Number         0  dadd.o ABSOLUTE
    ../fplib/microlib/fpdiv.c                0x00000000   Number         0  ddiv.o ABSOLUTE
    ../fplib/microlib/fpepilogue.c           0x00000000   Number         0  depilogue.o ABSOLUTE
    ../fplib/microlib/fpfix.c                0x00000000   Number         0  dfixul.o ABSOLUTE
    ../fplib/microlib/fpmul.c                0x00000000   Number         0  dmul.o ABSOLUTE
    ..\Core\Src\gpio.c                       0x00000000   Number         0  gpio.o ABSOLUTE
    ..\Core\Src\main.c                       0x00000000   Number         0  main.o ABSOLUTE
    ..\Core\Src\stm32f1xx_hal_msp.c          0x00000000   Number         0  stm32f1xx_hal_msp.o ABSOLUTE
    ..\Core\Src\stm32f1xx_hal_timebase_tim.c 0x00000000   Number         0  stm32f1xx_hal_timebase_tim.o ABSOLUTE
    ..\Core\Src\stm32f1xx_it.c               0x00000000   Number         0  stm32f1xx_it.o ABSOLUTE
    ..\Core\Src\system_stm32f1xx.c           0x00000000   Number         0  system_stm32f1xx.o ABSOLUTE
    ..\Core\Src\tim.c                        0x00000000   Number         0  tim.o ABSOLUTE
    ..\Core\Src\usart.c                      0x00000000   Number         0  usart.o ABSOLUTE
    ..\Drivers\STM32F1xx_HAL_Driver\Src\stm32f1xx_hal.c 0x00000000   Number         0  stm32f1xx_hal.o ABSOLUTE
    ..\Drivers\STM32F1xx_HAL_Driver\Src\stm32f1xx_hal_cortex.c 0x00000000   Number         0  stm32f1xx_hal_cortex.o ABSOLUTE
    ..\Drivers\STM32F1xx_HAL_Driver\Src\stm32f1xx_hal_dma.c 0x00000000   Number         0  stm32f1xx_hal_dma.o ABSOLUTE
    ..\Drivers\STM32F1xx_HAL_Driver\Src\stm32f1xx_hal_exti.c 0x00000000   Number         0  stm32f1xx_hal_exti.o ABSOLUTE
    ..\Drivers\STM32F1xx_HAL_Driver\Src\stm32f1xx_hal_flash.c 0x00000000   Number         0  stm32f1xx_hal_flash.o ABSOLUTE
    ..\Drivers\STM32F1xx_HAL_Driver\Src\stm32f1xx_hal_flash_ex.c 0x00000000   Number         0  stm32f1xx_hal_flash_ex.o ABSOLUTE
    ..\Drivers\STM32F1xx_HAL_Driver\Src\stm32f1xx_hal_gpio.c 0x00000000   Number         0  stm32f1xx_hal_gpio.o ABSOLUTE
    ..\Drivers\STM32F1xx_HAL_Driver\Src\stm32f1xx_hal_gpio_ex.c 0x00000000   Number         0  stm32f1xx_hal_gpio_ex.o ABSOLUTE
    ..\Drivers\STM32F1xx_HAL_Driver\Src\stm32f1xx_hal_pwr.c 0x00000000   Number         0  stm32f1xx_hal_pwr.o ABSOLUTE
    ..\Drivers\STM32F1xx_HAL_Driver\Src\stm32f1xx_hal_rcc.c 0x00000000   Number         0  stm32f1xx_hal_rcc.o ABSOLUTE
    ..\Drivers\STM32F1xx_HAL_Driver\Src\stm32f1xx_hal_rcc_ex.c 0x00000000   Number         0  stm32f1xx_hal_rcc_ex.o ABSOLUTE
    ..\Drivers\STM32F1xx_HAL_Driver\Src\stm32f1xx_hal_tim.c 0x00000000   Number         0  stm32f1xx_hal_tim.o ABSOLUTE
    ..\Drivers\STM32F1xx_HAL_Driver\Src\stm32f1xx_hal_tim_ex.c 0x00000000   Number         0  stm32f1xx_hal_tim_ex.o ABSOLUTE
    ..\Drivers\STM32F1xx_HAL_Driver\Src\stm32f1xx_hal_uart.c 0x00000000   Number         0  stm32f1xx_hal_uart.o ABSOLUTE
    ..\MiddleWare\FreeRTOS\Portable\heap_4.c 0x00000000   Number         0  heap_4.o ABSOLUTE
    ..\MiddleWare\FreeRTOS\Portable\port.c   0x00000000   Number         0  port.o ABSOLUTE
    ..\MiddleWare\FreeRTOS\Src\croutine.c    0x00000000   Number         0  croutine.o ABSOLUTE
    ..\MiddleWare\FreeRTOS\Src\event_groups.c 0x00000000   Number         0  event_groups.o ABSOLUTE
    ..\MiddleWare\FreeRTOS\Src\list.c        0x00000000   Number         0  list.o ABSOLUTE
    ..\MiddleWare\FreeRTOS\Src\queue.c       0x00000000   Number         0  queue.o ABSOLUTE
    ..\MiddleWare\FreeRTOS\Src\stream_buffer.c 0x00000000   Number         0  stream_buffer.o ABSOLUTE
    ..\MiddleWare\FreeRTOS\Src\tasks.c       0x00000000   Number         0  tasks.o ABSOLUTE
    ..\MiddleWare\FreeRTOS\Src\timers.c      0x00000000   Number         0  timers.o ABSOLUTE
    ..\\Core\\Src\\tim.c                     0x00000000   Number         0  tim.o ABSOLUTE
    ..\\MiddleWare\\FreeRTOS\\Portable\\port.c 0x00000000   Number         0  port.o ABSOLUTE
    Hardware\Src\FreeRTOS_demo.c             0x00000000   Number         0  freertos_demo.o ABSOLUTE
    Hardware\\Src\\FreeRTOS_demo.c           0x00000000   Number         0  freertos_demo.o ABSOLUTE
    cdrcmple.s                               0x00000000   Number         0  cdrcmple.o ABSOLUTE
    dc.s                                     0x00000000   Number         0  dc.o ABSOLUTE
    handlers.s                               0x00000000   Number         0  handlers.o ABSOLUTE
    init.s                                   0x00000000   Number         0  init.o ABSOLUTE
    startup_stm32f103xe.s                    0x00000000   Number         0  startup_stm32f103xe.o ABSOLUTE
    RESET                                    0x08000000   Section      304  startup_stm32f103xe.o(RESET)
    .ARM.Collect$$$$00000000                 0x08000130   Section        0  entry.o(.ARM.Collect$$$$00000000)
    .ARM.Collect$$$$00000001                 0x08000130   Section        4  entry2.o(.ARM.Collect$$$$00000001)
    .ARM.Collect$$$$00000004                 0x08000134   Section        4  entry5.o(.ARM.Collect$$$$00000004)
    .ARM.Collect$$$$00000008                 0x08000138   Section        0  entry7b.o(.ARM.Collect$$$$00000008)
    .ARM.Collect$$$$0000000A                 0x08000138   Section        0  entry8b.o(.ARM.Collect$$$$0000000A)
    .ARM.Collect$$$$0000000B                 0x08000138   Section        8  entry9a.o(.ARM.Collect$$$$0000000B)
    .ARM.Collect$$$$0000000D                 0x08000140   Section        0  entry10a.o(.ARM.Collect$$$$0000000D)
    .ARM.Collect$$$$0000000F                 0x08000140   Section        0  entry11a.o(.ARM.Collect$$$$0000000F)
    .ARM.Collect$$$$00002712                 0x08000140   Section        4  entry2.o(.ARM.Collect$$$$00002712)
    __lit__00000000                          0x08000140   Data           4  entry2.o(.ARM.Collect$$$$00002712)
    .emb_text                                0x08000144   Section      150  port.o(.emb_text)
    .text                                    0x080001dc   Section       36  startup_stm32f103xe.o(.text)
    .text                                    0x08000200   Section        0  memseta.o(.text)
    .text                                    0x08000224   Section        0  strlen.o(.text)
    .text                                    0x08000232   Section        0  strcpy.o(.text)
    .text                                    0x08000244   Section        0  uidiv.o(.text)
    .text                                    0x08000270   Section       36  init.o(.text)
    i.BusFault_Handler                       0x08000294   Section        0  stm32f1xx_it.o(i.BusFault_Handler)
    i.DebugMon_Handler                       0x08000298   Section        0  stm32f1xx_it.o(i.DebugMon_Handler)
    i.Error_Handler                          0x0800029a   Section        0  main.o(i.Error_Handler)
    i.FreeRTOS_Start                         0x080002a0   Section        0  freertos_demo.o(i.FreeRTOS_Start)
    i.HAL_DMA_Abort                          0x080002d8   Section        0  stm32f1xx_hal_dma.o(i.HAL_DMA_Abort)
    i.HAL_DMA_Abort_IT                       0x08000330   Section        0  stm32f1xx_hal_dma.o(i.HAL_DMA_Abort_IT)
    i.HAL_Delay                              0x080004d8   Section        0  stm32f1xx_hal.o(i.HAL_Delay)
    i.HAL_GPIO_Init                          0x08000500   Section        0  stm32f1xx_hal_gpio.o(i.HAL_GPIO_Init)
    i.HAL_GPIO_ReadPin                       0x08000840   Section        0  stm32f1xx_hal_gpio.o(i.HAL_GPIO_ReadPin)
    i.HAL_GPIO_TogglePin                     0x08000850   Section        0  stm32f1xx_hal_gpio.o(i.HAL_GPIO_TogglePin)
    i.HAL_GPIO_WritePin                      0x08000864   Section        0  stm32f1xx_hal_gpio.o(i.HAL_GPIO_WritePin)
    i.HAL_GetTick                            0x08000870   Section        0  stm32f1xx_hal.o(i.HAL_GetTick)
    i.HAL_IncTick                            0x0800087c   Section        0  stm32f1xx_hal.o(i.HAL_IncTick)
    i.HAL_Init                               0x08000894   Section        0  stm32f1xx_hal.o(i.HAL_Init)
    i.HAL_InitTick                           0x080008bc   Section        0  stm32f1xx_hal_timebase_tim.o(i.HAL_InitTick)
    i.HAL_MspInit                            0x08000970   Section        0  stm32f1xx_hal_msp.o(i.HAL_MspInit)
    i.HAL_NVIC_EnableIRQ                     0x080009c4   Section        0  stm32f1xx_hal_cortex.o(i.HAL_NVIC_EnableIRQ)
    i.HAL_NVIC_SetPriority                   0x080009e4   Section        0  stm32f1xx_hal_cortex.o(i.HAL_NVIC_SetPriority)
    i.HAL_NVIC_SetPriorityGrouping           0x08000a60   Section        0  stm32f1xx_hal_cortex.o(i.HAL_NVIC_SetPriorityGrouping)
    i.HAL_RCC_ClockConfig                    0x08000a88   Section        0  stm32f1xx_hal_rcc.o(i.HAL_RCC_ClockConfig)
    i.HAL_RCC_GetClockConfig                 0x08000c14   Section        0  stm32f1xx_hal_rcc.o(i.HAL_RCC_GetClockConfig)
    i.HAL_RCC_GetHCLKFreq                    0x08000c58   Section        0  stm32f1xx_hal_rcc.o(i.HAL_RCC_GetHCLKFreq)
    i.HAL_RCC_GetPCLK1Freq                   0x08000c64   Section        0  stm32f1xx_hal_rcc.o(i.HAL_RCC_GetPCLK1Freq)
    i.HAL_RCC_GetPCLK2Freq                   0x08000c84   Section        0  stm32f1xx_hal_rcc.o(i.HAL_RCC_GetPCLK2Freq)
    i.HAL_RCC_GetSysClockFreq                0x08000ca4   Section        0  stm32f1xx_hal_rcc.o(i.HAL_RCC_GetSysClockFreq)
    i.HAL_RCC_OscConfig                      0x08000d14   Section        0  stm32f1xx_hal_rcc.o(i.HAL_RCC_OscConfig)
    i.HAL_TIMEx_BreakCallback                0x08001178   Section        0  stm32f1xx_hal_tim_ex.o(i.HAL_TIMEx_BreakCallback)
    i.HAL_TIMEx_CommutCallback               0x0800117a   Section        0  stm32f1xx_hal_tim_ex.o(i.HAL_TIMEx_CommutCallback)
    i.HAL_TIMEx_MasterConfigSynchronization  0x0800117c   Section        0  stm32f1xx_hal_tim_ex.o(i.HAL_TIMEx_MasterConfigSynchronization)
    i.HAL_TIM_Base_Init                      0x08001218   Section        0  stm32f1xx_hal_tim.o(i.HAL_TIM_Base_Init)
    i.HAL_TIM_Base_MspInit                   0x08001280   Section        0  tim.o(i.HAL_TIM_Base_MspInit)
    i.HAL_TIM_Base_Start_IT                  0x080012f8   Section        0  stm32f1xx_hal_tim.o(i.HAL_TIM_Base_Start_IT)
    i.HAL_TIM_ConfigClockSource              0x08001388   Section        0  stm32f1xx_hal_tim.o(i.HAL_TIM_ConfigClockSource)
    i.HAL_TIM_IC_CaptureCallback             0x08001494   Section        0  stm32f1xx_hal_tim.o(i.HAL_TIM_IC_CaptureCallback)
    i.HAL_TIM_IRQHandler                     0x08001496   Section        0  stm32f1xx_hal_tim.o(i.HAL_TIM_IRQHandler)
    i.HAL_TIM_OC_DelayElapsedCallback        0x08001602   Section        0  stm32f1xx_hal_tim.o(i.HAL_TIM_OC_DelayElapsedCallback)
    i.HAL_TIM_PWM_PulseFinishedCallback      0x08001604   Section        0  stm32f1xx_hal_tim.o(i.HAL_TIM_PWM_PulseFinishedCallback)
    i.HAL_TIM_PeriodElapsedCallback          0x08001608   Section        0  main.o(i.HAL_TIM_PeriodElapsedCallback)
    i.HAL_TIM_TriggerCallback                0x08001620   Section        0  stm32f1xx_hal_tim.o(i.HAL_TIM_TriggerCallback)
    i.HAL_UARTEx_RxEventCallback             0x08001622   Section        0  stm32f1xx_hal_uart.o(i.HAL_UARTEx_RxEventCallback)
    i.HAL_UART_ErrorCallback                 0x08001624   Section        0  stm32f1xx_hal_uart.o(i.HAL_UART_ErrorCallback)
    i.HAL_UART_IRQHandler                    0x08001628   Section        0  stm32f1xx_hal_uart.o(i.HAL_UART_IRQHandler)
    i.HAL_UART_Init                          0x0800190c   Section        0  stm32f1xx_hal_uart.o(i.HAL_UART_Init)
    i.HAL_UART_MspInit                       0x08001984   Section        0  usart.o(i.HAL_UART_MspInit)
    i.HAL_UART_RxCpltCallback                0x08001a1c   Section        0  stm32f1xx_hal_uart.o(i.HAL_UART_RxCpltCallback)
    i.HAL_UART_Transmit                      0x08001a1e   Section        0  stm32f1xx_hal_uart.o(i.HAL_UART_Transmit)
    i.HAL_UART_TxCpltCallback                0x08001adc   Section        0  stm32f1xx_hal_uart.o(i.HAL_UART_TxCpltCallback)
    i.HardFault_Handler                      0x08001ade   Section        0  stm32f1xx_it.o(i.HardFault_Handler)
    i.Key_Scan                               0x08001ae4   Section        0  freertos_demo.o(i.Key_Scan)
    i.MX_GPIO_Init                           0x08001b7c   Section        0  gpio.o(i.MX_GPIO_Init)
    i.MX_TIM2_Init                           0x08001c54   Section        0  tim.o(i.MX_TIM2_Init)
    i.MX_TIM3_Init                           0x08001cc0   Section        0  tim.o(i.MX_TIM3_Init)
    i.MX_USART1_UART_Init                    0x08001d30   Section        0  usart.o(i.MX_USART1_UART_Init)
    i.MemManage_Handler                      0x08001d68   Section        0  stm32f1xx_it.o(i.MemManage_Handler)
    i.NMI_Handler                            0x08001d6c   Section        0  stm32f1xx_it.o(i.NMI_Handler)
    i.RCC_Delay                              0x08001d70   Section        0  stm32f1xx_hal_rcc.o(i.RCC_Delay)
    RCC_Delay                                0x08001d71   Thumb Code    36  stm32f1xx_hal_rcc.o(i.RCC_Delay)
    i.SysTick_Handler                        0x08001d98   Section        0  stm32f1xx_it.o(i.SysTick_Handler)
    i.SystemClock_Config                     0x08001da8   Section        0  main.o(i.SystemClock_Config)
    i.SystemInit                             0x08001e0e   Section        0  system_stm32f1xx.o(i.SystemInit)
    i.TIM2_IRQHandler                        0x08001e10   Section        0  stm32f1xx_it.o(i.TIM2_IRQHandler)
    i.TIM3_IRQHandler                        0x08001e20   Section        0  stm32f1xx_it.o(i.TIM3_IRQHandler)
    i.TIM7_IRQHandler                        0x08001e30   Section        0  stm32f1xx_it.o(i.TIM7_IRQHandler)
    i.TIM_Base_SetConfig                     0x08001e40   Section        0  stm32f1xx_hal_tim.o(i.TIM_Base_SetConfig)
    i.TIM_ETR_SetConfig                      0x08001eec   Section        0  stm32f1xx_hal_tim.o(i.TIM_ETR_SetConfig)
    i.TIM_ITRx_SetConfig                     0x08001f02   Section        0  stm32f1xx_hal_tim.o(i.TIM_ITRx_SetConfig)
    TIM_ITRx_SetConfig                       0x08001f03   Thumb Code    18  stm32f1xx_hal_tim.o(i.TIM_ITRx_SetConfig)
    i.TIM_TI1_ConfigInputStage               0x08001f14   Section        0  stm32f1xx_hal_tim.o(i.TIM_TI1_ConfigInputStage)
    TIM_TI1_ConfigInputStage                 0x08001f15   Thumb Code    38  stm32f1xx_hal_tim.o(i.TIM_TI1_ConfigInputStage)
    i.TIM_TI2_ConfigInputStage               0x08001f3a   Section        0  stm32f1xx_hal_tim.o(i.TIM_TI2_ConfigInputStage)
    TIM_TI2_ConfigInputStage                 0x08001f3b   Thumb Code    40  stm32f1xx_hal_tim.o(i.TIM_TI2_ConfigInputStage)
    i.UART_DMAAbortOnError                   0x08001f62   Section        0  stm32f1xx_hal_uart.o(i.UART_DMAAbortOnError)
    UART_DMAAbortOnError                     0x08001f63   Thumb Code    20  stm32f1xx_hal_uart.o(i.UART_DMAAbortOnError)
    i.UART_EndRxTransfer                     0x08001f76   Section        0  stm32f1xx_hal_uart.o(i.UART_EndRxTransfer)
    UART_EndRxTransfer                       0x08001f77   Thumb Code   108  stm32f1xx_hal_uart.o(i.UART_EndRxTransfer)
    i.UART_EndTransmit_IT                    0x08001fe2   Section        0  stm32f1xx_hal_uart.o(i.UART_EndTransmit_IT)
    UART_EndTransmit_IT                      0x08001fe3   Thumb Code    32  stm32f1xx_hal_uart.o(i.UART_EndTransmit_IT)
    i.UART_Receive_IT                        0x08002002   Section        0  stm32f1xx_hal_uart.o(i.UART_Receive_IT)
    UART_Receive_IT                          0x08002003   Thumb Code   252  stm32f1xx_hal_uart.o(i.UART_Receive_IT)
    i.UART_SetConfig                         0x08002100   Section        0  stm32f1xx_hal_uart.o(i.UART_SetConfig)
    UART_SetConfig                           0x08002101   Thumb Code   248  stm32f1xx_hal_uart.o(i.UART_SetConfig)
    i.UART_Transmit_IT                       0x080021fc   Section        0  stm32f1xx_hal_uart.o(i.UART_Transmit_IT)
    UART_Transmit_IT                         0x080021fd   Thumb Code    96  stm32f1xx_hal_uart.o(i.UART_Transmit_IT)
    i.UART_WaitOnFlagUntilTimeout            0x0800225c   Section        0  stm32f1xx_hal_uart.o(i.UART_WaitOnFlagUntilTimeout)
    UART_WaitOnFlagUntilTimeout              0x0800225d   Thumb Code   140  stm32f1xx_hal_uart.o(i.UART_WaitOnFlagUntilTimeout)
    i.USART1_IRQHandler                      0x080022e8   Section        0  stm32f1xx_it.o(i.USART1_IRQHandler)
    i.UsageFault_Handler                     0x080022f8   Section        0  stm32f1xx_it.o(i.UsageFault_Handler)
    i.__0printf$6                            0x080022fc   Section        0  printf6.o(i.__0printf$6)
    i.__0snprintf$6                          0x0800231c   Section        0  printf6.o(i.__0snprintf$6)
    i.__NVIC_GetPriorityGrouping             0x0800234c   Section        0  stm32f1xx_hal_cortex.o(i.__NVIC_GetPriorityGrouping)
    __NVIC_GetPriorityGrouping               0x0800234d   Thumb Code    10  stm32f1xx_hal_cortex.o(i.__NVIC_GetPriorityGrouping)
    i.__NVIC_SetPriority                     0x0800235c   Section        0  stm32f1xx_hal_cortex.o(i.__NVIC_SetPriority)
    __NVIC_SetPriority                       0x0800235d   Thumb Code    32  stm32f1xx_hal_cortex.o(i.__NVIC_SetPriority)
    i.__scatterload_copy                     0x08002384   Section       14  handlers.o(i.__scatterload_copy)
    i.__scatterload_null                     0x08002392   Section        2  handlers.o(i.__scatterload_null)
    i.__scatterload_zeroinit                 0x08002394   Section       14  handlers.o(i.__scatterload_zeroinit)
    i._printf_core                           0x080023a4   Section        0  printf6.o(i._printf_core)
    _printf_core                             0x080023a5   Thumb Code   748  printf6.o(i._printf_core)
    i._printf_post_padding                   0x08002694   Section        0  printf6.o(i._printf_post_padding)
    _printf_post_padding                     0x08002695   Thumb Code    36  printf6.o(i._printf_post_padding)
    i._printf_pre_padding                    0x080026b8   Section        0  printf6.o(i._printf_pre_padding)
    _printf_pre_padding                      0x080026b9   Thumb Code    46  printf6.o(i._printf_pre_padding)
    i._snputc                                0x080026e6   Section        0  printf6.o(i._snputc)
    _snputc                                  0x080026e7   Thumb Code    22  printf6.o(i._snputc)
    i.eTaskGetState                          0x080026fc   Section        0  tasks.o(i.eTaskGetState)
    i.fputc                                  0x08002798   Section        0  main.o(i.fputc)
    i.main                                   0x080027b4   Section        0  main.o(i.main)
    i.prvAddCurrentTaskToDelayedList         0x080027f8   Section        0  tasks.o(i.prvAddCurrentTaskToDelayedList)
    prvAddCurrentTaskToDelayedList           0x080027f9   Thumb Code   174  tasks.o(i.prvAddCurrentTaskToDelayedList)
    i.prvAddNewTaskToReadyList               0x080028c4   Section        0  tasks.o(i.prvAddNewTaskToReadyList)
    prvAddNewTaskToReadyList                 0x080028c5   Thumb Code   218  tasks.o(i.prvAddNewTaskToReadyList)
    i.prvCheckTasksWaitingTermination        0x080029bc   Section        0  tasks.o(i.prvCheckTasksWaitingTermination)
    prvCheckTasksWaitingTermination          0x080029bd   Thumb Code    60  tasks.o(i.prvCheckTasksWaitingTermination)
    i.prvCreateIdleTasks                     0x08002a04   Section        0  tasks.o(i.prvCreateIdleTasks)
    prvCreateIdleTasks                       0x08002a05   Thumb Code   104  tasks.o(i.prvCreateIdleTasks)
    i.prvCreateTask                          0x08002a7c   Section        0  tasks.o(i.prvCreateTask)
    prvCreateTask                            0x08002a7d   Thumb Code    90  tasks.o(i.prvCreateTask)
    i.prvDeleteTCB                           0x08002ad6   Section        0  tasks.o(i.prvDeleteTCB)
    prvDeleteTCB                             0x08002ad7   Thumb Code    18  tasks.o(i.prvDeleteTCB)
    i.prvHeapInit                            0x08002ae8   Section        0  heap_4.o(i.prvHeapInit)
    prvHeapInit                              0x08002ae9   Thumb Code    88  heap_4.o(i.prvHeapInit)
    i.prvIdleTask                            0x08002b54   Section        0  tasks.o(i.prvIdleTask)
    prvIdleTask                              0x08002b55   Thumb Code    32  tasks.o(i.prvIdleTask)
    i.prvInitialiseNewTask                   0x08002b7c   Section        0  tasks.o(i.prvInitialiseNewTask)
    prvInitialiseNewTask                     0x08002b7d   Thumb Code   136  tasks.o(i.prvInitialiseNewTask)
    i.prvInitialiseTaskLists                 0x08002c04   Section        0  tasks.o(i.prvInitialiseTaskLists)
    prvInitialiseTaskLists                   0x08002c05   Thumb Code    70  tasks.o(i.prvInitialiseTaskLists)
    i.prvInsertBlockIntoFreeList             0x08002c6c   Section        0  heap_4.o(i.prvInsertBlockIntoFreeList)
    prvInsertBlockIntoFreeList               0x08002c6d   Thumb Code    96  heap_4.o(i.prvInsertBlockIntoFreeList)
    i.prvListTasksWithinSingleList           0x08002cd4   Section        0  tasks.o(i.prvListTasksWithinSingleList)
    prvListTasksWithinSingleList             0x08002cd5   Thumb Code    62  tasks.o(i.prvListTasksWithinSingleList)
    i.prvResetNextTaskUnblockTime            0x08002d14   Section        0  tasks.o(i.prvResetNextTaskUnblockTime)
    prvResetNextTaskUnblockTime              0x08002d15   Thumb Code    40  tasks.o(i.prvResetNextTaskUnblockTime)
    i.prvSnprintfReturnValueToCharsWritten   0x08002d44   Section        0  tasks.o(i.prvSnprintfReturnValueToCharsWritten)
    prvSnprintfReturnValueToCharsWritten     0x08002d45   Thumb Code    22  tasks.o(i.prvSnprintfReturnValueToCharsWritten)
    i.prvTaskCheckFreeStackSpace             0x08002d5a   Section        0  tasks.o(i.prvTaskCheckFreeStackSpace)
    prvTaskCheckFreeStackSpace               0x08002d5b   Thumb Code    20  tasks.o(i.prvTaskCheckFreeStackSpace)
    i.prvTaskExitError                       0x08002d6e   Section        0  port.o(i.prvTaskExitError)
    prvTaskExitError                         0x08002d6f   Thumb Code    22  port.o(i.prvTaskExitError)
    i.prvTaskIsTaskSuspended                 0x08002d84   Section        0  tasks.o(i.prvTaskIsTaskSuspended)
    prvTaskIsTaskSuspended                   0x08002d85   Thumb Code    86  tasks.o(i.prvTaskIsTaskSuspended)
    i.prvWriteNameToBuffer                   0x08002de4   Section        0  tasks.o(i.prvWriteNameToBuffer)
    prvWriteNameToBuffer                     0x08002de5   Thumb Code    42  tasks.o(i.prvWriteNameToBuffer)
    i.pvPortMalloc                           0x08002e10   Section        0  heap_4.o(i.pvPortMalloc)
    i.pxPortInitialiseStack                  0x08002f14   Section        0  port.o(i.pxPortInitialiseStack)
    i.start_task                             0x08002f38   Section        0  freertos_demo.o(i.start_task)
    i.start_task1                            0x08002fdc   Section        0  freertos_demo.o(i.start_task1)
    i.start_task2                            0x0800300c   Section        0  freertos_demo.o(i.start_task2)
    i.start_task3                            0x0800303c   Section        0  freertos_demo.o(i.start_task3)
    i.uxListRemove                           0x08003154   Section        0  list.o(i.uxListRemove)
    i.uxTaskGetSystemState                   0x0800317c   Section        0  tasks.o(i.uxTaskGetSystemState)
    i.vListInitialise                        0x0800322c   Section        0  list.o(i.vListInitialise)
    i.vListInitialiseItem                    0x08003246   Section        0  list.o(i.vListInitialiseItem)
    i.vListInsert                            0x0800324c   Section        0  list.o(i.vListInsert)
    i.vListInsertEnd                         0x08003280   Section        0  list.o(i.vListInsertEnd)
    i.vPortEnterCritical                     0x08003298   Section        0  port.o(i.vPortEnterCritical)
    i.vPortExitCritical                      0x080032bc   Section        0  port.o(i.vPortExitCritical)
    i.vPortFree                              0x080032dc   Section        0  heap_4.o(i.vPortFree)
    i.vPortSetupTimerInterrupt               0x08003328   Section        0  port.o(i.vPortSetupTimerInterrupt)
    i.vTaskDelay                             0x08003340   Section        0  tasks.o(i.vTaskDelay)
    i.vTaskDelete                            0x08003374   Section        0  tasks.o(i.vTaskDelete)
    i.vTaskGetInfo                           0x08003460   Section        0  tasks.o(i.vTaskGetInfo)
    i.vTaskListTasks                         0x0800352c   Section        0  tasks.o(i.vTaskListTasks)
    i.vTaskResume                            0x08003648   Section        0  tasks.o(i.vTaskResume)
    i.vTaskStartScheduler                    0x08003704   Section        0  tasks.o(i.vTaskStartScheduler)
    i.vTaskSuspend                           0x08003750   Section        0  tasks.o(i.vTaskSuspend)
    i.vTaskSuspendAll                        0x0800382c   Section        0  tasks.o(i.vTaskSuspendAll)
    i.vTaskSwitchContext                     0x0800383c   Section        0  tasks.o(i.vTaskSwitchContext)
    i.xPortStartScheduler                    0x080038a4   Section        0  port.o(i.xPortStartScheduler)
    i.xPortSysTickHandler                    0x080038d8   Section        0  port.o(i.xPortSysTickHandler)
    i.xTaskCreate                            0x0800390c   Section        0  tasks.o(i.xTaskCreate)
    i.xTaskGetSchedulerState                 0x08003944   Section        0  tasks.o(i.xTaskGetSchedulerState)
    i.xTaskIncrementTick                     0x08003964   Section        0  tasks.o(i.xTaskIncrementTick)
    i.xTaskResumeAll                         0x08003b04   Section        0  tasks.o(i.xTaskResumeAll)
    .constdata                               0x08003c7c   Section       18  stm32f1xx_hal_rcc.o(.constdata)
    aPLLMULFactorTable                       0x08003c7c   Data          16  stm32f1xx_hal_rcc.o(.constdata)
    aPredivFactorTable                       0x08003c8c   Data           2  stm32f1xx_hal_rcc.o(.constdata)
    .constdata                               0x08003c8e   Section       24  system_stm32f1xx.o(.constdata)
    .data                                    0x20000000   Section        9  stm32f1xx_hal.o(.data)
    .data                                    0x2000000c   Section        4  system_stm32f1xx.o(.data)
    .data                                    0x20000010   Section       64  tasks.o(.data)
    pxDelayedTaskList                        0x20000014   Data           4  tasks.o(.data)
    pxOverflowDelayedTaskList                0x20000018   Data           4  tasks.o(.data)
    uxDeletedTasksWaitingCleanUp             0x2000001c   Data           4  tasks.o(.data)
    uxCurrentNumberOfTasks                   0x20000020   Data           4  tasks.o(.data)
    xTickCount                               0x20000024   Data           4  tasks.o(.data)
    uxTopReadyPriority                       0x20000028   Data           4  tasks.o(.data)
    xSchedulerRunning                        0x2000002c   Data           4  tasks.o(.data)
    xPendedTicks                             0x20000030   Data           4  tasks.o(.data)
    xYieldPendings                           0x20000034   Data           4  tasks.o(.data)
    xNumOfOverflows                          0x20000038   Data           4  tasks.o(.data)
    uxTaskNumber                             0x2000003c   Data           4  tasks.o(.data)
    xNextTaskUnblockTime                     0x20000040   Data           4  tasks.o(.data)
    xIdleTaskHandles                         0x20000044   Data           4  tasks.o(.data)
    uxTopUsedPriority                        0x20000048   Data           4  tasks.o(.data)
    uxSchedulerSuspended                     0x2000004c   Data           4  tasks.o(.data)
    .data                                    0x20000050   Section       28  heap_4.o(.data)
    xStart                                   0x20000050   Data           8  heap_4.o(.data)
    pxEnd                                    0x20000058   Data           4  heap_4.o(.data)
    xFreeBytesRemaining                      0x2000005c   Data           4  heap_4.o(.data)
    xMinimumEverFreeBytesRemaining           0x20000060   Data           4  heap_4.o(.data)
    xNumberOfSuccessfulAllocations           0x20000064   Data           4  heap_4.o(.data)
    xNumberOfSuccessfulFrees                 0x20000068   Data           4  heap_4.o(.data)
    .data                                    0x2000006c   Section        4  port.o(.data)
    uxCriticalNesting                        0x2000006c   Data           4  port.o(.data)
    .data                                    0x20000070   Section       16  freertos_demo.o(.data)
    .data                                    0x20000080   Section        4  stdout.o(.data)
    .bss                                     0x20000084   Section       72  usart.o(.bss)
    .bss                                     0x200000cc   Section       72  stm32f1xx_hal_timebase_tim.o(.bss)
    .bss                                     0x20000114   Section      144  tim.o(.bss)
    .bss                                     0x200001a4   Section      200  tasks.o(.bss)
    pxReadyTasksLists                        0x200001a4   Data         100  tasks.o(.bss)
    xDelayedTaskList1                        0x20000208   Data          20  tasks.o(.bss)
    xDelayedTaskList2                        0x2000021c   Data          20  tasks.o(.bss)
    xPendingReadyList                        0x20000230   Data          20  tasks.o(.bss)
    xTasksWaitingTermination                 0x20000244   Data          20  tasks.o(.bss)
    xSuspendedTaskList                       0x20000258   Data          20  tasks.o(.bss)
    .bss                                     0x2000026c   Section    17408  heap_4.o(.bss)
    ucHeap                                   0x2000026c   Data       17408  heap_4.o(.bss)
    STACK                                    0x20004670   Section     1024  startup_stm32f103xe.o(STACK)

    Global Symbols

    Symbol Name                              Value     Ov Type        Size  Object(Section)

    BuildAttributes$$THM_ISAv4$P$D$K$B$S$PE$A:L22UL41UL21$X:L11$S22US41US21$IEEE1$IW$USESV6$~STKCKD$USESV7$~SHL$OSPACE$ROPI$EBA8$MICROLIB$REQ8$PRES8$EABIv2 0x00000000   Number         0  anon$$obj.o ABSOLUTE
    __ARM_use_no_argv                        0x00000000   Number         0  main.o ABSOLUTE
    _printf_a                                0x00000000   Number         0  stubs.o ABSOLUTE
    _printf_c                                0x00000000   Number         0  stubs.o ABSOLUTE
    _printf_charcount                        0x00000000   Number         0  stubs.o ABSOLUTE
    _printf_d                                0x00000000   Number         0  stubs.o ABSOLUTE
    _printf_e                                0x00000000   Number         0  stubs.o ABSOLUTE
    _printf_f                                0x00000000   Number         0  stubs.o ABSOLUTE
    _printf_flags                            0x00000000   Number         0  stubs.o ABSOLUTE
    _printf_fp_dec                           0x00000000   Number         0  stubs.o ABSOLUTE
    _printf_fp_hex                           0x00000000   Number         0  stubs.o ABSOLUTE
    _printf_g                                0x00000000   Number         0  stubs.o ABSOLUTE
    _printf_i                                0x00000000   Number         0  stubs.o ABSOLUTE
    _printf_int_dec                          0x00000000   Number         0  stubs.o ABSOLUTE
    _printf_l                                0x00000000   Number         0  stubs.o ABSOLUTE
    _printf_lc                               0x00000000   Number         0  stubs.o ABSOLUTE
    _printf_ll                               0x00000000   Number         0  stubs.o ABSOLUTE
    _printf_lld                              0x00000000   Number         0  stubs.o ABSOLUTE
    _printf_lli                              0x00000000   Number         0  stubs.o ABSOLUTE
    _printf_llo                              0x00000000   Number         0  stubs.o ABSOLUTE
    _printf_llu                              0x00000000   Number         0  stubs.o ABSOLUTE
    _printf_llx                              0x00000000   Number         0  stubs.o ABSOLUTE
    _printf_longlong_dec                     0x00000000   Number         0  stubs.o ABSOLUTE
    _printf_longlong_hex                     0x00000000   Number         0  stubs.o ABSOLUTE
    _printf_longlong_oct                     0x00000000   Number         0  stubs.o ABSOLUTE
    _printf_ls                               0x00000000   Number         0  stubs.o ABSOLUTE
    _printf_mbtowc                           0x00000000   Number         0  stubs.o ABSOLUTE
    _printf_n                                0x00000000   Number         0  stubs.o ABSOLUTE
    _printf_o                                0x00000000   Number         0  stubs.o ABSOLUTE
    _printf_p                                0x00000000   Number         0  stubs.o ABSOLUTE
    _printf_percent                          0x00000000   Number         0  stubs.o ABSOLUTE
    _printf_pre_padding                      0x00000000   Number         0  stubs.o ABSOLUTE
    _printf_return_value                     0x00000000   Number         0  stubs.o ABSOLUTE
    _printf_s                                0x00000000   Number         0  stubs.o ABSOLUTE
    _printf_sizespec                         0x00000000   Number         0  stubs.o ABSOLUTE
    _printf_str                              0x00000000   Number         0  stubs.o ABSOLUTE
    _printf_truncate_signed                  0x00000000   Number         0  stubs.o ABSOLUTE
    _printf_truncate_unsigned                0x00000000   Number         0  stubs.o ABSOLUTE
    _printf_u                                0x00000000   Number         0  stubs.o ABSOLUTE
    _printf_wc                               0x00000000   Number         0  stubs.o ABSOLUTE
    _printf_wctomb                           0x00000000   Number         0  stubs.o ABSOLUTE
    _printf_widthprec                        0x00000000   Number         0  stubs.o ABSOLUTE
    _printf_x                                0x00000000   Number         0  stubs.o ABSOLUTE
    __cpp_initialize__aeabi_                  - Undefined Weak Reference
    __cxa_finalize                            - Undefined Weak Reference
    __decompress                              - Undefined Weak Reference
    _clock_init                               - Undefined Weak Reference
    _microlib_exit                            - Undefined Weak Reference
    __Vectors_Size                           0x00000130   Number         0  startup_stm32f103xe.o ABSOLUTE
    __Vectors                                0x08000000   Data           4  startup_stm32f103xe.o(RESET)
    __Vectors_End                            0x08000130   Data           0  startup_stm32f103xe.o(RESET)
    __main                                   0x08000131   Thumb Code     0  entry.o(.ARM.Collect$$$$00000000)
    _main_stk                                0x08000131   Thumb Code     0  entry2.o(.ARM.Collect$$$$00000001)
    _main_scatterload                        0x08000135   Thumb Code     0  entry5.o(.ARM.Collect$$$$00000004)
    __main_after_scatterload                 0x08000139   Thumb Code     0  entry5.o(.ARM.Collect$$$$00000004)
    _main_clock                              0x08000139   Thumb Code     0  entry7b.o(.ARM.Collect$$$$00000008)
    _main_cpp_init                           0x08000139   Thumb Code     0  entry8b.o(.ARM.Collect$$$$0000000A)
    _main_init                               0x08000139   Thumb Code     0  entry9a.o(.ARM.Collect$$$$0000000B)
    __rt_final_cpp                           0x08000141   Thumb Code     0  entry10a.o(.ARM.Collect$$$$0000000D)
    __rt_final_exit                          0x08000141   Thumb Code     0  entry11a.o(.ARM.Collect$$$$0000000F)
    SVC_Handler                              0x08000145   Thumb Code    32  port.o(.emb_text)
    __asm___6_port_c_39a90d8d__prvStartFirstTask 0x08000169   Thumb Code    28  port.o(.emb_text)
    PendSV_Handler                           0x08000189   Thumb Code    72  port.o(.emb_text)
    vPortGetIPSR                             0x080001d5   Thumb Code     6  port.o(.emb_text)
    Reset_Handler                            0x080001dd   Thumb Code     8  startup_stm32f103xe.o(.text)
    ADC1_2_IRQHandler                        0x080001f7   Thumb Code     0  startup_stm32f103xe.o(.text)
    ADC3_IRQHandler                          0x080001f7   Thumb Code     0  startup_stm32f103xe.o(.text)
    CAN1_RX1_IRQHandler                      0x080001f7   Thumb Code     0  startup_stm32f103xe.o(.text)
    CAN1_SCE_IRQHandler                      0x080001f7   Thumb Code     0  startup_stm32f103xe.o(.text)
    DMA1_Channel1_IRQHandler                 0x080001f7   Thumb Code     0  startup_stm32f103xe.o(.text)
    DMA1_Channel2_IRQHandler                 0x080001f7   Thumb Code     0  startup_stm32f103xe.o(.text)
    DMA1_Channel3_IRQHandler                 0x080001f7   Thumb Code     0  startup_stm32f103xe.o(.text)
    DMA1_Channel4_IRQHandler                 0x080001f7   Thumb Code     0  startup_stm32f103xe.o(.text)
    DMA1_Channel5_IRQHandler                 0x080001f7   Thumb Code     0  startup_stm32f103xe.o(.text)
    DMA1_Channel6_IRQHandler                 0x080001f7   Thumb Code     0  startup_stm32f103xe.o(.text)
    DMA1_Channel7_IRQHandler                 0x080001f7   Thumb Code     0  startup_stm32f103xe.o(.text)
    DMA2_Channel1_IRQHandler                 0x080001f7   Thumb Code     0  startup_stm32f103xe.o(.text)
    DMA2_Channel2_IRQHandler                 0x080001f7   Thumb Code     0  startup_stm32f103xe.o(.text)
    DMA2_Channel3_IRQHandler                 0x080001f7   Thumb Code     0  startup_stm32f103xe.o(.text)
    DMA2_Channel4_5_IRQHandler               0x080001f7   Thumb Code     0  startup_stm32f103xe.o(.text)
    EXTI0_IRQHandler                         0x080001f7   Thumb Code     0  startup_stm32f103xe.o(.text)
    EXTI15_10_IRQHandler                     0x080001f7   Thumb Code     0  startup_stm32f103xe.o(.text)
    EXTI1_IRQHandler                         0x080001f7   Thumb Code     0  startup_stm32f103xe.o(.text)
    EXTI2_IRQHandler                         0x080001f7   Thumb Code     0  startup_stm32f103xe.o(.text)
    EXTI3_IRQHandler                         0x080001f7   Thumb Code     0  startup_stm32f103xe.o(.text)
    EXTI4_IRQHandler                         0x080001f7   Thumb Code     0  startup_stm32f103xe.o(.text)
    EXTI9_5_IRQHandler                       0x080001f7   Thumb Code     0  startup_stm32f103xe.o(.text)
    FLASH_IRQHandler                         0x080001f7   Thumb Code     0  startup_stm32f103xe.o(.text)
    FSMC_IRQHandler                          0x080001f7   Thumb Code     0  startup_stm32f103xe.o(.text)
    I2C1_ER_IRQHandler                       0x080001f7   Thumb Code     0  startup_stm32f103xe.o(.text)
    I2C1_EV_IRQHandler                       0x080001f7   Thumb Code     0  startup_stm32f103xe.o(.text)
    I2C2_ER_IRQHandler                       0x080001f7   Thumb Code     0  startup_stm32f103xe.o(.text)
    I2C2_EV_IRQHandler                       0x080001f7   Thumb Code     0  startup_stm32f103xe.o(.text)
    PVD_IRQHandler                           0x080001f7   Thumb Code     0  startup_stm32f103xe.o(.text)
    RCC_IRQHandler                           0x080001f7   Thumb Code     0  startup_stm32f103xe.o(.text)
    RTC_Alarm_IRQHandler                     0x080001f7   Thumb Code     0  startup_stm32f103xe.o(.text)
    RTC_IRQHandler                           0x080001f7   Thumb Code     0  startup_stm32f103xe.o(.text)
    SDIO_IRQHandler                          0x080001f7   Thumb Code     0  startup_stm32f103xe.o(.text)
    SPI1_IRQHandler                          0x080001f7   Thumb Code     0  startup_stm32f103xe.o(.text)
    SPI2_IRQHandler                          0x080001f7   Thumb Code     0  startup_stm32f103xe.o(.text)
    SPI3_IRQHandler                          0x080001f7   Thumb Code     0  startup_stm32f103xe.o(.text)
    TAMPER_IRQHandler                        0x080001f7   Thumb Code     0  startup_stm32f103xe.o(.text)
    TIM1_BRK_IRQHandler                      0x080001f7   Thumb Code     0  startup_stm32f103xe.o(.text)
    TIM1_CC_IRQHandler                       0x080001f7   Thumb Code     0  startup_stm32f103xe.o(.text)
    TIM1_TRG_COM_IRQHandler                  0x080001f7   Thumb Code     0  startup_stm32f103xe.o(.text)
    TIM1_UP_IRQHandler                       0x080001f7   Thumb Code     0  startup_stm32f103xe.o(.text)
    TIM4_IRQHandler                          0x080001f7   Thumb Code     0  startup_stm32f103xe.o(.text)
    TIM5_IRQHandler                          0x080001f7   Thumb Code     0  startup_stm32f103xe.o(.text)
    TIM6_IRQHandler                          0x080001f7   Thumb Code     0  startup_stm32f103xe.o(.text)
    TIM8_BRK_IRQHandler                      0x080001f7   Thumb Code     0  startup_stm32f103xe.o(.text)
    TIM8_CC_IRQHandler                       0x080001f7   Thumb Code     0  startup_stm32f103xe.o(.text)
    TIM8_TRG_COM_IRQHandler                  0x080001f7   Thumb Code     0  startup_stm32f103xe.o(.text)
    TIM8_UP_IRQHandler                       0x080001f7   Thumb Code     0  startup_stm32f103xe.o(.text)
    UART4_IRQHandler                         0x080001f7   Thumb Code     0  startup_stm32f103xe.o(.text)
    UART5_IRQHandler                         0x080001f7   Thumb Code     0  startup_stm32f103xe.o(.text)
    USART2_IRQHandler                        0x080001f7   Thumb Code     0  startup_stm32f103xe.o(.text)
    USART3_IRQHandler                        0x080001f7   Thumb Code     0  startup_stm32f103xe.o(.text)
    USBWakeUp_IRQHandler                     0x080001f7   Thumb Code     0  startup_stm32f103xe.o(.text)
    USB_HP_CAN1_TX_IRQHandler                0x080001f7   Thumb Code     0  startup_stm32f103xe.o(.text)
    USB_LP_CAN1_RX0_IRQHandler               0x080001f7   Thumb Code     0  startup_stm32f103xe.o(.text)
    WWDG_IRQHandler                          0x080001f7   Thumb Code     0  startup_stm32f103xe.o(.text)
    __aeabi_memset                           0x08000201   Thumb Code    14  memseta.o(.text)
    __aeabi_memset4                          0x08000201   Thumb Code     0  memseta.o(.text)
    __aeabi_memset8                          0x08000201   Thumb Code     0  memseta.o(.text)
    __aeabi_memclr                           0x0800020f   Thumb Code     4  memseta.o(.text)
    __aeabi_memclr4                          0x0800020f   Thumb Code     0  memseta.o(.text)
    __aeabi_memclr8                          0x0800020f   Thumb Code     0  memseta.o(.text)
    _memset$wrapper                          0x08000213   Thumb Code    18  memseta.o(.text)
    strlen                                   0x08000225   Thumb Code    14  strlen.o(.text)
    strcpy                                   0x08000233   Thumb Code    18  strcpy.o(.text)
    __aeabi_uidiv                            0x08000245   Thumb Code     0  uidiv.o(.text)
    __aeabi_uidivmod                         0x08000245   Thumb Code    44  uidiv.o(.text)
    __scatterload                            0x08000271   Thumb Code    28  init.o(.text)
    __scatterload_rt2                        0x08000271   Thumb Code     0  init.o(.text)
    BusFault_Handler                         0x08000295   Thumb Code     4  stm32f1xx_it.o(i.BusFault_Handler)
    DebugMon_Handler                         0x08000299   Thumb Code     2  stm32f1xx_it.o(i.DebugMon_Handler)
    Error_Handler                            0x0800029b   Thumb Code     6  main.o(i.Error_Handler)
    FreeRTOS_Start                           0x080002a1   Thumb Code    28  freertos_demo.o(i.FreeRTOS_Start)
    HAL_DMA_Abort                            0x080002d9   Thumb Code    86  stm32f1xx_hal_dma.o(i.HAL_DMA_Abort)
    HAL_DMA_Abort_IT                         0x08000331   Thumb Code   414  stm32f1xx_hal_dma.o(i.HAL_DMA_Abort_IT)
    HAL_Delay                                0x080004d9   Thumb Code    36  stm32f1xx_hal.o(i.HAL_Delay)
    HAL_GPIO_Init                            0x08000501   Thumb Code   792  stm32f1xx_hal_gpio.o(i.HAL_GPIO_Init)
    HAL_GPIO_ReadPin                         0x08000841   Thumb Code    16  stm32f1xx_hal_gpio.o(i.HAL_GPIO_ReadPin)
    HAL_GPIO_TogglePin                       0x08000851   Thumb Code    20  stm32f1xx_hal_gpio.o(i.HAL_GPIO_TogglePin)
    HAL_GPIO_WritePin                        0x08000865   Thumb Code    12  stm32f1xx_hal_gpio.o(i.HAL_GPIO_WritePin)
    HAL_GetTick                              0x08000871   Thumb Code     6  stm32f1xx_hal.o(i.HAL_GetTick)
    HAL_IncTick                              0x0800087d   Thumb Code    16  stm32f1xx_hal.o(i.HAL_IncTick)
    HAL_Init                                 0x08000895   Thumb Code    34  stm32f1xx_hal.o(i.HAL_Init)
    HAL_InitTick                             0x080008bd   Thumb Code   158  stm32f1xx_hal_timebase_tim.o(i.HAL_InitTick)
    HAL_MspInit                              0x08000971   Thumb Code    76  stm32f1xx_hal_msp.o(i.HAL_MspInit)
    HAL_NVIC_EnableIRQ                       0x080009c5   Thumb Code    32  stm32f1xx_hal_cortex.o(i.HAL_NVIC_EnableIRQ)
    HAL_NVIC_SetPriority                     0x080009e5   Thumb Code   124  stm32f1xx_hal_cortex.o(i.HAL_NVIC_SetPriority)
    HAL_NVIC_SetPriorityGrouping             0x08000a61   Thumb Code    32  stm32f1xx_hal_cortex.o(i.HAL_NVIC_SetPriorityGrouping)
    HAL_RCC_ClockConfig                      0x08000a89   Thumb Code   376  stm32f1xx_hal_rcc.o(i.HAL_RCC_ClockConfig)
    HAL_RCC_GetClockConfig                   0x08000c15   Thumb Code    58  stm32f1xx_hal_rcc.o(i.HAL_RCC_GetClockConfig)
    HAL_RCC_GetHCLKFreq                      0x08000c59   Thumb Code     6  stm32f1xx_hal_rcc.o(i.HAL_RCC_GetHCLKFreq)
    HAL_RCC_GetPCLK1Freq                     0x08000c65   Thumb Code    22  stm32f1xx_hal_rcc.o(i.HAL_RCC_GetPCLK1Freq)
    HAL_RCC_GetPCLK2Freq                     0x08000c85   Thumb Code    22  stm32f1xx_hal_rcc.o(i.HAL_RCC_GetPCLK2Freq)
    HAL_RCC_GetSysClockFreq                  0x08000ca5   Thumb Code    92  stm32f1xx_hal_rcc.o(i.HAL_RCC_GetSysClockFreq)
    HAL_RCC_OscConfig                        0x08000d15   Thumb Code  1114  stm32f1xx_hal_rcc.o(i.HAL_RCC_OscConfig)
    HAL_TIMEx_BreakCallback                  0x08001179   Thumb Code     2  stm32f1xx_hal_tim_ex.o(i.HAL_TIMEx_BreakCallback)
    HAL_TIMEx_CommutCallback                 0x0800117b   Thumb Code     2  stm32f1xx_hal_tim_ex.o(i.HAL_TIMEx_CommutCallback)
    HAL_TIMEx_MasterConfigSynchronization    0x0800117d   Thumb Code   134  stm32f1xx_hal_tim_ex.o(i.HAL_TIMEx_MasterConfigSynchronization)
    HAL_TIM_Base_Init                        0x08001219   Thumb Code   102  stm32f1xx_hal_tim.o(i.HAL_TIM_Base_Init)
    HAL_TIM_Base_MspInit                     0x08001281   Thumb Code   112  tim.o(i.HAL_TIM_Base_MspInit)
    HAL_TIM_Base_Start_IT                    0x080012f9   Thumb Code   122  stm32f1xx_hal_tim.o(i.HAL_TIM_Base_Start_IT)
    HAL_TIM_ConfigClockSource                0x08001389   Thumb Code   268  stm32f1xx_hal_tim.o(i.HAL_TIM_ConfigClockSource)
    HAL_TIM_IC_CaptureCallback               0x08001495   Thumb Code     2  stm32f1xx_hal_tim.o(i.HAL_TIM_IC_CaptureCallback)
    HAL_TIM_IRQHandler                       0x08001497   Thumb Code   364  stm32f1xx_hal_tim.o(i.HAL_TIM_IRQHandler)
    HAL_TIM_OC_DelayElapsedCallback          0x08001603   Thumb Code     2  stm32f1xx_hal_tim.o(i.HAL_TIM_OC_DelayElapsedCallback)
    HAL_TIM_PWM_PulseFinishedCallback        0x08001605   Thumb Code     2  stm32f1xx_hal_tim.o(i.HAL_TIM_PWM_PulseFinishedCallback)
    HAL_TIM_PeriodElapsedCallback            0x08001609   Thumb Code    18  main.o(i.HAL_TIM_PeriodElapsedCallback)
    HAL_TIM_TriggerCallback                  0x08001621   Thumb Code     2  stm32f1xx_hal_tim.o(i.HAL_TIM_TriggerCallback)
    HAL_UARTEx_RxEventCallback               0x08001623   Thumb Code     2  stm32f1xx_hal_uart.o(i.HAL_UARTEx_RxEventCallback)
    HAL_UART_ErrorCallback                   0x08001625   Thumb Code     2  stm32f1xx_hal_uart.o(i.HAL_UART_ErrorCallback)
    HAL_UART_IRQHandler                      0x08001629   Thumb Code   736  stm32f1xx_hal_uart.o(i.HAL_UART_IRQHandler)
    HAL_UART_Init                            0x0800190d   Thumb Code   118  stm32f1xx_hal_uart.o(i.HAL_UART_Init)
    HAL_UART_MspInit                         0x08001985   Thumb Code   138  usart.o(i.HAL_UART_MspInit)
    HAL_UART_RxCpltCallback                  0x08001a1d   Thumb Code     2  stm32f1xx_hal_uart.o(i.HAL_UART_RxCpltCallback)
    HAL_UART_Transmit                        0x08001a1f   Thumb Code   190  stm32f1xx_hal_uart.o(i.HAL_UART_Transmit)
    HAL_UART_TxCpltCallback                  0x08001add   Thumb Code     2  stm32f1xx_hal_uart.o(i.HAL_UART_TxCpltCallback)
    HardFault_Handler                        0x08001adf   Thumb Code     4  stm32f1xx_it.o(i.HardFault_Handler)
    Key_Scan                                 0x08001ae5   Thumb Code   144  freertos_demo.o(i.Key_Scan)
    MX_GPIO_Init                             0x08001b7d   Thumb Code   202  gpio.o(i.MX_GPIO_Init)
    MX_TIM2_Init                             0x08001c55   Thumb Code   104  tim.o(i.MX_TIM2_Init)
    MX_TIM3_Init                             0x08001cc1   Thumb Code   102  tim.o(i.MX_TIM3_Init)
    MX_USART1_UART_Init                      0x08001d31   Thumb Code    46  usart.o(i.MX_USART1_UART_Init)
    MemManage_Handler                        0x08001d69   Thumb Code     4  stm32f1xx_it.o(i.MemManage_Handler)
    NMI_Handler                              0x08001d6d   Thumb Code     4  stm32f1xx_it.o(i.NMI_Handler)
    SysTick_Handler                          0x08001d99   Thumb Code    16  stm32f1xx_it.o(i.SysTick_Handler)
    SystemClock_Config                       0x08001da9   Thumb Code   102  main.o(i.SystemClock_Config)
    SystemInit                               0x08001e0f   Thumb Code     2  system_stm32f1xx.o(i.SystemInit)
    TIM2_IRQHandler                          0x08001e11   Thumb Code    10  stm32f1xx_it.o(i.TIM2_IRQHandler)
    TIM3_IRQHandler                          0x08001e21   Thumb Code    10  stm32f1xx_it.o(i.TIM3_IRQHandler)
    TIM7_IRQHandler                          0x08001e31   Thumb Code    10  stm32f1xx_it.o(i.TIM7_IRQHandler)
    TIM_Base_SetConfig                       0x08001e41   Thumb Code   150  stm32f1xx_hal_tim.o(i.TIM_Base_SetConfig)
    TIM_ETR_SetConfig                        0x08001eed   Thumb Code    22  stm32f1xx_hal_tim.o(i.TIM_ETR_SetConfig)
    USART1_IRQHandler                        0x080022e9   Thumb Code    10  stm32f1xx_it.o(i.USART1_IRQHandler)
    UsageFault_Handler                       0x080022f9   Thumb Code     4  stm32f1xx_it.o(i.UsageFault_Handler)
    __0printf$6                              0x080022fd   Thumb Code    22  printf6.o(i.__0printf$6)
    __1printf$6                              0x080022fd   Thumb Code     0  printf6.o(i.__0printf$6)
    __2printf                                0x080022fd   Thumb Code     0  printf6.o(i.__0printf$6)
    __0snprintf$6                            0x0800231d   Thumb Code    44  printf6.o(i.__0snprintf$6)
    __1snprintf$6                            0x0800231d   Thumb Code     0  printf6.o(i.__0snprintf$6)
    __2snprintf                              0x0800231d   Thumb Code     0  printf6.o(i.__0snprintf$6)
    __scatterload_copy                       0x08002385   Thumb Code    14  handlers.o(i.__scatterload_copy)
    __scatterload_null                       0x08002393   Thumb Code     2  handlers.o(i.__scatterload_null)
    __scatterload_zeroinit                   0x08002395   Thumb Code    14  handlers.o(i.__scatterload_zeroinit)
    eTaskGetState                            0x080026fd   Thumb Code   132  tasks.o(i.eTaskGetState)
    fputc                                    0x08002799   Thumb Code    22  main.o(i.fputc)
    main                                     0x080027b5   Thumb Code    46  main.o(i.main)
    pvPortMalloc                             0x08002e11   Thumb Code   240  heap_4.o(i.pvPortMalloc)
    pxPortInitialiseStack                    0x08002f15   Thumb Code    30  port.o(i.pxPortInitialiseStack)
    start_task                               0x08002f39   Thumb Code    80  freertos_demo.o(i.start_task)
    start_task1                              0x08002fdd   Thumb Code    26  freertos_demo.o(i.start_task1)
    start_task2                              0x0800300d   Thumb Code    26  freertos_demo.o(i.start_task2)
    start_task3                              0x0800303d   Thumb Code   132  freertos_demo.o(i.start_task3)
    uxListRemove                             0x08003155   Thumb Code    40  list.o(i.uxListRemove)
    uxTaskGetSystemState                     0x0800317d   Thumb Code   152  tasks.o(i.uxTaskGetSystemState)
    vListInitialise                          0x0800322d   Thumb Code    26  list.o(i.vListInitialise)
    vListInitialiseItem                      0x08003247   Thumb Code     6  list.o(i.vListInitialiseItem)
    vListInsert                              0x0800324d   Thumb Code    52  list.o(i.vListInsert)
    vListInsertEnd                           0x08003281   Thumb Code    24  list.o(i.vListInsertEnd)
    vPortEnterCritical                       0x08003299   Thumb Code    30  port.o(i.vPortEnterCritical)
    vPortExitCritical                        0x080032bd   Thumb Code    28  port.o(i.vPortExitCritical)
    vPortFree                                0x080032dd   Thumb Code    68  heap_4.o(i.vPortFree)
    vPortSetupTimerInterrupt                 0x08003329   Thumb Code    20  port.o(i.vPortSetupTimerInterrupt)
    vTaskDelay                               0x08003341   Thumb Code    46  tasks.o(i.vTaskDelay)
    vTaskDelete                              0x08003375   Thumb Code   198  tasks.o(i.vTaskDelete)
    vTaskGetInfo                             0x08003461   Thumb Code   194  tasks.o(i.vTaskGetInfo)
    vTaskListTasks                           0x0800352d   Thumb Code   264  tasks.o(i.vTaskListTasks)
    vTaskResume                              0x08003649   Thumb Code   170  tasks.o(i.vTaskResume)
    vTaskStartScheduler                      0x08003705   Thumb Code    60  tasks.o(i.vTaskStartScheduler)
    vTaskSuspend                             0x08003751   Thumb Code   192  tasks.o(i.vTaskSuspend)
    vTaskSuspendAll                          0x0800382d   Thumb Code    12  tasks.o(i.vTaskSuspendAll)
    vTaskSwitchContext                       0x0800383d   Thumb Code    84  tasks.o(i.vTaskSwitchContext)
    xPortStartScheduler                      0x080038a5   Thumb Code    42  port.o(i.xPortStartScheduler)
    xPortSysTickHandler                      0x080038d9   Thumb Code    46  port.o(i.xPortSysTickHandler)
    xTaskCreate                              0x0800390d   Thumb Code    56  tasks.o(i.xTaskCreate)
    xTaskGetSchedulerState                   0x08003945   Thumb Code    24  tasks.o(i.xTaskGetSchedulerState)
    xTaskIncrementTick                       0x08003965   Thumb Code   372  tasks.o(i.xTaskIncrementTick)
    xTaskResumeAll                           0x08003b05   Thumb Code   340  tasks.o(i.xTaskResumeAll)
    AHBPrescTable                            0x08003c8e   Data          16  system_stm32f1xx.o(.constdata)
    APBPrescTable                            0x08003c9e   Data           8  system_stm32f1xx.o(.constdata)
    Region$$Table$$Base                      0x08003ca8   Number         0  anon$$obj.o(Region$$Table)
    Region$$Table$$Limit                     0x08003cc8   Number         0  anon$$obj.o(Region$$Table)
    uwTick                                   0x20000000   Data           4  stm32f1xx_hal.o(.data)
    uwTickPrio                               0x20000004   Data           4  stm32f1xx_hal.o(.data)
    uwTickFreq                               0x20000008   Data           1  stm32f1xx_hal.o(.data)
    SystemCoreClock                          0x2000000c   Data           4  system_stm32f1xx.o(.data)
    pxCurrentTCB                             0x20000010   Data           4  tasks.o(.data)
    start_task_handle                        0x20000070   Data           4  freertos_demo.o(.data)
    start_task1_handle                       0x20000074   Data           4  freertos_demo.o(.data)
    start_task2_handle                       0x20000078   Data           4  freertos_demo.o(.data)
    start_task3_handle                       0x2000007c   Data           4  freertos_demo.o(.data)
    __stdout                                 0x20000080   Data           4  stdout.o(.data)
    huart1                                   0x20000084   Data          72  usart.o(.bss)
    htim7                                    0x200000cc   Data          72  stm32f1xx_hal_timebase_tim.o(.bss)
    htim2                                    0x20000114   Data          72  tim.o(.bss)
    htim3                                    0x2000015c   Data          72  tim.o(.bss)
    __initial_sp                             0x20004a70   Data           0  startup_stm32f103xe.o(STACK)



==============================================================================

Memory Map of the image

  Image Entry point : 0x08000131

  Load Region LR_IROM1 (Base: 0x08000000, Size: 0x00003d4c, Max: 0x00080000, ABSOLUTE)

    Execution Region ER_IROM1 (Exec base: 0x08000000, Load base: 0x08000000, Size: 0x00003cc8, Max: 0x00080000, ABSOLUTE)

    Exec Addr    Load Addr    Size         Type   Attr      Idx    E Section Name        Object

    0x08000000   0x08000000   0x00000130   Data   RO            3    RESET               startup_stm32f103xe.o
    0x08000130   0x08000130   0x00000000   Code   RO         3984  * .ARM.Collect$$$$00000000  mc_w.l(entry.o)
    0x08000130   0x08000130   0x00000004   Code   RO         4260    .ARM.Collect$$$$00000001  mc_w.l(entry2.o)
    0x08000134   0x08000134   0x00000004   Code   RO         4263    .ARM.Collect$$$$00000004  mc_w.l(entry5.o)
    0x08000138   0x08000138   0x00000000   Code   RO         4265    .ARM.Collect$$$$00000008  mc_w.l(entry7b.o)
    0x08000138   0x08000138   0x00000000   Code   RO         4267    .ARM.Collect$$$$0000000A  mc_w.l(entry8b.o)
    0x08000138   0x08000138   0x00000008   Code   RO         4268    .ARM.Collect$$$$0000000B  mc_w.l(entry9a.o)
    0x08000140   0x08000140   0x00000000   Code   RO         4270    .ARM.Collect$$$$0000000D  mc_w.l(entry10a.o)
    0x08000140   0x08000140   0x00000000   Code   RO         4272    .ARM.Collect$$$$0000000F  mc_w.l(entry11a.o)
    0x08000140   0x08000140   0x00000004   Code   RO         4261    .ARM.Collect$$$$00002712  mc_w.l(entry2.o)
    0x08000144   0x08000144   0x00000096   Code   RO         3856    .emb_text           port.o
    0x080001da   0x080001da   0x00000002   PAD
    0x080001dc   0x080001dc   0x00000024   Code   RO            4    .text               startup_stm32f103xe.o
    0x08000200   0x08000200   0x00000024   Code   RO         3991    .text               mc_w.l(memseta.o)
    0x08000224   0x08000224   0x0000000e   Code   RO         3993    .text               mc_w.l(strlen.o)
    0x08000232   0x08000232   0x00000012   Code   RO         3995    .text               mc_w.l(strcpy.o)
    0x08000244   0x08000244   0x0000002c   Code   RO         4275    .text               mc_w.l(uidiv.o)
    0x08000270   0x08000270   0x00000024   Code   RO         4290    .text               mc_w.l(init.o)
    0x08000294   0x08000294   0x00000004   Code   RO          260    i.BusFault_Handler  stm32f1xx_it.o
    0x08000298   0x08000298   0x00000002   Code   RO          261    i.DebugMon_Handler  stm32f1xx_it.o
    0x0800029a   0x0800029a   0x00000006   Code   RO           13    i.Error_Handler     main.o
    0x080002a0   0x080002a0   0x00000038   Code   RO         3930    i.FreeRTOS_Start    freertos_demo.o
    0x080002d8   0x080002d8   0x00000056   Code   RO         1865    i.HAL_DMA_Abort     stm32f1xx_hal_dma.o
    0x0800032e   0x0800032e   0x00000002   PAD
    0x08000330   0x08000330   0x000001a8   Code   RO         1866    i.HAL_DMA_Abort_IT  stm32f1xx_hal_dma.o
    0x080004d8   0x080004d8   0x00000028   Code   RO         1486    i.HAL_Delay         stm32f1xx_hal.o
    0x08000500   0x08000500   0x00000340   Code   RO         1801    i.HAL_GPIO_Init     stm32f1xx_hal_gpio.o
    0x08000840   0x08000840   0x00000010   Code   RO         1803    i.HAL_GPIO_ReadPin  stm32f1xx_hal_gpio.o
    0x08000850   0x08000850   0x00000014   Code   RO         1804    i.HAL_GPIO_TogglePin  stm32f1xx_hal_gpio.o
    0x08000864   0x08000864   0x0000000c   Code   RO         1805    i.HAL_GPIO_WritePin  stm32f1xx_hal_gpio.o
    0x08000870   0x08000870   0x0000000c   Code   RO         1490    i.HAL_GetTick       stm32f1xx_hal.o
    0x0800087c   0x0800087c   0x00000018   Code   RO         1496    i.HAL_IncTick       stm32f1xx_hal.o
    0x08000894   0x08000894   0x00000028   Code   RO         1497    i.HAL_Init          stm32f1xx_hal.o
    0x080008bc   0x080008bc   0x000000b4   Code   RO          372    i.HAL_InitTick      stm32f1xx_hal_timebase_tim.o
    0x08000970   0x08000970   0x00000054   Code   RO          348    i.HAL_MspInit       stm32f1xx_hal_msp.o
    0x080009c4   0x080009c4   0x00000020   Code   RO         1961    i.HAL_NVIC_EnableIRQ  stm32f1xx_hal_cortex.o
    0x080009e4   0x080009e4   0x0000007c   Code   RO         1967    i.HAL_NVIC_SetPriority  stm32f1xx_hal_cortex.o
    0x08000a60   0x08000a60   0x00000028   Code   RO         1968    i.HAL_NVIC_SetPriorityGrouping  stm32f1xx_hal_cortex.o
    0x08000a88   0x08000a88   0x0000018c   Code   RO         1654    i.HAL_RCC_ClockConfig  stm32f1xx_hal_rcc.o
    0x08000c14   0x08000c14   0x00000044   Code   RO         1658    i.HAL_RCC_GetClockConfig  stm32f1xx_hal_rcc.o
    0x08000c58   0x08000c58   0x0000000c   Code   RO         1659    i.HAL_RCC_GetHCLKFreq  stm32f1xx_hal_rcc.o
    0x08000c64   0x08000c64   0x00000020   Code   RO         1661    i.HAL_RCC_GetPCLK1Freq  stm32f1xx_hal_rcc.o
    0x08000c84   0x08000c84   0x00000020   Code   RO         1662    i.HAL_RCC_GetPCLK2Freq  stm32f1xx_hal_rcc.o
    0x08000ca4   0x08000ca4   0x00000070   Code   RO         1663    i.HAL_RCC_GetSysClockFreq  stm32f1xx_hal_rcc.o
    0x08000d14   0x08000d14   0x00000464   Code   RO         1666    i.HAL_RCC_OscConfig  stm32f1xx_hal_rcc.o
    0x08001178   0x08001178   0x00000002   Code   RO         1212    i.HAL_TIMEx_BreakCallback  stm32f1xx_hal_tim_ex.o
    0x0800117a   0x0800117a   0x00000002   Code   RO         1213    i.HAL_TIMEx_CommutCallback  stm32f1xx_hal_tim_ex.o
    0x0800117c   0x0800117c   0x0000009c   Code   RO         1231    i.HAL_TIMEx_MasterConfigSynchronization  stm32f1xx_hal_tim_ex.o
    0x08001218   0x08001218   0x00000066   Code   RO          497    i.HAL_TIM_Base_Init  stm32f1xx_hal_tim.o
    0x0800127e   0x0800127e   0x00000002   PAD
    0x08001280   0x08001280   0x00000078   Code   RO          412    i.HAL_TIM_Base_MspInit  tim.o
    0x080012f8   0x080012f8   0x00000090   Code   RO          502    i.HAL_TIM_Base_Start_IT  stm32f1xx_hal_tim.o
    0x08001388   0x08001388   0x0000010c   Code   RO          506    i.HAL_TIM_ConfigClockSource  stm32f1xx_hal_tim.o
    0x08001494   0x08001494   0x00000002   Code   RO          531    i.HAL_TIM_IC_CaptureCallback  stm32f1xx_hal_tim.o
    0x08001496   0x08001496   0x0000016c   Code   RO          545    i.HAL_TIM_IRQHandler  stm32f1xx_hal_tim.o
    0x08001602   0x08001602   0x00000002   Code   RO          548    i.HAL_TIM_OC_DelayElapsedCallback  stm32f1xx_hal_tim.o
    0x08001604   0x08001604   0x00000002   Code   RO          575    i.HAL_TIM_PWM_PulseFinishedCallback  stm32f1xx_hal_tim.o
    0x08001606   0x08001606   0x00000002   PAD
    0x08001608   0x08001608   0x00000018   Code   RO           14    i.HAL_TIM_PeriodElapsedCallback  main.o
    0x08001620   0x08001620   0x00000002   Code   RO          588    i.HAL_TIM_TriggerCallback  stm32f1xx_hal_tim.o
    0x08001622   0x08001622   0x00000002   Code   RO         2499    i.HAL_UARTEx_RxEventCallback  stm32f1xx_hal_uart.o
    0x08001624   0x08001624   0x00000002   Code   RO         2513    i.HAL_UART_ErrorCallback  stm32f1xx_hal_uart.o
    0x08001626   0x08001626   0x00000002   PAD
    0x08001628   0x08001628   0x000002e4   Code   RO         2516    i.HAL_UART_IRQHandler  stm32f1xx_hal_uart.o
    0x0800190c   0x0800190c   0x00000076   Code   RO         2517    i.HAL_UART_Init     stm32f1xx_hal_uart.o
    0x08001982   0x08001982   0x00000002   PAD
    0x08001984   0x08001984   0x00000098   Code   RO          219    i.HAL_UART_MspInit  usart.o
    0x08001a1c   0x08001a1c   0x00000002   Code   RO         2523    i.HAL_UART_RxCpltCallback  stm32f1xx_hal_uart.o
    0x08001a1e   0x08001a1e   0x000000be   Code   RO         2525    i.HAL_UART_Transmit  stm32f1xx_hal_uart.o
    0x08001adc   0x08001adc   0x00000002   Code   RO         2528    i.HAL_UART_TxCpltCallback  stm32f1xx_hal_uart.o
    0x08001ade   0x08001ade   0x00000004   Code   RO          262    i.HardFault_Handler  stm32f1xx_it.o
    0x08001ae2   0x08001ae2   0x00000002   PAD
    0x08001ae4   0x08001ae4   0x00000098   Code   RO         3931    i.Key_Scan          freertos_demo.o
    0x08001b7c   0x08001b7c   0x000000d8   Code   RO          194    i.MX_GPIO_Init      gpio.o
    0x08001c54   0x08001c54   0x0000006c   Code   RO          413    i.MX_TIM2_Init      tim.o
    0x08001cc0   0x08001cc0   0x00000070   Code   RO          414    i.MX_TIM3_Init      tim.o
    0x08001d30   0x08001d30   0x00000038   Code   RO          220    i.MX_USART1_UART_Init  usart.o
    0x08001d68   0x08001d68   0x00000004   Code   RO          263    i.MemManage_Handler  stm32f1xx_it.o
    0x08001d6c   0x08001d6c   0x00000004   Code   RO          264    i.NMI_Handler       stm32f1xx_it.o
    0x08001d70   0x08001d70   0x00000028   Code   RO         1667    i.RCC_Delay         stm32f1xx_hal_rcc.o
    0x08001d98   0x08001d98   0x00000010   Code   RO          265    i.SysTick_Handler   stm32f1xx_it.o
    0x08001da8   0x08001da8   0x00000066   Code   RO           15    i.SystemClock_Config  main.o
    0x08001e0e   0x08001e0e   0x00000002   Code   RO         2861    i.SystemInit        system_stm32f1xx.o
    0x08001e10   0x08001e10   0x00000010   Code   RO          266    i.TIM2_IRQHandler   stm32f1xx_it.o
    0x08001e20   0x08001e20   0x00000010   Code   RO          267    i.TIM3_IRQHandler   stm32f1xx_it.o
    0x08001e30   0x08001e30   0x00000010   Code   RO          268    i.TIM7_IRQHandler   stm32f1xx_it.o
    0x08001e40   0x08001e40   0x000000ac   Code   RO          590    i.TIM_Base_SetConfig  stm32f1xx_hal_tim.o
    0x08001eec   0x08001eec   0x00000016   Code   RO          601    i.TIM_ETR_SetConfig  stm32f1xx_hal_tim.o
    0x08001f02   0x08001f02   0x00000012   Code   RO          602    i.TIM_ITRx_SetConfig  stm32f1xx_hal_tim.o
    0x08001f14   0x08001f14   0x00000026   Code   RO          608    i.TIM_TI1_ConfigInputStage  stm32f1xx_hal_tim.o
    0x08001f3a   0x08001f3a   0x00000028   Code   RO          610    i.TIM_TI2_ConfigInputStage  stm32f1xx_hal_tim.o
    0x08001f62   0x08001f62   0x00000014   Code   RO         2530    i.UART_DMAAbortOnError  stm32f1xx_hal_uart.o
    0x08001f76   0x08001f76   0x0000006c   Code   RO         2540    i.UART_EndRxTransfer  stm32f1xx_hal_uart.o
    0x08001fe2   0x08001fe2   0x00000020   Code   RO         2541    i.UART_EndTransmit_IT  stm32f1xx_hal_uart.o
    0x08002002   0x08002002   0x000000fc   Code   RO         2543    i.UART_Receive_IT   stm32f1xx_hal_uart.o
    0x080020fe   0x080020fe   0x00000002   PAD
    0x08002100   0x08002100   0x000000fc   Code   RO         2544    i.UART_SetConfig    stm32f1xx_hal_uart.o
    0x080021fc   0x080021fc   0x00000060   Code   RO         2547    i.UART_Transmit_IT  stm32f1xx_hal_uart.o
    0x0800225c   0x0800225c   0x0000008c   Code   RO         2548    i.UART_WaitOnFlagUntilTimeout  stm32f1xx_hal_uart.o
    0x080022e8   0x080022e8   0x00000010   Code   RO          269    i.USART1_IRQHandler  stm32f1xx_it.o
    0x080022f8   0x080022f8   0x00000004   Code   RO          270    i.UsageFault_Handler  stm32f1xx_it.o
    0x080022fc   0x080022fc   0x00000020   Code   RO         4154    i.__0printf$6       mc_w.l(printf6.o)
    0x0800231c   0x0800231c   0x00000030   Code   RO         4155    i.__0snprintf$6     mc_w.l(printf6.o)
    0x0800234c   0x0800234c   0x00000010   Code   RO         1974    i.__NVIC_GetPriorityGrouping  stm32f1xx_hal_cortex.o
    0x0800235c   0x0800235c   0x00000028   Code   RO         1975    i.__NVIC_SetPriority  stm32f1xx_hal_cortex.o
    0x08002384   0x08002384   0x0000000e   Code   RO         4300    i.__scatterload_copy  mc_w.l(handlers.o)
    0x08002392   0x08002392   0x00000002   Code   RO         4301    i.__scatterload_null  mc_w.l(handlers.o)
    0x08002394   0x08002394   0x0000000e   Code   RO         4302    i.__scatterload_zeroinit  mc_w.l(handlers.o)
    0x080023a2   0x080023a2   0x00000002   PAD
    0x080023a4   0x080023a4   0x000002f0   Code   RO         4161    i._printf_core      mc_w.l(printf6.o)
    0x08002694   0x08002694   0x00000024   Code   RO         4162    i._printf_post_padding  mc_w.l(printf6.o)
    0x080026b8   0x080026b8   0x0000002e   Code   RO         4163    i._printf_pre_padding  mc_w.l(printf6.o)
    0x080026e6   0x080026e6   0x00000016   Code   RO         4164    i._snputc           mc_w.l(printf6.o)
    0x080026fc   0x080026fc   0x0000009c   Code   RO         3388    i.eTaskGetState     tasks.o
    0x08002798   0x08002798   0x0000001c   Code   RO           16    i.fputc             main.o
    0x080027b4   0x080027b4   0x00000044   Code   RO           17    i.main              main.o
    0x080027f8   0x080027f8   0x000000cc   Code   RO         3390    i.prvAddCurrentTaskToDelayedList  tasks.o
    0x080028c4   0x080028c4   0x000000f8   Code   RO         3391    i.prvAddNewTaskToReadyList  tasks.o
    0x080029bc   0x080029bc   0x00000048   Code   RO         3392    i.prvCheckTasksWaitingTermination  tasks.o
    0x08002a04   0x08002a04   0x00000078   Code   RO         3393    i.prvCreateIdleTasks  tasks.o
    0x08002a7c   0x08002a7c   0x0000005a   Code   RO         3394    i.prvCreateTask     tasks.o
    0x08002ad6   0x08002ad6   0x00000012   Code   RO         3395    i.prvDeleteTCB      tasks.o
    0x08002ae8   0x08002ae8   0x0000006c   Code   RO         3783    i.prvHeapInit       heap_4.o
    0x08002b54   0x08002b54   0x00000028   Code   RO         3396    i.prvIdleTask       tasks.o
    0x08002b7c   0x08002b7c   0x00000088   Code   RO         3397    i.prvInitialiseNewTask  tasks.o
    0x08002c04   0x08002c04   0x00000068   Code   RO         3398    i.prvInitialiseTaskLists  tasks.o
    0x08002c6c   0x08002c6c   0x00000068   Code   RO         3784    i.prvInsertBlockIntoFreeList  heap_4.o
    0x08002cd4   0x08002cd4   0x0000003e   Code   RO         3399    i.prvListTasksWithinSingleList  tasks.o
    0x08002d12   0x08002d12   0x00000002   PAD
    0x08002d14   0x08002d14   0x00000030   Code   RO         3400    i.prvResetNextTaskUnblockTime  tasks.o
    0x08002d44   0x08002d44   0x00000016   Code   RO         3401    i.prvSnprintfReturnValueToCharsWritten  tasks.o
    0x08002d5a   0x08002d5a   0x00000014   Code   RO         3402    i.prvTaskCheckFreeStackSpace  tasks.o
    0x08002d6e   0x08002d6e   0x00000016   Code   RO         3857    i.prvTaskExitError  port.o
    0x08002d84   0x08002d84   0x00000060   Code   RO         3403    i.prvTaskIsTaskSuspended  tasks.o
    0x08002de4   0x08002de4   0x0000002a   Code   RO         3404    i.prvWriteNameToBuffer  tasks.o
    0x08002e0e   0x08002e0e   0x00000002   PAD
    0x08002e10   0x08002e10   0x00000104   Code   RO         3786    i.pvPortMalloc      heap_4.o
    0x08002f14   0x08002f14   0x00000024   Code   RO         3858    i.pxPortInitialiseStack  port.o
    0x08002f38   0x08002f38   0x000000a4   Code   RO         3932    i.start_task        freertos_demo.o
    0x08002fdc   0x08002fdc   0x00000030   Code   RO         3933    i.start_task1       freertos_demo.o
    0x0800300c   0x0800300c   0x00000030   Code   RO         3934    i.start_task2       freertos_demo.o
    0x0800303c   0x0800303c   0x00000118   Code   RO         3935    i.start_task3       freertos_demo.o
    0x08003154   0x08003154   0x00000028   Code   RO         3004    i.uxListRemove      list.o
    0x0800317c   0x0800317c   0x000000b0   Code   RO         3408    i.uxTaskGetSystemState  tasks.o
    0x0800322c   0x0800322c   0x0000001a   Code   RO         3005    i.vListInitialise   list.o
    0x08003246   0x08003246   0x00000006   Code   RO         3006    i.vListInitialiseItem  list.o
    0x0800324c   0x0800324c   0x00000034   Code   RO         3007    i.vListInsert       list.o
    0x08003280   0x08003280   0x00000018   Code   RO         3008    i.vListInsertEnd    list.o
    0x08003298   0x08003298   0x00000024   Code   RO         3860    i.vPortEnterCritical  port.o
    0x080032bc   0x080032bc   0x00000020   Code   RO         3861    i.vPortExitCritical  port.o
    0x080032dc   0x080032dc   0x0000004c   Code   RO         3787    i.vPortFree         heap_4.o
    0x08003328   0x08003328   0x00000018   Code   RO         3862    i.vPortSetupTimerInterrupt  port.o
    0x08003340   0x08003340   0x00000034   Code   RO         3413    i.vTaskDelay        tasks.o
    0x08003374   0x08003374   0x000000ec   Code   RO         3414    i.vTaskDelete       tasks.o
    0x08003460   0x08003460   0x000000cc   Code   RO         3417    i.vTaskGetInfo      tasks.o
    0x0800352c   0x0800352c   0x0000011c   Code   RO         3419    i.vTaskListTasks    tasks.o
    0x08003648   0x08003648   0x000000bc   Code   RO         3426    i.vTaskResume       tasks.o
    0x08003704   0x08003704   0x0000004c   Code   RO         3429    i.vTaskStartScheduler  tasks.o
    0x08003750   0x08003750   0x000000dc   Code   RO         3430    i.vTaskSuspend      tasks.o
    0x0800382c   0x0800382c   0x00000010   Code   RO         3431    i.vTaskSuspendAll   tasks.o
    0x0800383c   0x0800383c   0x00000068   Code   RO         3432    i.vTaskSwitchContext  tasks.o
    0x080038a4   0x080038a4   0x00000034   Code   RO         3863    i.xPortStartScheduler  port.o
    0x080038d8   0x080038d8   0x00000034   Code   RO         3864    i.xPortSysTickHandler  port.o
    0x0800390c   0x0800390c   0x00000038   Code   RO         3435    i.xTaskCreate       tasks.o
    0x08003944   0x08003944   0x00000020   Code   RO         3443    i.xTaskGetSchedulerState  tasks.o
    0x08003964   0x08003964   0x000001a0   Code   RO         3446    i.xTaskIncrementTick  tasks.o
    0x08003b04   0x08003b04   0x00000178   Code   RO         3448    i.xTaskResumeAll    tasks.o
    0x08003c7c   0x08003c7c   0x00000012   Data   RO         1668    .constdata          stm32f1xx_hal_rcc.o
    0x08003c8e   0x08003c8e   0x00000018   Data   RO         2862    .constdata          system_stm32f1xx.o
    0x08003ca6   0x08003ca6   0x00000002   PAD
    0x08003ca8   0x08003ca8   0x00000020   Data   RO         4298    Region$$Table       anon$$obj.o


    Execution Region RW_IRAM1 (Exec base: 0x20000000, Load base: 0x08003cc8, Size: 0x00004a70, Max: 0x00010000, ABSOLUTE)

    Exec Addr    Load Addr    Size         Type   Attr      Idx    E Section Name        Object

    0x20000000   0x08003cc8   0x00000009   Data   RW         1504    .data               stm32f1xx_hal.o
    0x20000009   0x08003cd1   0x00000003   PAD
    0x2000000c   0x08003cd4   0x00000004   Data   RW         2863    .data               system_stm32f1xx.o
    0x20000010   0x08003cd8   0x00000040   Data   RW         3451    .data               tasks.o
    0x20000050   0x08003d18   0x0000001c   Data   RW         3795    .data               heap_4.o
    0x2000006c   0x08003d34   0x00000004   Data   RW         3865    .data               port.o
    0x20000070   0x08003d38   0x00000010   Data   RW         3936    .data               freertos_demo.o
    0x20000080   0x08003d48   0x00000004   Data   RW         4274    .data               mc_w.l(stdout.o)
    0x20000084        -       0x00000048   Zero   RW          221    .bss                usart.o
    0x200000cc        -       0x00000048   Zero   RW          375    .bss                stm32f1xx_hal_timebase_tim.o
    0x20000114        -       0x00000090   Zero   RW          415    .bss                tim.o
    0x200001a4        -       0x000000c8   Zero   RW         3450    .bss                tasks.o
    0x2000026c        -       0x00004400   Zero   RW         3794    .bss                heap_4.o
    0x2000466c   0x08003d4c   0x00000004   PAD
    0x20004670        -       0x00000400   Zero   RW            1    STACK               startup_stm32f103xe.o


==============================================================================

Image component sizes


      Code (inc. data)   RO Data    RW Data    ZI Data      Debug   Object Name

         0          0          0          0          0       2616   event_groups.o
       748        312          0         16          0       3668   freertos_demo.o
       216         14          0          0          0        967   gpio.o
       548         56          0         28      17408       4975   heap_4.o
       148          0          0          0          0       3274   list.o
       228         34          0          0          0     505428   main.o
       404         48          0          4          0       9244   port.o
        36          8        304          0       1024        800   startup_stm32f103xe.o
       116         24          0          9          0       5842   stm32f1xx_hal.o
       252         22          0          0          0      28662   stm32f1xx_hal_cortex.o
       510         10          0          0          0       1883   stm32f1xx_hal_dma.o
       880         40          0          0          0       3936   stm32f1xx_hal_gpio.o
        84          8          0          0          0        890   stm32f1xx_hal_msp.o
      1816        108         18          0          0       6569   stm32f1xx_hal_rcc.o
      1176         44          0          0          0       9383   stm32f1xx_hal_tim.o
       160         22          0          0          0       2429   stm32f1xx_hal_tim_ex.o
       180         22          0          0         72       1463   stm32f1xx_hal_timebase_tim.o
      1956          8          0          0          0      11044   stm32f1xx_hal_uart.o
       102         24          0          0          0       4905   stm32f1xx_it.o
         2          0         24          4          0       1115   system_stm32f1xx.o
      3914        450          0         64        200      39524   tasks.o
       340         22          0          0        144       2311   tim.o
       208         24          0          0         72       1658   usart.o

    ----------------------------------------------------------------------
     14044       1300        380        128      18924     652586   Object Totals
         0          0         32          0          0          0   (incl. Generated)
        20          0          2          3          4          0   (incl. Padding)

    ----------------------------------------------------------------------

      Code (inc. data)   RO Data    RW Data    ZI Data      Debug   Library Member Name

         0          0          0          0          0          0   entry.o
         0          0          0          0          0          0   entry10a.o
         0          0          0          0          0          0   entry11a.o
         8          4          0          0          0          0   entry2.o
         4          0          0          0          0          0   entry5.o
         0          0          0          0          0          0   entry7b.o
         0          0          0          0          0          0   entry8b.o
         8          4          0          0          0          0   entry9a.o
        30          0          0          0          0          0   handlers.o
        36          8          0          0          0         68   init.o
        36          0          0          0          0        108   memseta.o
       936         18          0          0          0        504   printf6.o
         0          0          0          4          0          0   stdout.o
        18          0          0          0          0         68   strcpy.o
        14          0          0          0          0         68   strlen.o
        44          0          0          0          0         80   uidiv.o

    ----------------------------------------------------------------------
      1136         34          0          4          0        896   Library Totals
         2          0          0          0          0          0   (incl. Padding)

    ----------------------------------------------------------------------

      Code (inc. data)   RO Data    RW Data    ZI Data      Debug   Library Name

      1134         34          0          4          0        896   mc_w.l

    ----------------------------------------------------------------------
      1136         34          0          4          0        896   Library Totals

    ----------------------------------------------------------------------

==============================================================================


      Code (inc. data)   RO Data    RW Data    ZI Data      Debug   

     15180       1334        380        132      18924     646718   Grand Totals
     15180       1334        380        132      18924     646718   ELF Image Totals
     15180       1334        380        132          0          0   ROM Totals

==============================================================================

    Total RO  Size (Code + RO Data)                15560 (  15.20kB)
    Total RW  Size (RW Data + ZI Data)             19056 (  18.61kB)
    Total ROM Size (Code + RO Data + RW Data)      15692 (  15.32kB)

==============================================================================

