Component: ARM Compiler 5.06 update 5 (build 528) Tool: armlink [4d35e2]

==============================================================================

Section Cross References

    startup_stm32f103xe.o(RESET) refers to startup_stm32f103xe.o(STACK) for __initial_sp
    startup_stm32f103xe.o(RESET) refers to startup_stm32f103xe.o(.text) for Reset_Handler
    startup_stm32f103xe.o(RESET) refers to stm32f1xx_it.o(i.NMI_Handler) for NMI_Handler
    startup_stm32f103xe.o(RESET) refers to stm32f1xx_it.o(i.HardFault_Handler) for HardFault_Handler
    startup_stm32f103xe.o(RESET) refers to stm32f1xx_it.o(i.MemManage_Handler) for MemManage_Handler
    startup_stm32f103xe.o(RESET) refers to stm32f1xx_it.o(i.BusFault_Handler) for BusFault_Handler
    startup_stm32f103xe.o(RESET) refers to stm32f1xx_it.o(i.UsageFault_Handler) for UsageFault_Handler
    startup_stm32f103xe.o(RESET) refers to port.o(.emb_text) for SVC_Handler
    startup_stm32f103xe.o(RESET) refers to stm32f1xx_it.o(i.DebugMon_Handler) for DebugMon_Handler
    startup_stm32f103xe.o(RESET) refers to stm32f1xx_it.o(i.SysTick_Handler) for SysTick_Handler
    startup_stm32f103xe.o(RESET) refers to stm32f1xx_it.o(i.TIM7_IRQHandler) for TIM7_IRQHandler
    startup_stm32f103xe.o(.text) refers to system_stm32f1xx.o(i.SystemInit) for SystemInit
    startup_stm32f103xe.o(.text) refers to entry.o(.ARM.Collect$$$$00000000) for __main
    main.o(i.HAL_TIM_PeriodElapsedCallback) refers to stm32f1xx_hal.o(i.HAL_IncTick) for HAL_IncTick
    main.o(i.SystemClock_Config) refers to memseta.o(.text) for __aeabi_memclr4
    main.o(i.SystemClock_Config) refers to stm32f1xx_hal_rcc.o(i.HAL_RCC_OscConfig) for HAL_RCC_OscConfig
    main.o(i.SystemClock_Config) refers to main.o(i.Error_Handler) for Error_Handler
    main.o(i.SystemClock_Config) refers to stm32f1xx_hal_rcc.o(i.HAL_RCC_ClockConfig) for HAL_RCC_ClockConfig
    main.o(i.fputc) refers to stm32f1xx_hal_uart.o(i.HAL_UART_Transmit) for HAL_UART_Transmit
    main.o(i.fputc) refers to usart.o(.bss) for huart1
    main.o(i.main) refers to stm32f1xx_hal.o(i.HAL_Init) for HAL_Init
    main.o(i.main) refers to stm32f1xx_hal.o(i.HAL_Delay) for HAL_Delay
    main.o(i.main) refers to main.o(i.SystemClock_Config) for SystemClock_Config
    main.o(i.main) refers to gpio.o(i.MX_GPIO_Init) for MX_GPIO_Init
    main.o(i.main) refers to usart.o(i.MX_USART1_UART_Init) for MX_USART1_UART_Init
    main.o(i.main) refers to printfb.o(i.__0printf$bare) for __2printf
    main.o(i.main) refers to freertos_demo.o(i.freertos_start) for freertos_start
    main.o(i.vApplicationGetIdleTaskMemory) refers to main.o(.bss) for idle_task_tcb
    main.o(i.vApplicationGetTimerTaskMemory) refers to main.o(.bss) for timer_task_tcb
    gpio.o(i.MX_GPIO_Init) refers to stm32f1xx_hal_gpio.o(i.HAL_GPIO_WritePin) for HAL_GPIO_WritePin
    gpio.o(i.MX_GPIO_Init) refers to stm32f1xx_hal_gpio.o(i.HAL_GPIO_Init) for HAL_GPIO_Init
    usart.o(i.HAL_UART_MspDeInit) refers to stm32f1xx_hal_gpio.o(i.HAL_GPIO_DeInit) for HAL_GPIO_DeInit
    usart.o(i.HAL_UART_MspInit) refers to stm32f1xx_hal_gpio.o(i.HAL_GPIO_Init) for HAL_GPIO_Init
    usart.o(i.MX_USART1_UART_Init) refers to stm32f1xx_hal_uart.o(i.HAL_UART_Init) for HAL_UART_Init
    usart.o(i.MX_USART1_UART_Init) refers to main.o(i.Error_Handler) for Error_Handler
    usart.o(i.MX_USART1_UART_Init) refers to usart.o(.bss) for huart1
    stm32f1xx_it.o(i.SysTick_Handler) refers to tasks.o(i.xTaskGetSchedulerState) for xTaskGetSchedulerState
    stm32f1xx_it.o(i.SysTick_Handler) refers to port.o(i.xPortSysTickHandler) for xPortSysTickHandler
    stm32f1xx_it.o(i.TIM7_IRQHandler) refers to stm32f1xx_hal_tim.o(i.HAL_TIM_IRQHandler) for HAL_TIM_IRQHandler
    stm32f1xx_it.o(i.TIM7_IRQHandler) refers to stm32f1xx_hal_timebase_tim.o(.bss) for htim7
    stm32f1xx_hal_timebase_tim.o(i.HAL_InitTick) refers to stm32f1xx_hal_rcc.o(i.HAL_RCC_GetClockConfig) for HAL_RCC_GetClockConfig
    stm32f1xx_hal_timebase_tim.o(i.HAL_InitTick) refers to stm32f1xx_hal_rcc.o(i.HAL_RCC_GetPCLK1Freq) for HAL_RCC_GetPCLK1Freq
    stm32f1xx_hal_timebase_tim.o(i.HAL_InitTick) refers to stm32f1xx_hal_tim.o(i.HAL_TIM_Base_Init) for HAL_TIM_Base_Init
    stm32f1xx_hal_timebase_tim.o(i.HAL_InitTick) refers to stm32f1xx_hal_tim.o(i.HAL_TIM_Base_Start_IT) for HAL_TIM_Base_Start_IT
    stm32f1xx_hal_timebase_tim.o(i.HAL_InitTick) refers to stm32f1xx_hal_cortex.o(i.HAL_NVIC_EnableIRQ) for HAL_NVIC_EnableIRQ
    stm32f1xx_hal_timebase_tim.o(i.HAL_InitTick) refers to stm32f1xx_hal_cortex.o(i.HAL_NVIC_SetPriority) for HAL_NVIC_SetPriority
    stm32f1xx_hal_timebase_tim.o(i.HAL_InitTick) refers to stm32f1xx_hal_timebase_tim.o(.bss) for htim7
    stm32f1xx_hal_timebase_tim.o(i.HAL_InitTick) refers to stm32f1xx_hal.o(.data) for uwTickPrio
    stm32f1xx_hal_timebase_tim.o(i.HAL_ResumeTick) refers to stm32f1xx_hal_timebase_tim.o(.bss) for htim7
    stm32f1xx_hal_timebase_tim.o(i.HAL_SuspendTick) refers to stm32f1xx_hal_timebase_tim.o(.bss) for htim7
[...]
    Removing stm32f1xx_hal_cortex.o(i.HAL_SYSTICK_Config), (52 bytes).
    Removing stm32f1xx_hal_cortex.o(i.HAL_SYSTICK_IRQHandler), (8 bytes).
    Removing stm32f1xx_hal_pwr.o(.rev16_text), (4 bytes).
    Removing stm32f1xx_hal_pwr.o(.revsh_text), (4 bytes).
    Removing stm32f1xx_hal_pwr.o(.rrx_text), (6 bytes).
    Removing stm32f1xx_hal_pwr.o(i.HAL_PWR_ConfigPVD), (180 bytes).
    Removing stm32f1xx_hal_pwr.o(i.HAL_PWR_DeInit), (28 bytes).
    Removing stm32f1xx_hal_pwr.o(i.HAL_PWR_DisableBkUpAccess), (12 bytes).
    Removing stm32f1xx_hal_pwr.o(i.HAL_PWR_DisablePVD), (12 bytes).
    Removing stm32f1xx_hal_pwr.o(i.HAL_PWR_DisableSEVOnPend), (20 bytes).
    Removing stm32f1xx_hal_pwr.o(i.HAL_PWR_DisableSleepOnExit), (20 bytes).
    Removing stm32f1xx_hal_pwr.o(i.HAL_PWR_DisableWakeUpPin), (28 bytes).
    Removing stm32f1xx_hal_pwr.o(i.HAL_PWR_EnableBkUpAccess), (12 bytes).
    Removing stm32f1xx_hal_pwr.o(i.HAL_PWR_EnablePVD), (12 bytes).
    Removing stm32f1xx_hal_pwr.o(i.HAL_PWR_EnableSEVOnPend), (20 bytes).
    Removing stm32f1xx_hal_pwr.o(i.HAL_PWR_EnableSleepOnExit), (20 bytes).
    Removing stm32f1xx_hal_pwr.o(i.HAL_PWR_EnableWakeUpPin), (28 bytes).
    Removing stm32f1xx_hal_pwr.o(i.HAL_PWR_EnterSLEEPMode), (32 bytes).
    Removing stm32f1xx_hal_pwr.o(i.HAL_PWR_EnterSTANDBYMode), (40 bytes).
    Removing stm32f1xx_hal_pwr.o(i.HAL_PWR_EnterSTOPMode), (84 bytes).
    Removing stm32f1xx_hal_pwr.o(i.HAL_PWR_PVDCallback), (2 bytes).
    Removing stm32f1xx_hal_pwr.o(i.HAL_PWR_PVD_IRQHandler), (32 bytes).
    Removing stm32f1xx_hal_pwr.o(i.PWR_OverloadWfe), (6 bytes).
    Removing stm32f1xx_hal_flash.o(.rev16_text), (4 bytes).
    Removing stm32f1xx_hal_flash.o(.revsh_text), (4 bytes).
    Removing stm32f1xx_hal_flash.o(.rrx_text), (6 bytes).
    Removing stm32f1xx_hal_flash.o(i.FLASH_Program_HalfWord), (32 bytes).
    Removing stm32f1xx_hal_flash.o(i.FLASH_SetErrorCode), (132 bytes).
    Removing stm32f1xx_hal_flash.o(i.FLASH_WaitForLastOperation), (112 bytes).
    Removing stm32f1xx_hal_flash.o(i.HAL_FLASH_EndOfOperationCallback), (2 bytes).
    Removing stm32f1xx_hal_flash.o(i.HAL_FLASH_GetError), (12 bytes).
    Removing stm32f1xx_hal_flash.o(i.HAL_FLASH_IRQHandler), (376 bytes).
    Removing stm32f1xx_hal_flash.o(i.HAL_FLASH_Lock), (20 bytes).
    Removing stm32f1xx_hal_flash.o(i.HAL_FLASH_OB_Launch), (8 bytes).
    Removing stm32f1xx_hal_flash.o(i.HAL_FLASH_OB_Lock), (20 bytes).
    Removing stm32f1xx_hal_flash.o(i.HAL_FLASH_OB_Unlock), (44 bytes).
    Removing stm32f1xx_hal_flash.o(i.HAL_FLASH_OperationErrorCallback), (2 bytes).
    Removing stm32f1xx_hal_flash.o(i.HAL_FLASH_Program), (176 bytes).
    Removing stm32f1xx_hal_flash.o(i.HAL_FLASH_Program_IT), (100 bytes).
    Removing stm32f1xx_hal_flash.o(i.HAL_FLASH_Unlock), (48 bytes).
    Removing stm32f1xx_hal_flash.o(.bss), (32 bytes).
    Removing stm32f1xx_hal_flash_ex.o(.rev16_text), (4 bytes).
    Removing stm32f1xx_hal_flash_ex.o(.revsh_text), (4 bytes).
    Removing stm32f1xx_hal_flash_ex.o(.rrx_text), (6 bytes).
    Removing stm32f1xx_hal_flash_ex.o(i.FLASH_MassErase), (40 bytes).
    Removing stm32f1xx_hal_flash_ex.o(i.FLASH_OB_DisableWRP), (232 bytes).
    Removing stm32f1xx_hal_flash_ex.o(i.FLASH_OB_EnableWRP), (236 bytes).
    Removing stm32f1xx_hal_flash_ex.o(i.FLASH_OB_GetRDP), (28 bytes).
    Removing stm32f1xx_hal_flash_ex.o(i.FLASH_OB_GetUser), (16 bytes).
    Removing stm32f1xx_hal_flash_ex.o(i.FLASH_OB_GetWRP), (12 bytes).
    Removing stm32f1xx_hal_flash_ex.o(i.FLASH_OB_ProgramData), (76 bytes).
    Removing stm32f1xx_hal_flash_ex.o(i.FLASH_OB_RDP_LevelConfig), (124 bytes).
    Removing stm32f1xx_hal_flash_ex.o(i.FLASH_OB_UserConfig), (84 bytes).
    Removing stm32f1xx_hal_flash_ex.o(i.FLASH_PageErase), (40 bytes).
    Removing stm32f1xx_hal_flash_ex.o(i.HAL_FLASHEx_Erase), (176 bytes).
    Removing stm32f1xx_hal_flash_ex.o(i.HAL_FLASHEx_Erase_IT), (80 bytes).
    Removing stm32f1xx_hal_flash_ex.o(i.HAL_FLASHEx_OBErase), (96 bytes).
    Removing stm32f1xx_hal_flash_ex.o(i.HAL_FLASHEx_OBGetConfig), (28 bytes).
    Removing stm32f1xx_hal_flash_ex.o(i.HAL_FLASHEx_OBGetUserData), (40 bytes).
    Removing stm32f1xx_hal_flash_ex.o(i.HAL_FLASHEx_OBProgram), (200 bytes).
    Removing stm32f1xx_hal_exti.o(.rev16_text), (4 bytes).
    Removing stm32f1xx_hal_exti.o(.revsh_text), (4 bytes).
    Removing stm32f1xx_hal_exti.o(.rrx_text), (6 bytes).
    Removing stm32f1xx_hal_exti.o(i.HAL_EXTI_ClearConfigLine), (120 bytes).
    Removing stm32f1xx_hal_exti.o(i.HAL_EXTI_ClearPending), (28 bytes).
    Removing stm32f1xx_hal_exti.o(i.HAL_EXTI_GenerateSWI), (24 bytes).
    Removing stm32f1xx_hal_exti.o(i.HAL_EXTI_GetConfigLine), (156 bytes).
    Removing stm32f1xx_hal_exti.o(i.HAL_EXTI_GetHandle), (14 bytes).
    Removing stm32f1xx_hal_exti.o(i.HAL_EXTI_GetPending), (36 bytes).
    Removing stm32f1xx_hal_exti.o(i.HAL_EXTI_IRQHandler), (44 bytes).
    Removing stm32f1xx_hal_exti.o(i.HAL_EXTI_RegisterCallback), (20 bytes).
    Removing stm32f1xx_hal_exti.o(i.HAL_EXTI_SetConfigLine), (240 bytes).
    Removing system_stm32f1xx.o(.rev16_text), (4 bytes).
    Removing system_stm32f1xx.o(.revsh_text), (4 bytes).
    Removing system_stm32f1xx.o(.rrx_text), (6 bytes).
    Removing system_stm32f1xx.o(i.SystemCoreClockUpdate), (164 bytes).
    Removing event_groups.o(i.prvTestWaitCondition), (30 bytes).
    Removing event_groups.o(i.vEventGroupClearBitsCallback), (16 bytes).
    Removing event_groups.o(i.vEventGroupDelete), (46 bytes).
    Removing event_groups.o(i.vEventGroupSetBitsCallback), (16 bytes).
    Removing event_groups.o(i.xEventGroupClearBits), (32 bytes).
    Removing event_groups.o(i.xEventGroupCreate), (30 bytes).
    Removing event_groups.o(i.xEventGroupCreateStatic), (26 bytes).
    Removing event_groups.o(i.xEventGroupGetBitsFromISR), (44 bytes).
    Removing event_groups.o(i.xEventGroupGetStaticBuffer), (22 bytes).
    Removing event_groups.o(i.xEventGroupSetBits), (152 bytes).
    Removing event_groups.o(i.xEventGroupSync), (168 bytes).
    Removing event_groups.o(i.xEventGroupWaitBits), (204 bytes).
    Removing queue.o(i.prvCopyDataToQueue), (106 bytes).
    Removing queue.o(i.prvIsQueueFull), (30 bytes).
    Removing queue.o(i.uxQueueGetQueueItemSize), (6 bytes).
    Removing queue.o(i.uxQueueGetQueueLength), (6 bytes).
    Removing queue.o(i.uxQueueMessagesWaiting), (18 bytes).
    Removing queue.o(i.uxQueueMessagesWaitingFromISR), (8 bytes).
    Removing queue.o(i.uxQueueSpacesAvailable), (24 bytes).
    Removing queue.o(i.vQueueDelete), (20 bytes).
    Removing queue.o(i.xQueueGenericCreate), (82 bytes).
    Removing queue.o(i.xQueueGenericGetStaticBuffers), (32 bytes).
    Removing queue.o(i.xQueueGenericSend), (280 bytes).
    Removing queue.o(i.xQueueGenericSendFromISR), (154 bytes).
    Removing queue.o(i.xQueueGiveFromISR), (134 bytes).
    Removing queue.o(i.xQueueIsQueueEmptyFromISR), (16 bytes).
    Removing queue.o(i.xQueueIsQueueFullFromISR), (22 bytes).
    Removing queue.o(i.xQueuePeek), (268 bytes).
    Removing queue.o(i.xQueuePeekFromISR), (74 bytes).
    Removing queue.o(i.xQueueReceiveFromISR), (142 bytes).
    Removing queue.o(i.xQueueSemaphoreTake), (240 bytes).
    Removing stream_buffer.o(i.prvBytesInBuffer), (24 bytes).
    Removing stream_buffer.o(i.prvInitialiseNewStreamBuffer), (46 bytes).
    Removing stream_buffer.o(i.prvReadBytesFromBuffer), (76 bytes).
    Removing stream_buffer.o(i.prvReadMessageFromBuffer), (90 bytes).
    Removing stream_buffer.o(i.prvWriteBytesToBuffer), (76 bytes).
    Removing stream_buffer.o(i.prvWriteMessageToBuffer), (88 bytes).
    Removing stream_buffer.o(i.uxStreamBufferGetStreamBufferNotificationIndex), (8 bytes).
    Removing stream_buffer.o(i.vStreamBufferDelete), (32 bytes).
    Removing stream_buffer.o(i.vStreamBufferSetStreamBufferNotificationIndex), (6 bytes).
    Removing stream_buffer.o(i.xStreamBufferBytesAvailable), (18 bytes).
    Removing stream_buffer.o(i.xStreamBufferGenericCreate), (92 bytes).
    Removing stream_buffer.o(i.xStreamBufferGenericCreateStatic), (96 bytes).
    Removing stream_buffer.o(i.xStreamBufferGetStaticBuffers), (30 bytes).
    Removing stream_buffer.o(i.xStreamBufferIsEmpty), (22 bytes).
    Removing stream_buffer.o(i.xStreamBufferIsFull), (40 bytes).
    Removing stream_buffer.o(i.xStreamBufferNextMessageLengthBytes), (52 bytes).
    Removing stream_buffer.o(i.xStreamBufferReceive), (192 bytes).
    Removing stream_buffer.o(i.xStreamBufferReceiveCompletedFromISR), (80 bytes).
    Removing stream_buffer.o(i.xStreamBufferReceiveFromISR), (134 bytes).
    Removing stream_buffer.o(i.xStreamBufferReset), (56 bytes).
    Removing stream_buffer.o(i.xStreamBufferResetFromISR), (80 bytes).
    Removing stream_buffer.o(i.xStreamBufferSend), (226 bytes).
    Removing stream_buffer.o(i.xStreamBufferSendCompletedFromISR), (80 bytes).
    Removing stream_buffer.o(i.xStreamBufferSendFromISR), (136 bytes).
    Removing stream_buffer.o(i.xStreamBufferSetTriggerLevel), (26 bytes).
    Removing stream_buffer.o(i.xStreamBufferSpacesAvailable), (40 bytes).
    Removing tasks.o(i.pcTaskGetName), (24 bytes).
    Removing tasks.o(i.prvCreateTask), (94 bytes).
    Removing tasks.o(i.prvTaskIsTaskSuspended), (96 bytes).
    Removing tasks.o(i.ulTaskGenericNotifyTake), (184 bytes).
    Removing tasks.o(i.ulTaskGenericNotifyValueClear), (64 bytes).
    Removing tasks.o(i.uxTaskGetNumberOfTasks), (12 bytes).
    Removing tasks.o(i.uxTaskPriorityGet), (36 bytes).
    Removing tasks.o(i.uxTaskPriorityGetFromISR), (56 bytes).
    Removing tasks.o(i.uxTaskResetEventItemValue), (28 bytes).
    Removing tasks.o(i.vTaskEndScheduler), (76 bytes).
    Removing tasks.o(i.vTaskGenericNotifyGiveFromISR), (348 bytes).
    Removing tasks.o(i.vTaskPlaceOnUnorderedEventList), (84 bytes).
    Removing tasks.o(i.vTaskPrioritySet), (304 bytes).
    Removing tasks.o(i.vTaskRemoveFromUnorderedEventList), (224 bytes).
    Removing tasks.o(i.vTaskResetState), (116 bytes).
    Removing tasks.o(i.vTaskResume), (188 bytes).
    Removing tasks.o(i.vTaskSetTimeOutState), (36 bytes).
    Removing tasks.o(i.vTaskSuspend), (220 bytes).
    Removing tasks.o(i.xTaskCatchUpTicks), (40 bytes).
    Removing tasks.o(i.xTaskCreate), (56 bytes).
    Removing tasks.o(i.xTaskDelayUntil), (116 bytes).
    Removing tasks.o(i.xTaskGenericNotify), (348 bytes).
    Removing tasks.o(i.xTaskGenericNotifyFromISR), (516 bytes).
    Removing tasks.o(i.xTaskGenericNotifyStateClear), (64 bytes).
    Removing tasks.o(i.xTaskGenericNotifyWait), (220 bytes).
    Removing tasks.o(i.xTaskGetCurrentTaskHandle), (12 bytes).
    Removing tasks.o(i.xTaskGetCurrentTaskHandleForCore), (32 bytes).
    Removing tasks.o(i.xTaskGetStaticBuffers), (64 bytes).
    Removing tasks.o(i.xTaskGetTickCountFromISR), (12 bytes).
    Removing tasks.o(i.xTaskResumeFromISR), (220 bytes).
    Removing timers.o(i.pcTimerGetName), (8 bytes).
    Removing timers.o(i.prvInitialiseNewTimer), (56 bytes).
    Removing timers.o(i.pvTimerGetTimerID), (20 bytes).
    Removing timers.o(i.uxTimerGetReloadMode), (16 bytes).
    Removing timers.o(i.vTimerResetState), (20 bytes).
    Removing timers.o(i.vTimerSetReloadMode), (46 bytes).
    Removing timers.o(i.vTimerSetTimerID), (20 bytes).
    Removing timers.o(i.xTimerCreate), (54 bytes).
    Removing timers.o(i.xTimerCreateStatic), (48 bytes).
    Removing timers.o(i.xTimerGenericCommandFromISR), (64 bytes).
    Removing timers.o(i.xTimerGenericCommandFromTask), (88 bytes).
    Removing timers.o(i.xTimerGetExpiryTime), (8 bytes).
    Removing timers.o(i.xTimerGetPeriod), (8 bytes).
    Removing timers.o(i.xTimerGetReloadMode), (34 bytes).
    Removing timers.o(i.xTimerGetStaticBuffer), (26 bytes).
    Removing timers.o(i.xTimerGetTimerDaemonTaskHandle), (12 bytes).
    Removing timers.o(i.xTimerIsTimerActive), (34 bytes).
    Removing heap_4.o(i.prvHeapInit), (108 bytes).
    Removing heap_4.o(i.pvPortCalloc), (54 bytes).
    Removing heap_4.o(i.pvPortMalloc), (260 bytes).
    Removing heap_4.o(i.vPortGetHeapStats), (128 bytes).
    Removing heap_4.o(i.vPortHeapResetState), (44 bytes).
    Removing heap_4.o(i.vPortInitialiseBlocks), (2 bytes).
    Removing heap_4.o(i.xPortGetFreeHeapSize), (12 bytes).
    Removing heap_4.o(i.xPortGetMinimumEverFreeHeapSize), (12 bytes).
    Removing heap_4.o(i.xPortResetHeapMinimumEverFreeHeapSize), (20 bytes).
    Removing heap_4.o(.bss), (17408 bytes).
    Removing port.o(i.vPortEndScheduler), (2 bytes).
    Removing freertos_demo.o(.rev16_text), (4 bytes).
    Removing freertos_demo.o(.revsh_text), (4 bytes).
    Removing freertos_demo.o(.rrx_text), (6 bytes).
    Removing dadd.o(.text), (334 bytes).
    Removing dmul.o(.text), (228 bytes).
    Removing ddiv.o(.text), (222 bytes).
    Removing dfixul.o(.text), (48 bytes).
    Removing cdrcmple.o(.text), (48 bytes).
    Removing depilogue.o(.text), (186 bytes).

521 unused section(s) (total 65674 bytes) removed from the image.

==============================================================================

Image Symbol Table

    Local Symbols

    Symbol Name                              Value     Ov Type        Size  Object(Section)

    ../Core/Src/gpio.c                       0x00000000   Number         0  gpio.o ABSOLUTE
    ../Core/Src/main.c                       0x00000000   Number         0  main.o ABSOLUTE
    ../Core/Src/stm32f1xx_hal_msp.c          0x00000000   Number         0  stm32f1xx_hal_msp.o ABSOLUTE
    ../Core/Src/stm32f1xx_hal_timebase_tim.c 0x00000000   Number         0  stm32f1xx_hal_timebase_tim.o ABSOLUTE
    ../Core/Src/stm32f1xx_it.c               0x00000000   Number         0  stm32f1xx_it.o ABSOLUTE
    ../Core/Src/system_stm32f1xx.c           0x00000000   Number         0  system_stm32f1xx.o ABSOLUTE
    ../Core/Src/usart.c                      0x00000000   Number         0  usart.o ABSOLUTE
    ../Drivers/STM32F1xx_HAL_Driver/Src/stm32f1xx_hal.c 0x00000000   Number         0  stm32f1xx_hal.o ABSOLUTE
    ../Drivers/STM32F1xx_HAL_Driver/Src/stm32f1xx_hal_cortex.c 0x00000000   Number         0  stm32f1xx_hal_cortex.o ABSOLUTE
    ../Drivers/STM32F1xx_HAL_Driver/Src/stm32f1xx_hal_dma.c 0x00000000   Number         0  stm32f1xx_hal_dma.o ABSOLUTE
    ../Drivers/STM32F1xx_HAL_Driver/Src/stm32f1xx_hal_exti.c 0x00000000   Number         0  stm32f1xx_hal_exti.o ABSOLUTE
    ../Drivers/STM32F1xx_HAL_Driver/Src/stm32f1xx_hal_flash.c 0x00000000   Number         0  stm32f1xx_hal_flash.o ABSOLUTE
    ../Drivers/STM32F1xx_HAL_Driver/Src/stm32f1xx_hal_flash_ex.c 0x00000000   Number         0  stm32f1xx_hal_flash_ex.o ABSOLUTE
    ../Drivers/STM32F1xx_HAL_Driver/Src/stm32f1xx_hal_gpio.c 0x00000000   Number         0  stm32f1xx_hal_gpio.o ABSOLUTE
    ../Drivers/STM32F1xx_HAL_Driver/Src/stm32f1xx_hal_gpio_ex.c 0x00000000   Number         0  stm32f1xx_hal_gpio_ex.o ABSOLUTE
    ../Drivers/STM32F1xx_HAL_Driver/Src/stm32f1xx_hal_pwr.c 0x00000000   Number         0  stm32f1xx_hal_pwr.o ABSOLUTE
    ../Drivers/STM32F1xx_HAL_Driver/Src/stm32f1xx_hal_rcc.c 0x00000000   Number         0  stm32f1xx_hal_rcc.o ABSOLUTE
    ../Drivers/STM32F1xx_HAL_Driver/Src/stm32f1xx_hal_rcc_ex.c 0x00000000   Number         0  stm32f1xx_hal_rcc_ex.o ABSOLUTE
    ../Drivers/STM32F1xx_HAL_Driver/Src/stm32f1xx_hal_tim.c 0x00000000   Number         0  stm32f1xx_hal_tim.o ABSOLUTE
    ../Drivers/STM32F1xx_HAL_Driver/Src/stm32f1xx_hal_tim_ex.c 0x00000000   Number         0  stm32f1xx_hal_tim_ex.o ABSOLUTE
    ../Drivers/STM32F1xx_HAL_Driver/Src/stm32f1xx_hal_uart.c 0x00000000   Number         0  stm32f1xx_hal_uart.o ABSOLUTE
    ../clib/microlib/division.c              0x00000000   Number         0  uldiv.o ABSOLUTE
    ../clib/microlib/division.c              0x00000000   Number         0  uidiv.o ABSOLUTE
    ../clib/microlib/init/entry.s            0x00000000   Number         0  entry.o ABSOLUTE
    ../clib/microlib/init/entry.s            0x00000000   Number         0  entry9a.o ABSOLUTE
    ../clib/microlib/init/entry.s            0x00000000   Number         0  entry8b.o ABSOLUTE
    ../clib/microlib/init/entry.s            0x00000000   Number         0  entry11a.o ABSOLUTE
    ../clib/microlib/init/entry.s            0x00000000   Number         0  entry8a.o ABSOLUTE
    ../clib/microlib/init/entry.s            0x00000000   Number         0  entry10b.o ABSOLUTE
    ../clib/microlib/init/entry.s            0x00000000   Number         0  entry7b.o ABSOLUTE
    ../clib/microlib/init/entry.s            0x00000000   Number         0  entry7a.o ABSOLUTE
    ../clib/microlib/init/entry.s            0x00000000   Number         0  entry5.o ABSOLUTE
    ../clib/microlib/init/entry.s            0x00000000   Number         0  entry11b.o ABSOLUTE
    ../clib/microlib/init/entry.s            0x00000000   Number         0  entry2.o ABSOLUTE
    ../clib/microlib/init/entry.s            0x00000000   Number         0  entry10a.o ABSOLUTE
    ../clib/microlib/init/entry.s            0x00000000   Number         0  entry9b.o ABSOLUTE
    ../clib/microlib/longlong.c              0x00000000   Number         0  llsshr.o ABSOLUTE
    ../clib/microlib/longlong.c              0x00000000   Number         0  llshl.o ABSOLUTE
    ../clib/microlib/longlong.c              0x00000000   Number         0  llushr.o ABSOLUTE
    ../clib/microlib/printf/printf.c         0x00000000   Number         0  printf4.o ABSOLUTE
    ../clib/microlib/printf/printf.c         0x00000000   Number         0  printf3.o ABSOLUTE
    ../clib/microlib/printf/printf.c         0x00000000   Number         0  printf2.o ABSOLUTE
    ../clib/microlib/printf/printf.c         0x00000000   Number         0  printfb.o ABSOLUTE
    ../clib/microlib/printf/printf.c         0x00000000   Number         0  printf1.o ABSOLUTE
    ../clib/microlib/printf/printf.c         0x00000000   Number         0  printf8.o ABSOLUTE
    ../clib/microlib/printf/printf.c         0x00000000   Number         0  printfa.o ABSOLUTE
    ../clib/microlib/printf/printf.c         0x00000000   Number         0  printf7.o ABSOLUTE
    ../clib/microlib/printf/printf.c         0x00000000   Number         0  printf6.o ABSOLUTE
    ../clib/microlib/printf/printf.c         0x00000000   Number         0  printf5.o ABSOLUTE
    ../clib/microlib/printf/printf.c         0x00000000   Number         0  printf0.o ABSOLUTE
    ../clib/microlib/stdio/streams.c         0x00000000   Number         0  stdout.o ABSOLUTE
    ../clib/microlib/string/memcpy.c         0x00000000   Number         0  memcpyb.o ABSOLUTE
    ../clib/microlib/string/memcpy.c         0x00000000   Number         0  memcpya.o ABSOLUTE
    ../clib/microlib/string/memset.c         0x00000000   Number         0  memseta.o ABSOLUTE
    ../clib/microlib/stubs.s                 0x00000000   Number         0  iusefp.o ABSOLUTE
    ../fplib/microlib/fpadd.c                0x00000000   Number         0  dadd.o ABSOLUTE
    ../fplib/microlib/fpdiv.c                0x00000000   Number         0  ddiv.o ABSOLUTE
    ../fplib/microlib/fpepilogue.c           0x00000000   Number         0  depilogue.o ABSOLUTE
    ../fplib/microlib/fpfix.c                0x00000000   Number         0  dfixul.o ABSOLUTE
    ../fplib/microlib/fpmul.c                0x00000000   Number         0  dmul.o ABSOLUTE
    ..\Core\Src\gpio.c                       0x00000000   Number         0  gpio.o ABSOLUTE
    ..\Core\Src\main.c                       0x00000000   Number         0  main.o ABSOLUTE
    ..\Core\Src\stm32f1xx_hal_msp.c          0x00000000   Number         0  stm32f1xx_hal_msp.o ABSOLUTE
    ..\Core\Src\stm32f1xx_hal_timebase_tim.c 0x00000000   Number         0  stm32f1xx_hal_timebase_tim.o ABSOLUTE
    ..\Core\Src\stm32f1xx_it.c               0x00000000   Number         0  stm32f1xx_it.o ABSOLUTE
    ..\Core\Src\system_stm32f1xx.c           0x00000000   Number         0  system_stm32f1xx.o ABSOLUTE
    ..\Core\Src\usart.c                      0x00000000   Number         0  usart.o ABSOLUTE
    ..\Drivers\STM32F1xx_HAL_Driver\Src\stm32f1xx_hal.c 0x00000000   Number         0  stm32f1xx_hal.o ABSOLUTE
    ..\Drivers\STM32F1xx_HAL_Driver\Src\stm32f1xx_hal_cortex.c 0x00000000   Number         0  stm32f1xx_hal_cortex.o ABSOLUTE
    ..\Drivers\STM32F1xx_HAL_Driver\Src\stm32f1xx_hal_dma.c 0x00000000   Number         0  stm32f1xx_hal_dma.o ABSOLUTE
    ..\Drivers\STM32F1xx_HAL_Driver\Src\stm32f1xx_hal_exti.c 0x00000000   Number         0  stm32f1xx_hal_exti.o ABSOLUTE
    ..\Drivers\STM32F1xx_HAL_Driver\Src\stm32f1xx_hal_flash.c 0x00000000   Number         0  stm32f1xx_hal_flash.o ABSOLUTE
    ..\Drivers\STM32F1xx_HAL_Driver\Src\stm32f1xx_hal_flash_ex.c 0x00000000   Number         0  stm32f1xx_hal_flash_ex.o ABSOLUTE
    ..\Drivers\STM32F1xx_HAL_Driver\Src\stm32f1xx_hal_gpio.c 0x00000000   Number         0  stm32f1xx_hal_gpio.o ABSOLUTE
    ..\Drivers\STM32F1xx_HAL_Driver\Src\stm32f1xx_hal_gpio_ex.c 0x00000000   Number         0  stm32f1xx_hal_gpio_ex.o ABSOLUTE
    ..\Drivers\STM32F1xx_HAL_Driver\Src\stm32f1xx_hal_pwr.c 0x00000000   Number         0  stm32f1xx_hal_pwr.o ABSOLUTE
    ..\Drivers\STM32F1xx_HAL_Driver\Src\stm32f1xx_hal_rcc.c 0x00000000   Number         0  stm32f1xx_hal_rcc.o ABSOLUTE
    ..\Drivers\STM32F1xx_HAL_Driver\Src\stm32f1xx_hal_rcc_ex.c 0x00000000   Number         0  stm32f1xx_hal_rcc_ex.o ABSOLUTE
    ..\Drivers\STM32F1xx_HAL_Driver\Src\stm32f1xx_hal_tim.c 0x00000000   Number         0  stm32f1xx_hal_tim.o ABSOLUTE
    ..\Drivers\STM32F1xx_HAL_Driver\Src\stm32f1xx_hal_tim_ex.c 0x00000000   Number         0  stm32f1xx_hal_tim_ex.o ABSOLUTE
    ..\Drivers\STM32F1xx_HAL_Driver\Src\stm32f1xx_hal_uart.c 0x00000000   Number         0  stm32f1xx_hal_uart.o ABSOLUTE
    ..\MiddleWare\FreeRTOS\Portable\heap_4.c 0x00000000   Number         0  heap_4.o ABSOLUTE
    ..\MiddleWare\FreeRTOS\Portable\port.c   0x00000000   Number         0  port.o ABSOLUTE
    ..\MiddleWare\FreeRTOS\Src\croutine.c    0x00000000   Number         0  croutine.o ABSOLUTE
    ..\MiddleWare\FreeRTOS\Src\event_groups.c 0x00000000   Number         0  event_groups.o ABSOLUTE
    ..\MiddleWare\FreeRTOS\Src\list.c        0x00000000   Number         0  list.o ABSOLUTE
    ..\MiddleWare\FreeRTOS\Src\queue.c       0x00000000   Number         0  queue.o ABSOLUTE
    ..\MiddleWare\FreeRTOS\Src\stream_buffer.c 0x00000000   Number         0  stream_buffer.o ABSOLUTE
    ..\MiddleWare\FreeRTOS\Src\tasks.c       0x00000000   Number         0  tasks.o ABSOLUTE
    ..\MiddleWare\FreeRTOS\Src\timers.c      0x00000000   Number         0  timers.o ABSOLUTE
    ..\\MiddleWare\\FreeRTOS\\Portable\\port.c 0x00000000   Number         0  port.o ABSOLUTE
    Hardware\Src\FreeRTOS_demo.c             0x00000000   Number         0  freertos_demo.o ABSOLUTE
    Hardware\\Src\\FreeRTOS_demo.c           0x00000000   Number         0  freertos_demo.o ABSOLUTE
    cdrcmple.s                               0x00000000   Number         0  cdrcmple.o ABSOLUTE
    dc.s                                     0x00000000   Number         0  dc.o ABSOLUTE
    handlers.s                               0x00000000   Number         0  handlers.o ABSOLUTE
    init.s                                   0x00000000   Number         0  init.o ABSOLUTE
    startup_stm32f103xe.s                    0x00000000   Number         0  startup_stm32f103xe.o ABSOLUTE
    RESET                                    0x08000000   Section      304  startup_stm32f103xe.o(RESET)
    .ARM.Collect$$$$00000000                 0x08000130   Section        0  entry.o(.ARM.Collect$$$$00000000)
    .ARM.Collect$$$$00000001                 0x08000130   Section        4  entry2.o(.ARM.Collect$$$$00000001)
    .ARM.Collect$$$$00000004                 0x08000134   Section        4  entry5.o(.ARM.Collect$$$$00000004)
    .ARM.Collect$$$$00000008                 0x08000138   Section        0  entry7b.o(.ARM.Collect$$$$00000008)
    .ARM.Collect$$$$0000000A                 0x08000138   Section        0  entry8b.o(.ARM.Collect$$$$0000000A)
    .ARM.Collect$$$$0000000B                 0x08000138   Section        8  entry9a.o(.ARM.Collect$$$$0000000B)
    .ARM.Collect$$$$0000000D                 0x08000140   Section        0  entry10a.o(.ARM.Collect$$$$0000000D)
    .ARM.Collect$$$$0000000F                 0x08000140   Section        0  entry11a.o(.ARM.Collect$$$$0000000F)
    .ARM.Collect$$$$00002712                 0x08000140   Section        4  entry2.o(.ARM.Collect$$$$00002712)
    __lit__00000000                          0x08000140   Data           4  entry2.o(.ARM.Collect$$$$00002712)
    .emb_text                                0x08000144   Section      150  port.o(.emb_text)
    .text                                    0x080001dc   Section       36  startup_stm32f103xe.o(.text)
    .text                                    0x08000200   Section        0  memcpya.o(.text)
    .text                                    0x08000224   Section        0  memseta.o(.text)
    .text                                    0x08000248   Section       36  init.o(.text)
    i.BusFault_Handler                       0x0800026c   Section        0  stm32f1xx_it.o(i.BusFault_Handler)
    i.DebugMon_Handler                       0x08000270   Section        0  stm32f1xx_it.o(i.DebugMon_Handler)
    i.Error_Handler                          0x08000272   Section        0  main.o(i.Error_Handler)
    i.HAL_Delay                              0x08000278   Section        0  stm32f1xx_hal.o(i.HAL_Delay)
    i.HAL_GPIO_Init                          0x080002a0   Section        0  stm32f1xx_hal_gpio.o(i.HAL_GPIO_Init)
    i.HAL_GPIO_ReadPin                       0x080005e0   Section        0  stm32f1xx_hal_gpio.o(i.HAL_GPIO_ReadPin)
    i.HAL_GPIO_TogglePin                     0x080005f0   Section        0  stm32f1xx_hal_gpio.o(i.HAL_GPIO_TogglePin)
    i.HAL_GPIO_WritePin                      0x08000604   Section        0  stm32f1xx_hal_gpio.o(i.HAL_GPIO_WritePin)
    i.HAL_GetTick                            0x08000610   Section        0  stm32f1xx_hal.o(i.HAL_GetTick)
    i.HAL_IncTick                            0x0800061c   Section        0  stm32f1xx_hal.o(i.HAL_IncTick)
    i.HAL_Init                               0x08000634   Section        0  stm32f1xx_hal.o(i.HAL_Init)
    i.HAL_InitTick                           0x0800065c   Section        0  stm32f1xx_hal_timebase_tim.o(i.HAL_InitTick)
    i.HAL_MspInit                            0x08000710   Section        0  stm32f1xx_hal_msp.o(i.HAL_MspInit)
    i.HAL_NVIC_EnableIRQ                     0x08000764   Section        0  stm32f1xx_hal_cortex.o(i.HAL_NVIC_EnableIRQ)
    i.HAL_NVIC_SetPriority                   0x08000784   Section        0  stm32f1xx_hal_cortex.o(i.HAL_NVIC_SetPriority)
    i.HAL_NVIC_SetPriorityGrouping           0x08000800   Section        0  stm32f1xx_hal_cortex.o(i.HAL_NVIC_SetPriorityGrouping)
    i.HAL_RCC_ClockConfig                    0x08000828   Section        0  stm32f1xx_hal_rcc.o(i.HAL_RCC_ClockConfig)
    i.HAL_RCC_GetClockConfig                 0x080009b4   Section        0  stm32f1xx_hal_rcc.o(i.HAL_RCC_GetClockConfig)
    i.HAL_RCC_GetHCLKFreq                    0x080009f8   Section        0  stm32f1xx_hal_rcc.o(i.HAL_RCC_GetHCLKFreq)
    i.HAL_RCC_GetPCLK1Freq                   0x08000a04   Section        0  stm32f1xx_hal_rcc.o(i.HAL_RCC_GetPCLK1Freq)
    i.HAL_RCC_GetPCLK2Freq                   0x08000a24   Section        0  stm32f1xx_hal_rcc.o(i.HAL_RCC_GetPCLK2Freq)
    i.HAL_RCC_GetSysClockFreq                0x08000a44   Section        0  stm32f1xx_hal_rcc.o(i.HAL_RCC_GetSysClockFreq)
    i.HAL_RCC_OscConfig                      0x08000ab4   Section        0  stm32f1xx_hal_rcc.o(i.HAL_RCC_OscConfig)
    i.HAL_TIMEx_BreakCallback                0x08000f18   Section        0  stm32f1xx_hal_tim_ex.o(i.HAL_TIMEx_BreakCallback)
    i.HAL_TIMEx_CommutCallback               0x08000f1a   Section        0  stm32f1xx_hal_tim_ex.o(i.HAL_TIMEx_CommutCallback)
    i.HAL_TIM_Base_Init                      0x08000f1c   Section        0  stm32f1xx_hal_tim.o(i.HAL_TIM_Base_Init)
    i.HAL_TIM_Base_MspInit                   0x08000f82   Section        0  stm32f1xx_hal_tim.o(i.HAL_TIM_Base_MspInit)
    i.HAL_TIM_Base_Start_IT                  0x08000f84   Section        0  stm32f1xx_hal_tim.o(i.HAL_TIM_Base_Start_IT)
    i.HAL_TIM_IC_CaptureCallback             0x08001014   Section        0  stm32f1xx_hal_tim.o(i.HAL_TIM_IC_CaptureCallback)
    i.HAL_TIM_IRQHandler                     0x08001016   Section        0  stm32f1xx_hal_tim.o(i.HAL_TIM_IRQHandler)
    i.HAL_TIM_OC_DelayElapsedCallback        0x08001182   Section        0  stm32f1xx_hal_tim.o(i.HAL_TIM_OC_DelayElapsedCallback)
    i.HAL_TIM_PWM_PulseFinishedCallback      0x08001184   Section        0  stm32f1xx_hal_tim.o(i.HAL_TIM_PWM_PulseFinishedCallback)
    i.HAL_TIM_PeriodElapsedCallback          0x08001188   Section        0  main.o(i.HAL_TIM_PeriodElapsedCallback)
    i.HAL_TIM_TriggerCallback                0x080011a0   Section        0  stm32f1xx_hal_tim.o(i.HAL_TIM_TriggerCallback)
    i.HAL_UART_Init                          0x080011a2   Section        0  stm32f1xx_hal_uart.o(i.HAL_UART_Init)
    i.HAL_UART_MspInit                       0x08001218   Section        0  usart.o(i.HAL_UART_MspInit)
    i.HAL_UART_Transmit                      0x080012a0   Section        0  stm32f1xx_hal_uart.o(i.HAL_UART_Transmit)
    i.HardFault_Handler                      0x0800135e   Section        0  stm32f1xx_it.o(i.HardFault_Handler)
    i.Key_Scan                               0x08001364   Section        0  freertos_demo.o(i.Key_Scan)
    i.MX_GPIO_Init                           0x080013b4   Section        0  gpio.o(i.MX_GPIO_Init)
    i.MX_USART1_UART_Init                    0x08001484   Section        0  usart.o(i.MX_USART1_UART_Init)
    i.MemManage_Handler                      0x080014bc   Section        0  stm32f1xx_it.o(i.MemManage_Handler)
    i.NMI_Handler                            0x080014c0   Section        0  stm32f1xx_it.o(i.NMI_Handler)
    i.RCC_Delay                              0x080014c4   Section        0  stm32f1xx_hal_rcc.o(i.RCC_Delay)
    RCC_Delay                                0x080014c5   Thumb Code    36  stm32f1xx_hal_rcc.o(i.RCC_Delay)
    i.SysTick_Handler                        0x080014ec   Section        0  stm32f1xx_it.o(i.SysTick_Handler)
    i.SystemClock_Config                     0x080014fc   Section        0  main.o(i.SystemClock_Config)
    i.SystemInit                             0x08001562   Section        0  system_stm32f1xx.o(i.SystemInit)
    i.TIM7_IRQHandler                        0x08001564   Section        0  stm32f1xx_it.o(i.TIM7_IRQHandler)
    i.TIM_Base_SetConfig                     0x08001574   Section        0  stm32f1xx_hal_tim.o(i.TIM_Base_SetConfig)
    i.UART_EndRxTransfer                     0x08001620   Section        0  stm32f1xx_hal_uart.o(i.UART_EndRxTransfer)
    UART_EndRxTransfer                       0x08001621   Thumb Code   108  stm32f1xx_hal_uart.o(i.UART_EndRxTransfer)
    i.UART_SetConfig                         0x0800168c   Section        0  stm32f1xx_hal_uart.o(i.UART_SetConfig)
    UART_SetConfig                           0x0800168d   Thumb Code   248  stm32f1xx_hal_uart.o(i.UART_SetConfig)
    i.UART_WaitOnFlagUntilTimeout            0x08001788   Section        0  stm32f1xx_hal_uart.o(i.UART_WaitOnFlagUntilTimeout)
    UART_WaitOnFlagUntilTimeout              0x08001789   Thumb Code   140  stm32f1xx_hal_uart.o(i.UART_WaitOnFlagUntilTimeout)
    i.UsageFault_Handler                     0x08001814   Section        0  stm32f1xx_it.o(i.UsageFault_Handler)
    i.__0printf$bare                         0x08001818   Section        0  printfb.o(i.__0printf$bare)
    i.__NVIC_GetPriorityGrouping             0x08001828   Section        0  stm32f1xx_hal_cortex.o(i.__NVIC_GetPriorityGrouping)
    __NVIC_GetPriorityGrouping               0x08001829   Thumb Code    10  stm32f1xx_hal_cortex.o(i.__NVIC_GetPriorityGrouping)
    i.__NVIC_SetPriority                     0x08001838   Section        0  stm32f1xx_hal_cortex.o(i.__NVIC_SetPriority)
    __NVIC_SetPriority                       0x08001839   Thumb Code    32  stm32f1xx_hal_cortex.o(i.__NVIC_SetPriority)
    i.__scatterload_copy                     0x08001860   Section       14  handlers.o(i.__scatterload_copy)
    i.__scatterload_null                     0x0800186e   Section        2  handlers.o(i.__scatterload_null)
    i.__scatterload_zeroinit                 0x08001870   Section       14  handlers.o(i.__scatterload_zeroinit)
    i._printf_core                           0x0800187e   Section        0  printfb.o(i._printf_core)
    _printf_core                             0x0800187f   Thumb Code    34  printfb.o(i._printf_core)
    i.fputc                                  0x080018a0   Section        0  main.o(i.fputc)
    i.freertos_start                         0x080018bc   Section        0  freertos_demo.o(i.freertos_start)
    i.main                                   0x08001904   Section        0  main.o(i.main)
    i.prvAddCurrentTaskToDelayedList         0x08001940   Section        0  tasks.o(i.prvAddCurrentTaskToDelayedList)
    prvAddCurrentTaskToDelayedList           0x08001941   Thumb Code   174  tasks.o(i.prvAddCurrentTaskToDelayedList)
    i.prvAddNewTaskToReadyList               0x08001a0c   Section        0  tasks.o(i.prvAddNewTaskToReadyList)
    prvAddNewTaskToReadyList                 0x08001a0d   Thumb Code   212  tasks.o(i.prvAddNewTaskToReadyList)
    i.prvCheckForValidListAndQueue           0x08001afc   Section        0  timers.o(i.prvCheckForValidListAndQueue)
    prvCheckForValidListAndQueue             0x08001afd   Thumb Code    62  timers.o(i.prvCheckForValidListAndQueue)
    i.prvCheckTasksWaitingTermination        0x08001b58   Section        0  tasks.o(i.prvCheckTasksWaitingTermination)
    prvCheckTasksWaitingTermination          0x08001b59   Thumb Code    60  tasks.o(i.prvCheckTasksWaitingTermination)
    i.prvCopyDataFromQueue                   0x08001ba0   Section        0  queue.o(i.prvCopyDataFromQueue)
    prvCopyDataFromQueue                     0x08001ba1   Thumb Code    42  queue.o(i.prvCopyDataFromQueue)
    i.prvCreateIdleTasks                     0x08001bcc   Section        0  tasks.o(i.prvCreateIdleTasks)
    prvCreateIdleTasks                       0x08001bcd   Thumb Code   138  tasks.o(i.prvCreateIdleTasks)
    i.prvCreateStaticTask                    0x08001c68   Section        0  tasks.o(i.prvCreateStaticTask)
    prvCreateStaticTask                      0x08001c69   Thumb Code    76  tasks.o(i.prvCreateStaticTask)
    i.prvDeleteTCB                           0x08001cb4   Section        0  tasks.o(i.prvDeleteTCB)
    prvDeleteTCB                             0x08001cb5   Thumb Code    40  tasks.o(i.prvDeleteTCB)
    i.prvGetNextExpireTime                   0x08001cdc   Section        0  timers.o(i.prvGetNextExpireTime)
    prvGetNextExpireTime                     0x08001cdd   Thumb Code    36  timers.o(i.prvGetNextExpireTime)
    i.prvIdleTask                            0x08001d04   Section        0  tasks.o(i.prvIdleTask)
    prvIdleTask                              0x08001d05   Thumb Code    32  tasks.o(i.prvIdleTask)
    i.prvInitialiseNewQueue                  0x08001d2c   Section        0  queue.o(i.prvInitialiseNewQueue)
    prvInitialiseNewQueue                    0x08001d2d   Thumb Code    38  queue.o(i.prvInitialiseNewQueue)
    i.prvInitialiseNewTask                   0x08001d52   Section        0  tasks.o(i.prvInitialiseNewTask)
    prvInitialiseNewTask                     0x08001d53   Thumb Code   122  tasks.o(i.prvInitialiseNewTask)
    i.prvInitialiseTaskLists                 0x08001dcc   Section        0  tasks.o(i.prvInitialiseTaskLists)
    prvInitialiseTaskLists                   0x08001dcd   Thumb Code    70  tasks.o(i.prvInitialiseTaskLists)
    i.prvInsertBlockIntoFreeList             0x08001e34   Section        0  heap_4.o(i.prvInsertBlockIntoFreeList)
    prvInsertBlockIntoFreeList               0x08001e35   Thumb Code    96  heap_4.o(i.prvInsertBlockIntoFreeList)
    i.prvInsertTimerInActiveList             0x08001e9c   Section        0  timers.o(i.prvInsertTimerInActiveList)
    prvInsertTimerInActiveList               0x08001e9d   Thumb Code    80  timers.o(i.prvInsertTimerInActiveList)
    i.prvIsQueueEmpty                        0x08001ef4   Section        0  queue.o(i.prvIsQueueEmpty)
    prvIsQueueEmpty                          0x08001ef5   Thumb Code    26  queue.o(i.prvIsQueueEmpty)
    i.prvProcessExpiredTimer                 0x08001f10   Section        0  timers.o(i.prvProcessExpiredTimer)
    prvProcessExpiredTimer                   0x08001f11   Thumb Code    62  timers.o(i.prvProcessExpiredTimer)
    i.prvProcessReceivedCommands             0x08001f54   Section        0  timers.o(i.prvProcessReceivedCommands)
    prvProcessReceivedCommands               0x08001f55   Thumb Code   256  timers.o(i.prvProcessReceivedCommands)
    i.prvProcessTimerOrBlockTask             0x08002058   Section        0  timers.o(i.prvProcessTimerOrBlockTask)
    prvProcessTimerOrBlockTask               0x08002059   Thumb Code   102  timers.o(i.prvProcessTimerOrBlockTask)
    i.prvReloadTimer                         0x080020cc   Section        0  timers.o(i.prvReloadTimer)
    prvReloadTimer                           0x080020cd   Thumb Code    40  timers.o(i.prvReloadTimer)
    i.prvResetNextTaskUnblockTime            0x080020f4   Section        0  tasks.o(i.prvResetNextTaskUnblockTime)
    prvResetNextTaskUnblockTime              0x080020f5   Thumb Code    40  tasks.o(i.prvResetNextTaskUnblockTime)
    i.prvSampleTimeNow                       0x08002124   Section        0  timers.o(i.prvSampleTimeNow)
    prvSampleTimeNow                         0x08002125   Thumb Code    40  timers.o(i.prvSampleTimeNow)
    i.prvSwitchTimerLists                    0x08002150   Section        0  timers.o(i.prvSwitchTimerLists)
    prvSwitchTimerLists                      0x08002151   Thumb Code    58  timers.o(i.prvSwitchTimerLists)
    i.prvTaskExitError                       0x08002194   Section        0  port.o(i.prvTaskExitError)
    prvTaskExitError                         0x08002195   Thumb Code    22  port.o(i.prvTaskExitError)
    i.prvTimerTask                           0x080021aa   Section        0  timers.o(i.prvTimerTask)
    prvTimerTask                             0x080021ab   Thumb Code    26  timers.o(i.prvTimerTask)
    i.prvUnlockQueue                         0x080021c4   Section        0  queue.o(i.prvUnlockQueue)
    prvUnlockQueue                           0x080021c5   Thumb Code   126  queue.o(i.prvUnlockQueue)
    i.pxPortInitialiseStack                  0x08002244   Section        0  port.o(i.pxPortInitialiseStack)
    i.start_task                             0x08002268   Section        0  freertos_demo.o(i.start_task)
    i.start_task1                            0x0800233c   Section        0  freertos_demo.o(i.start_task1)
    i.start_task2                            0x08002374   Section        0  freertos_demo.o(i.start_task2)
    i.start_task3                            0x080023ac   Section        0  freertos_demo.o(i.start_task3)
    i.uxListRemove                           0x08002444   Section        0  list.o(i.uxListRemove)
    i.vApplicationGetIdleTaskMemory          0x0800246c   Section        0  main.o(i.vApplicationGetIdleTaskMemory)
    i.vApplicationGetTimerTaskMemory         0x08002484   Section        0  main.o(i.vApplicationGetTimerTaskMemory)
    i.vListInitialise                        0x0800249c   Section        0  list.o(i.vListInitialise)
    i.vListInitialiseItem                    0x080024b6   Section        0  list.o(i.vListInitialiseItem)
    i.vListInsert                            0x080024bc   Section        0  list.o(i.vListInsert)
    i.vListInsertEnd                         0x080024f0   Section        0  list.o(i.vListInsertEnd)
    i.vPortEnterCritical                     0x08002508   Section        0  port.o(i.vPortEnterCritical)
    i.vPortExitCritical                      0x0800252c   Section        0  port.o(i.vPortExitCritical)
    i.vPortFree                              0x0800254c   Section        0  heap_4.o(i.vPortFree)
    i.vPortSetupTimerInterrupt               0x08002598   Section        0  port.o(i.vPortSetupTimerInterrupt)
    i.vQueueWaitForMessageRestricted         0x080025b0   Section        0  queue.o(i.vQueueWaitForMessageRestricted)
    i.vTaskDelay                             0x080025fc   Section        0  tasks.o(i.vTaskDelay)
    i.vTaskDelete                            0x08002630   Section        0  tasks.o(i.vTaskDelete)
    i.vTaskInternalSetTimeOutState           0x0800271c   Section        0  tasks.o(i.vTaskInternalSetTimeOutState)
    i.vTaskMissedYield                       0x08002734   Section        0  tasks.o(i.vTaskMissedYield)
    i.vTaskPlaceOnEventList                  0x08002740   Section        0  tasks.o(i.vTaskPlaceOnEventList)
    i.vTaskPlaceOnEventListRestricted        0x08002760   Section        0  tasks.o(i.vTaskPlaceOnEventListRestricted)
    i.vTaskStartScheduler                    0x080027b0   Section        0  tasks.o(i.vTaskStartScheduler)
    i.vTaskSuspendAll                        0x08002808   Section        0  tasks.o(i.vTaskSuspendAll)
    i.vTaskSwitchContext                     0x08002818   Section        0  tasks.o(i.vTaskSwitchContext)
    i.xPortStartScheduler                    0x08002880   Section        0  port.o(i.xPortStartScheduler)
    i.xPortSysTickHandler                    0x080028b4   Section        0  port.o(i.xPortSysTickHandler)
    i.xQueueGenericCreateStatic              0x080028e8   Section        0  queue.o(i.xQueueGenericCreateStatic)
    i.xQueueGenericReset                     0x08002928   Section        0  queue.o(i.xQueueGenericReset)
    i.xQueueReceive                          0x080029c8   Section        0  queue.o(i.xQueueReceive)
    i.xTaskCheckForTimeOut                   0x08002acc   Section        0  tasks.o(i.xTaskCheckForTimeOut)
    i.xTaskCreateStatic                      0x08002b2c   Section        0  tasks.o(i.xTaskCreateStatic)
    i.xTaskGetSchedulerState                 0x08002b6c   Section        0  tasks.o(i.xTaskGetSchedulerState)
    i.xTaskGetTickCount                      0x08002b8c   Section        0  tasks.o(i.xTaskGetTickCount)
    i.xTaskIncrementTick                     0x08002b98   Section        0  tasks.o(i.xTaskIncrementTick)
    i.xTaskRemoveFromEventList               0x08002d38   Section        0  tasks.o(i.xTaskRemoveFromEventList)
    i.xTaskResumeAll                         0x08002e50   Section        0  tasks.o(i.xTaskResumeAll)
    i.xTimerCreateTimerTask                  0x08002fc8   Section        0  timers.o(i.xTimerCreateTimerTask)
    .constdata                               0x08003028   Section       18  stm32f1xx_hal_rcc.o(.constdata)
    aPLLMULFactorTable                       0x08003028   Data          16  stm32f1xx_hal_rcc.o(.constdata)
    aPredivFactorTable                       0x08003038   Data           2  stm32f1xx_hal_rcc.o(.constdata)
    .constdata                               0x0800303a   Section       24  system_stm32f1xx.o(.constdata)
    .data                                    0x20000000   Section        9  stm32f1xx_hal.o(.data)
    .data                                    0x2000000c   Section        4  system_stm32f1xx.o(.data)
    .data                                    0x20000010   Section       64  tasks.o(.data)
    pxDelayedTaskList                        0x20000014   Data           4  tasks.o(.data)
    pxOverflowDelayedTaskList                0x20000018   Data           4  tasks.o(.data)
    uxDeletedTasksWaitingCleanUp             0x2000001c   Data           4  tasks.o(.data)
    uxCurrentNumberOfTasks                   0x20000020   Data           4  tasks.o(.data)
    xTickCount                               0x20000024   Data           4  tasks.o(.data)
    uxTopReadyPriority                       0x20000028   Data           4  tasks.o(.data)
    xSchedulerRunning                        0x2000002c   Data           4  tasks.o(.data)
    xPendedTicks                             0x20000030   Data           4  tasks.o(.data)
    xYieldPendings                           0x20000034   Data           4  tasks.o(.data)
    xNumOfOverflows                          0x20000038   Data           4  tasks.o(.data)
    uxTaskNumber                             0x2000003c   Data           4  tasks.o(.data)
    xNextTaskUnblockTime                     0x20000040   Data           4  tasks.o(.data)
    xIdleTaskHandles                         0x20000044   Data           4  tasks.o(.data)
    uxTopUsedPriority                        0x20000048   Data           4  tasks.o(.data)
    uxSchedulerSuspended                     0x2000004c   Data           4  tasks.o(.data)
    .data                                    0x20000050   Section       20  timers.o(.data)
    pxCurrentTimerList                       0x20000050   Data           4  timers.o(.data)
    pxOverflowTimerList                      0x20000054   Data           4  timers.o(.data)
    xTimerQueue                              0x20000058   Data           4  timers.o(.data)
    xTimerTaskHandle                         0x2000005c   Data           4  timers.o(.data)
    xLastTime                                0x20000060   Data           4  timers.o(.data)
    .data                                    0x20000064   Section       28  heap_4.o(.data)
    xStart                                   0x20000064   Data           8  heap_4.o(.data)
    pxEnd                                    0x2000006c   Data           4  heap_4.o(.data)
    xFreeBytesRemaining                      0x20000070   Data           4  heap_4.o(.data)
    xMinimumEverFreeBytesRemaining           0x20000074   Data           4  heap_4.o(.data)
    xNumberOfSuccessfulAllocations           0x20000078   Data           4  heap_4.o(.data)
    xNumberOfSuccessfulFrees                 0x2000007c   Data           4  heap_4.o(.data)
    .data                                    0x20000080   Section        4  port.o(.data)
    uxCriticalNesting                        0x20000080   Data           4  port.o(.data)
    .data                                    0x20000084   Section       16  freertos_demo.o(.data)
    .data                                    0x20000094   Section        4  stdout.o(.data)
    .bss                                     0x20000098   Section     1688  main.o(.bss)
    .bss                                     0x20000730   Section       72  usart.o(.bss)
    .bss                                     0x20000778   Section       72  stm32f1xx_hal_timebase_tim.o(.bss)
    .bss                                     0x200007c0   Section      200  tasks.o(.bss)
    pxReadyTasksLists                        0x200007c0   Data         100  tasks.o(.bss)
    xDelayedTaskList1                        0x20000824   Data          20  tasks.o(.bss)
    xDelayedTaskList2                        0x20000838   Data          20  tasks.o(.bss)
    xPendingReadyList                        0x2000084c   Data          20  tasks.o(.bss)
    xTasksWaitingTermination                 0x20000860   Data          20  tasks.o(.bss)
    xSuspendedTaskList                       0x20000874   Data          20  tasks.o(.bss)
    .bss                                     0x20000888   Section      172  timers.o(.bss)
    xActiveTimerList1                        0x20000888   Data          20  timers.o(.bss)
    xActiveTimerList2                        0x2000089c   Data          20  timers.o(.bss)
    xStaticTimerQueue                        0x200008b0   Data          72  timers.o(.bss)
    ucStaticTimerQueueStorage                0x200008f8   Data          60  timers.o(.bss)
    .bss                                     0x20000934   Section     2352  freertos_demo.o(.bss)
    STACK                                    0x20001268   Section     1024  startup_stm32f103xe.o(STACK)

    Global Symbols

    Symbol Name                              Value     Ov Type        Size  Object(Section)

    BuildAttributes$$THM_ISAv4$P$D$K$B$S$PE$A:L22UL41UL21$X:L11$S22US41US21$IEEE1$IW$USESV6$~STKCKD$USESV7$~SHL$OSPACE$ROPI$EBA8$MICROLIB$REQ8$PRES8$EABIv2 0x00000000   Number         0  anon$$obj.o ABSOLUTE
    __ARM_use_no_argv                        0x00000000   Number         0  main.o ABSOLUTE
    __cpp_initialize__aeabi_                  - Undefined Weak Reference
    __cxa_finalize                            - Undefined Weak Reference
    __decompress                              - Undefined Weak Reference
    _clock_init                               - Undefined Weak Reference
    _microlib_exit                            - Undefined Weak Reference
    __Vectors_Size                           0x00000130   Number         0  startup_stm32f103xe.o ABSOLUTE
    __Vectors                                0x08000000   Data           4  startup_stm32f103xe.o(RESET)
    __Vectors_End                            0x08000130   Data           0  startup_stm32f103xe.o(RESET)
    __main                                   0x08000131   Thumb Code     0  entry.o(.ARM.Collect$$$$00000000)
    _main_stk                                0x08000131   Thumb Code     0  entry2.o(.ARM.Collect$$$$00000001)
    _main_scatterload                        0x08000135   Thumb Code     0  entry5.o(.ARM.Collect$$$$00000004)
    __main_after_scatterload                 0x08000139   Thumb Code     0  entry5.o(.ARM.Collect$$$$00000004)
    _main_clock                              0x08000139   Thumb Code     0  entry7b.o(.ARM.Collect$$$$00000008)
    _main_cpp_init                           0x08000139   Thumb Code     0  entry8b.o(.ARM.Collect$$$$0000000A)
    _main_init                               0x08000139   Thumb Code     0  entry9a.o(.ARM.Collect$$$$0000000B)
    __rt_final_cpp                           0x08000141   Thumb Code     0  entry10a.o(.ARM.Collect$$$$0000000D)
    __rt_final_exit                          0x08000141   Thumb Code     0  entry11a.o(.ARM.Collect$$$$0000000F)
    SVC_Handler                              0x08000145   Thumb Code    32  port.o(.emb_text)
    __asm___6_port_c_39a90d8d__prvStartFirstTask 0x08000169   Thumb Code    28  port.o(.emb_text)
    PendSV_Handler                           0x08000189   Thumb Code    72  port.o(.emb_text)
    vPortGetIPSR                             0x080001d5   Thumb Code     6  port.o(.emb_text)
    Reset_Handler                            0x080001dd   Thumb Code     8  startup_stm32f103xe.o(.text)
    ADC1_2_IRQHandler                        0x080001f7   Thumb Code     0  startup_stm32f103xe.o(.text)
    ADC3_IRQHandler                          0x080001f7   Thumb Code     0  startup_stm32f103xe.o(.text)
    CAN1_RX1_IRQHandler                      0x080001f7   Thumb Code     0  startup_stm32f103xe.o(.text)
    CAN1_SCE_IRQHandler                      0x080001f7   Thumb Code     0  startup_stm32f103xe.o(.text)
    DMA1_Channel1_IRQHandler                 0x080001f7   Thumb Code     0  startup_stm32f103xe.o(.text)
    DMA1_Channel2_IRQHandler                 0x080001f7   Thumb Code     0  startup_stm32f103xe.o(.text)
    DMA1_Channel3_IRQHandler                 0x080001f7   Thumb Code     0  startup_stm32f103xe.o(.text)
    DMA1_Channel4_IRQHandler                 0x080001f7   Thumb Code     0  startup_stm32f103xe.o(.text)
    DMA1_Channel5_IRQHandler                 0x080001f7   Thumb Code     0  startup_stm32f103xe.o(.text)
    DMA1_Channel6_IRQHandler                 0x080001f7   Thumb Code     0  startup_stm32f103xe.o(.text)
    DMA1_Channel7_IRQHandler                 0x080001f7   Thumb Code     0  startup_stm32f103xe.o(.text)
    DMA2_Channel1_IRQHandler                 0x080001f7   Thumb Code     0  startup_stm32f103xe.o(.text)
    DMA2_Channel2_IRQHandler                 0x080001f7   Thumb Code     0  startup_stm32f103xe.o(.text)
    DMA2_Channel3_IRQHandler                 0x080001f7   Thumb Code     0  startup_stm32f103xe.o(.text)
    DMA2_Channel4_5_IRQHandler               0x080001f7   Thumb Code     0  startup_stm32f103xe.o(.text)
    EXTI0_IRQHandler                         0x080001f7   Thumb Code     0  startup_stm32f103xe.o(.text)
    EXTI15_10_IRQHandler                     0x080001f7   Thumb Code     0  startup_stm32f103xe.o(.text)
    EXTI1_IRQHandler                         0x080001f7   Thumb Code     0  startup_stm32f103xe.o(.text)
    EXTI2_IRQHandler                         0x080001f7   Thumb Code     0  startup_stm32f103xe.o(.text)
    EXTI3_IRQHandler                         0x080001f7   Thumb Code     0  startup_stm32f103xe.o(.text)
    EXTI4_IRQHandler                         0x080001f7   Thumb Code     0  startup_stm32f103xe.o(.text)
    EXTI9_5_IRQHandler                       0x080001f7   Thumb Code     0  startup_stm32f103xe.o(.text)
    FLASH_IRQHandler                         0x080001f7   Thumb Code     0  startup_stm32f103xe.o(.text)
    FSMC_IRQHandler                          0x080001f7   Thumb Code     0  startup_stm32f103xe.o(.text)
    I2C1_ER_IRQHandler                       0x080001f7   Thumb Code     0  startup_stm32f103xe.o(.text)
    I2C1_EV_IRQHandler                       0x080001f7   Thumb Code     0  startup_stm32f103xe.o(.text)
    I2C2_ER_IRQHandler                       0x080001f7   Thumb Code     0  startup_stm32f103xe.o(.text)
    I2C2_EV_IRQHandler                       0x080001f7   Thumb Code     0  startup_stm32f103xe.o(.text)
    PVD_IRQHandler                           0x080001f7   Thumb Code     0  startup_stm32f103xe.o(.text)
    RCC_IRQHandler                           0x080001f7   Thumb Code     0  startup_stm32f103xe.o(.text)
    RTC_Alarm_IRQHandler                     0x080001f7   Thumb Code     0  startup_stm32f103xe.o(.text)
    RTC_IRQHandler                           0x080001f7   Thumb Code     0  startup_stm32f103xe.o(.text)
    SDIO_IRQHandler                          0x080001f7   Thumb Code     0  startup_stm32f103xe.o(.text)
    SPI1_IRQHandler                          0x080001f7   Thumb Code     0  startup_stm32f103xe.o(.text)
    SPI2_IRQHandler                          0x080001f7   Thumb Code     0  startup_stm32f103xe.o(.text)
    SPI3_IRQHandler                          0x080001f7   Thumb Code     0  startup_stm32f103xe.o(.text)
    TAMPER_IRQHandler                        0x080001f7   Thumb Code     0  startup_stm32f103xe.o(.text)
    TIM1_BRK_IRQHandler                      0x080001f7   Thumb Code     0  startup_stm32f103xe.o(.text)
    TIM1_CC_IRQHandler                       0x080001f7   Thumb Code     0  startup_stm32f103xe.o(.text)
    TIM1_TRG_COM_IRQHandler                  0x080001f7   Thumb Code     0  startup_stm32f103xe.o(.text)
    TIM1_UP_IRQHandler                       0x080001f7   Thumb Code     0  startup_stm32f103xe.o(.text)
    TIM2_IRQHandler                          0x080001f7   Thumb Code     0  startup_stm32f103xe.o(.text)
    TIM3_IRQHandler                          0x080001f7   Thumb Code     0  startup_stm32f103xe.o(.text)
    TIM4_IRQHandler                          0x080001f7   Thumb Code     0  startup_stm32f103xe.o(.text)
    TIM5_IRQHandler                          0x080001f7   Thumb Code     0  startup_stm32f103xe.o(.text)
    TIM6_IRQHandler                          0x080001f7   Thumb Code     0  startup_stm32f103xe.o(.text)
    TIM8_BRK_IRQHandler                      0x080001f7   Thumb Code     0  startup_stm32f103xe.o(.text)
    TIM8_CC_IRQHandler                       0x080001f7   Thumb Code     0  startup_stm32f103xe.o(.text)
    TIM8_TRG_COM_IRQHandler                  0x080001f7   Thumb Code     0  startup_stm32f103xe.o(.text)
    TIM8_UP_IRQHandler                       0x080001f7   Thumb Code     0  startup_stm32f103xe.o(.text)
    UART4_IRQHandler                         0x080001f7   Thumb Code     0  startup_stm32f103xe.o(.text)
    UART5_IRQHandler                         0x080001f7   Thumb Code     0  startup_stm32f103xe.o(.text)
    USART1_IRQHandler                        0x080001f7   Thumb Code     0  startup_stm32f103xe.o(.text)
    USART2_IRQHandler                        0x080001f7   Thumb Code     0  startup_stm32f103xe.o(.text)
    USART3_IRQHandler                        0x080001f7   Thumb Code     0  startup_stm32f103xe.o(.text)
    USBWakeUp_IRQHandler                     0x080001f7   Thumb Code     0  startup_stm32f103xe.o(.text)
    USB_HP_CAN1_TX_IRQHandler                0x080001f7   Thumb Code     0  startup_stm32f103xe.o(.text)
    USB_LP_CAN1_RX0_IRQHandler               0x080001f7   Thumb Code     0  startup_stm32f103xe.o(.text)
    WWDG_IRQHandler                          0x080001f7   Thumb Code     0  startup_stm32f103xe.o(.text)
    __aeabi_memcpy                           0x08000201   Thumb Code    36  memcpya.o(.text)
    __aeabi_memcpy4                          0x08000201   Thumb Code     0  memcpya.o(.text)
    __aeabi_memcpy8                          0x08000201   Thumb Code     0  memcpya.o(.text)
    __aeabi_memset                           0x08000225   Thumb Code    14  memseta.o(.text)
    __aeabi_memset4                          0x08000225   Thumb Code     0  memseta.o(.text)
    __aeabi_memset8                          0x08000225   Thumb Code     0  memseta.o(.text)
    __aeabi_memclr                           0x08000233   Thumb Code     4  memseta.o(.text)
    __aeabi_memclr4                          0x08000233   Thumb Code     0  memseta.o(.text)
    __aeabi_memclr8                          0x08000233   Thumb Code     0  memseta.o(.text)
    _memset$wrapper                          0x08000237   Thumb Code    18  memseta.o(.text)
    __scatterload                            0x08000249   Thumb Code    28  init.o(.text)
    __scatterload_rt2                        0x08000249   Thumb Code     0  init.o(.text)
    BusFault_Handler                         0x0800026d   Thumb Code     4  stm32f1xx_it.o(i.BusFault_Handler)
    DebugMon_Handler                         0x08000271   Thumb Code     2  stm32f1xx_it.o(i.DebugMon_Handler)
    Error_Handler                            0x08000273   Thumb Code     6  main.o(i.Error_Handler)
    HAL_Delay                                0x08000279   Thumb Code    36  stm32f1xx_hal.o(i.HAL_Delay)
    HAL_GPIO_Init                            0x080002a1   Thumb Code   792  stm32f1xx_hal_gpio.o(i.HAL_GPIO_Init)
    HAL_GPIO_ReadPin                         0x080005e1   Thumb Code    16  stm32f1xx_hal_gpio.o(i.HAL_GPIO_ReadPin)
    HAL_GPIO_TogglePin                       0x080005f1   Thumb Code    20  stm32f1xx_hal_gpio.o(i.HAL_GPIO_TogglePin)
    HAL_GPIO_WritePin                        0x08000605   Thumb Code    12  stm32f1xx_hal_gpio.o(i.HAL_GPIO_WritePin)
    HAL_GetTick                              0x08000611   Thumb Code     6  stm32f1xx_hal.o(i.HAL_GetTick)
    HAL_IncTick                              0x0800061d   Thumb Code    16  stm32f1xx_hal.o(i.HAL_IncTick)
    HAL_Init                                 0x08000635   Thumb Code    34  stm32f1xx_hal.o(i.HAL_Init)
    HAL_InitTick                             0x0800065d   Thumb Code   158  stm32f1xx_hal_timebase_tim.o(i.HAL_InitTick)
    HAL_MspInit                              0x08000711   Thumb Code    76  stm32f1xx_hal_msp.o(i.HAL_MspInit)
    HAL_NVIC_EnableIRQ                       0x08000765   Thumb Code    32  stm32f1xx_hal_cortex.o(i.HAL_NVIC_EnableIRQ)
    HAL_NVIC_SetPriority                     0x08000785   Thumb Code   124  stm32f1xx_hal_cortex.o(i.HAL_NVIC_SetPriority)
    HAL_NVIC_SetPriorityGrouping             0x08000801   Thumb Code    32  stm32f1xx_hal_cortex.o(i.HAL_NVIC_SetPriorityGrouping)
    HAL_RCC_ClockConfig                      0x08000829   Thumb Code   376  stm32f1xx_hal_rcc.o(i.HAL_RCC_ClockConfig)
    HAL_RCC_GetClockConfig                   0x080009b5   Thumb Code    58  stm32f1xx_hal_rcc.o(i.HAL_RCC_GetClockConfig)
    HAL_RCC_GetHCLKFreq                      0x080009f9   Thumb Code     6  stm32f1xx_hal_rcc.o(i.HAL_RCC_GetHCLKFreq)
    HAL_RCC_GetPCLK1Freq                     0x08000a05   Thumb Code    22  stm32f1xx_hal_rcc.o(i.HAL_RCC_GetPCLK1Freq)
    HAL_RCC_GetPCLK2Freq                     0x08000a25   Thumb Code    22  stm32f1xx_hal_rcc.o(i.HAL_RCC_GetPCLK2Freq)
    HAL_RCC_GetSysClockFreq                  0x08000a45   Thumb Code    92  stm32f1xx_hal_rcc.o(i.HAL_RCC_GetSysClockFreq)
    HAL_RCC_OscConfig                        0x08000ab5   Thumb Code  1114  stm32f1xx_hal_rcc.o(i.HAL_RCC_OscConfig)
    HAL_TIMEx_BreakCallback                  0x08000f19   Thumb Code     2  stm32f1xx_hal_tim_ex.o(i.HAL_TIMEx_BreakCallback)
    HAL_TIMEx_CommutCallback                 0x08000f1b   Thumb Code     2  stm32f1xx_hal_tim_ex.o(i.HAL_TIMEx_CommutCallback)
    HAL_TIM_Base_Init                        0x08000f1d   Thumb Code   102  stm32f1xx_hal_tim.o(i.HAL_TIM_Base_Init)
    HAL_TIM_Base_MspInit                     0x08000f83   Thumb Code     2  stm32f1xx_hal_tim.o(i.HAL_TIM_Base_MspInit)
    HAL_TIM_Base_Start_IT                    0x08000f85   Thumb Code   122  stm32f1xx_hal_tim.o(i.HAL_TIM_Base_Start_IT)
    HAL_TIM_IC_CaptureCallback               0x08001015   Thumb Code     2  stm32f1xx_hal_tim.o(i.HAL_TIM_IC_CaptureCallback)
    HAL_TIM_IRQHandler                       0x08001017   Thumb Code   364  stm32f1xx_hal_tim.o(i.HAL_TIM_IRQHandler)
    HAL_TIM_OC_DelayElapsedCallback          0x08001183   Thumb Code     2  stm32f1xx_hal_tim.o(i.HAL_TIM_OC_DelayElapsedCallback)
    HAL_TIM_PWM_PulseFinishedCallback        0x08001185   Thumb Code     2  stm32f1xx_hal_tim.o(i.HAL_TIM_PWM_PulseFinishedCallback)
    HAL_TIM_PeriodElapsedCallback            0x08001189   Thumb Code    18  main.o(i.HAL_TIM_PeriodElapsedCallback)
    HAL_TIM_TriggerCallback                  0x080011a1   Thumb Code     2  stm32f1xx_hal_tim.o(i.HAL_TIM_TriggerCallback)
    HAL_UART_Init                            0x080011a3   Thumb Code   118  stm32f1xx_hal_uart.o(i.HAL_UART_Init)
    HAL_UART_MspInit                         0x08001219   Thumb Code   122  usart.o(i.HAL_UART_MspInit)
    HAL_UART_Transmit                        0x080012a1   Thumb Code   190  stm32f1xx_hal_uart.o(i.HAL_UART_Transmit)
    HardFault_Handler                        0x0800135f   Thumb Code     4  stm32f1xx_it.o(i.HardFault_Handler)
    Key_Scan                                 0x08001365   Thumb Code    74  freertos_demo.o(i.Key_Scan)
    MX_GPIO_Init                             0x080013b5   Thumb Code   196  gpio.o(i.MX_GPIO_Init)
    MX_USART1_UART_Init                      0x08001485   Thumb Code    46  usart.o(i.MX_USART1_UART_Init)
    MemManage_Handler                        0x080014bd   Thumb Code     4  stm32f1xx_it.o(i.MemManage_Handler)
    NMI_Handler                              0x080014c1   Thumb Code     4  stm32f1xx_it.o(i.NMI_Handler)
    SysTick_Handler                          0x080014ed   Thumb Code    16  stm32f1xx_it.o(i.SysTick_Handler)
    SystemClock_Config                       0x080014fd   Thumb Code   102  main.o(i.SystemClock_Config)
    SystemInit                               0x08001563   Thumb Code     2  system_stm32f1xx.o(i.SystemInit)
    TIM7_IRQHandler                          0x08001565   Thumb Code    10  stm32f1xx_it.o(i.TIM7_IRQHandler)
    TIM_Base_SetConfig                       0x08001575   Thumb Code   150  stm32f1xx_hal_tim.o(i.TIM_Base_SetConfig)
    UsageFault_Handler                       0x08001815   Thumb Code     4  stm32f1xx_it.o(i.UsageFault_Handler)
    __0printf$bare                           0x08001819   Thumb Code     8  printfb.o(i.__0printf$bare)
    __1printf$bare                           0x08001819   Thumb Code     0  printfb.o(i.__0printf$bare)
    __2printf                                0x08001819   Thumb Code     0  printfb.o(i.__0printf$bare)
    __scatterload_copy                       0x08001861   Thumb Code    14  handlers.o(i.__scatterload_copy)
    __scatterload_null                       0x0800186f   Thumb Code     2  handlers.o(i.__scatterload_null)
    __scatterload_zeroinit                   0x08001871   Thumb Code    14  handlers.o(i.__scatterload_zeroinit)
    fputc                                    0x080018a1   Thumb Code    22  main.o(i.fputc)
    freertos_start                           0x080018bd   Thumb Code    36  freertos_demo.o(i.freertos_start)
    main                                     0x08001905   Thumb Code    38  main.o(i.main)
    pxPortInitialiseStack                    0x08002245   Thumb Code    30  port.o(i.pxPortInitialiseStack)
    start_task                               0x08002269   Thumb Code   104  freertos_demo.o(i.start_task)
    start_task1                              0x0800233d   Thumb Code    26  freertos_demo.o(i.start_task1)
    start_task2                              0x08002375   Thumb Code    26  freertos_demo.o(i.start_task2)
    start_task3                              0x080023ad   Thumb Code    88  freertos_demo.o(i.start_task3)
    uxListRemove                             0x08002445   Thumb Code    40  list.o(i.uxListRemove)
    vApplicationGetIdleTaskMemory            0x0800246d   Thumb Code    14  main.o(i.vApplicationGetIdleTaskMemory)
    vApplicationGetTimerTaskMemory           0x08002485   Thumb Code    16  main.o(i.vApplicationGetTimerTaskMemory)
    vListInitialise                          0x0800249d   Thumb Code    26  list.o(i.vListInitialise)
    vListInitialiseItem                      0x080024b7   Thumb Code     6  list.o(i.vListInitialiseItem)
    vListInsert                              0x080024bd   Thumb Code    52  list.o(i.vListInsert)
    vListInsertEnd                           0x080024f1   Thumb Code    24  list.o(i.vListInsertEnd)
    vPortEnterCritical                       0x08002509   Thumb Code    30  port.o(i.vPortEnterCritical)
    vPortExitCritical                        0x0800252d   Thumb Code    28  port.o(i.vPortExitCritical)
    vPortFree                                0x0800254d   Thumb Code    68  heap_4.o(i.vPortFree)
    vPortSetupTimerInterrupt                 0x08002599   Thumb Code    20  port.o(i.vPortSetupTimerInterrupt)
    vQueueWaitForMessageRestricted           0x080025b1   Thumb Code    74  queue.o(i.vQueueWaitForMessageRestricted)
    vTaskDelay                               0x080025fd   Thumb Code    46  tasks.o(i.vTaskDelay)
    vTaskDelete                              0x08002631   Thumb Code   198  tasks.o(i.vTaskDelete)
    vTaskInternalSetTimeOutState             0x0800271d   Thumb Code    14  tasks.o(i.vTaskInternalSetTimeOutState)
    vTaskMissedYield                         0x08002735   Thumb Code     8  tasks.o(i.vTaskMissedYield)
    vTaskPlaceOnEventList                    0x08002741   Thumb Code    28  tasks.o(i.vTaskPlaceOnEventList)
    vTaskPlaceOnEventListRestricted          0x08002761   Thumb Code    74  tasks.o(i.vTaskPlaceOnEventListRestricted)
    vTaskStartScheduler                      0x080027b1   Thumb Code    70  tasks.o(i.vTaskStartScheduler)
    vTaskSuspendAll                          0x08002809   Thumb Code    12  tasks.o(i.vTaskSuspendAll)
    vTaskSwitchContext                       0x08002819   Thumb Code    84  tasks.o(i.vTaskSwitchContext)
    xPortStartScheduler                      0x08002881   Thumb Code    42  port.o(i.xPortStartScheduler)
    xPortSysTickHandler                      0x080028b5   Thumb Code    46  port.o(i.xPortSysTickHandler)
    xQueueGenericCreateStatic                0x080028e9   Thumb Code    62  queue.o(i.xQueueGenericCreateStatic)
    xQueueGenericReset                       0x08002929   Thumb Code   156  queue.o(i.xQueueGenericReset)
    xQueueReceive                            0x080029c9   Thumb Code   256  queue.o(i.xQueueReceive)
    xTaskCheckForTimeOut                     0x08002acd   Thumb Code    88  tasks.o(i.xTaskCheckForTimeOut)
    xTaskCreateStatic                        0x08002b2d   Thumb Code    64  tasks.o(i.xTaskCreateStatic)
    xTaskGetSchedulerState                   0x08002b6d   Thumb Code    24  tasks.o(i.xTaskGetSchedulerState)
    xTaskGetTickCount                        0x08002b8d   Thumb Code     6  tasks.o(i.xTaskGetTickCount)
    xTaskIncrementTick                       0x08002b99   Thumb Code   372  tasks.o(i.xTaskIncrementTick)
    xTaskRemoveFromEventList                 0x08002d39   Thumb Code   256  tasks.o(i.xTaskRemoveFromEventList)
    xTaskResumeAll                           0x08002e51   Thumb Code   340  tasks.o(i.xTaskResumeAll)
    xTimerCreateTimerTask                    0x08002fc9   Thumb Code    76  timers.o(i.xTimerCreateTimerTask)
    AHBPrescTable                            0x0800303a   Data          16  system_stm32f1xx.o(.constdata)
    APBPrescTable                            0x0800304a   Data           8  system_stm32f1xx.o(.constdata)
    Region$$Table$$Base                      0x08003054   Number         0  anon$$obj.o(Region$$Table)
    Region$$Table$$Limit                     0x08003074   Number         0  anon$$obj.o(Region$$Table)
    uwTick                                   0x20000000   Data           4  stm32f1xx_hal.o(.data)
    uwTickPrio                               0x20000004   Data           4  stm32f1xx_hal.o(.data)
    uwTickFreq                               0x20000008   Data           1  stm32f1xx_hal.o(.data)
    SystemCoreClock                          0x2000000c   Data           4  system_stm32f1xx.o(.data)
    pxCurrentTCB                             0x20000010   Data           4  tasks.o(.data)
    start_task_handle                        0x20000084   Data           4  freertos_demo.o(.data)
    start_task1_handle                       0x20000088   Data           4  freertos_demo.o(.data)
    start_task2_handle                       0x2000008c   Data           4  freertos_demo.o(.data)
    start_task3_handle                       0x20000090   Data           4  freertos_demo.o(.data)
    __stdout                                 0x20000094   Data           4  stdout.o(.data)
    idle_task_stack                          0x20000098   Data         512  main.o(.bss)
    idle_task_tcb                            0x20000298   Data          76  main.o(.bss)
    timer_task_stack                         0x200002e4   Data        1024  main.o(.bss)
    timer_task_tcb                           0x200006e4   Data          76  main.o(.bss)
    huart1                                   0x20000730   Data          72  usart.o(.bss)
    htim7                                    0x20000778   Data          72  stm32f1xx_hal_timebase_tim.o(.bss)
    start_task_stack                         0x20000934   Data         512  freertos_demo.o(.bss)
    start_task_tcb                           0x20000b34   Data          76  freertos_demo.o(.bss)
    start_task1_stack                        0x20000b80   Data         512  freertos_demo.o(.bss)
    start_task1_tcb                          0x20000d80   Data          76  freertos_demo.o(.bss)
    start_task2_stack                        0x20000dcc   Data         512  freertos_demo.o(.bss)
    start_task2_tcb                          0x20000fcc   Data          76  freertos_demo.o(.bss)
    start_task3_stack                        0x20001018   Data         512  freertos_demo.o(.bss)
    start_task3_tcb                          0x20001218   Data          76  freertos_demo.o(.bss)
    __initial_sp                             0x20001668   Data           0  startup_stm32f103xe.o(STACK)



==============================================================================

Memory Map of the image

  Image Entry point : 0x08000131

  Load Region LR_IROM1 (Base: 0x08000000, Size: 0x0000310c, Max: 0x00080000, ABSOLUTE)

    Execution Region ER_IROM1 (Exec base: 0x08000000, Load base: 0x08000000, Size: 0x00003074, Max: 0x00080000, ABSOLUTE)

    Exec Addr    Load Addr    Size         Type   Attr      Idx    E Section Name        Object

    0x08000000   0x08000000   0x00000130   Data   RO            3    RESET               startup_stm32f103xe.o
    0x08000130   0x08000130   0x00000000   Code   RO         4050  * .ARM.Collect$$$$00000000  mc_w.l(entry.o)
    0x08000130   0x08000130   0x00000004   Code   RO         4321    .ARM.Collect$$$$00000001  mc_w.l(entry2.o)
    0x08000134   0x08000134   0x00000004   Code   RO         4324    .ARM.Collect$$$$00000004  mc_w.l(entry5.o)
    0x08000138   0x08000138   0x00000000   Code   RO         4326    .ARM.Collect$$$$00000008  mc_w.l(entry7b.o)
    0x08000138   0x08000138   0x00000000   Code   RO         4328    .ARM.Collect$$$$0000000A  mc_w.l(entry8b.o)
    0x08000138   0x08000138   0x00000008   Code   RO         4329    .ARM.Collect$$$$0000000B  mc_w.l(entry9a.o)
    0x08000140   0x08000140   0x00000000   Code   RO         4331    .ARM.Collect$$$$0000000D  mc_w.l(entry10a.o)
    0x08000140   0x08000140   0x00000000   Code   RO         4333    .ARM.Collect$$$$0000000F  mc_w.l(entry11a.o)
    0x08000140   0x08000140   0x00000004   Code   RO         4322    .ARM.Collect$$$$00002712  mc_w.l(entry2.o)
    0x08000144   0x08000144   0x00000096   Code   RO         3921    .emb_text           port.o
    0x080001da   0x080001da   0x00000002   PAD
    0x080001dc   0x080001dc   0x00000024   Code   RO            4    .text               startup_stm32f103xe.o
    0x08000200   0x08000200   0x00000024   Code   RO         4055    .text               mc_w.l(memcpya.o)
    0x08000224   0x08000224   0x00000024   Code   RO         4057    .text               mc_w.l(memseta.o)
    0x08000248   0x08000248   0x00000024   Code   RO         4351    .text               mc_w.l(init.o)
    0x0800026c   0x0800026c   0x00000004   Code   RO          271    i.BusFault_Handler  stm32f1xx_it.o
    0x08000270   0x08000270   0x00000002   Code   RO          272    i.DebugMon_Handler  stm32f1xx_it.o
    0x08000272   0x08000272   0x00000006   Code   RO           13    i.Error_Handler     main.o
    0x08000278   0x08000278   0x00000028   Code   RO         1804    i.HAL_Delay         stm32f1xx_hal.o
    0x080002a0   0x080002a0   0x00000340   Code   RO         2119    i.HAL_GPIO_Init     stm32f1xx_hal_gpio.o
    0x080005e0   0x080005e0   0x00000010   Code   RO         2121    i.HAL_GPIO_ReadPin  stm32f1xx_hal_gpio.o
    0x080005f0   0x080005f0   0x00000014   Code   RO         2122    i.HAL_GPIO_TogglePin  stm32f1xx_hal_gpio.o
    0x08000604   0x08000604   0x0000000c   Code   RO         2123    i.HAL_GPIO_WritePin  stm32f1xx_hal_gpio.o
    0x08000610   0x08000610   0x0000000c   Code   RO         1808    i.HAL_GetTick       stm32f1xx_hal.o
    0x0800061c   0x0800061c   0x00000018   Code   RO         1814    i.HAL_IncTick       stm32f1xx_hal.o
    0x08000634   0x08000634   0x00000028   Code   RO         1815    i.HAL_Init          stm32f1xx_hal.o
    0x0800065c   0x0800065c   0x000000b4   Code   RO          365    i.HAL_InitTick      stm32f1xx_hal_timebase_tim.o
    0x08000710   0x08000710   0x00000054   Code   RO          341    i.HAL_MspInit       stm32f1xx_hal_msp.o
    0x08000764   0x08000764   0x00000020   Code   RO         2279    i.HAL_NVIC_EnableIRQ  stm32f1xx_hal_cortex.o
    0x08000784   0x08000784   0x0000007c   Code   RO         2285    i.HAL_NVIC_SetPriority  stm32f1xx_hal_cortex.o
    0x08000800   0x08000800   0x00000028   Code   RO         2286    i.HAL_NVIC_SetPriorityGrouping  stm32f1xx_hal_cortex.o
    0x08000828   0x08000828   0x0000018c   Code   RO         1972    i.HAL_RCC_ClockConfig  stm32f1xx_hal_rcc.o
    0x080009b4   0x080009b4   0x00000044   Code   RO         1976    i.HAL_RCC_GetClockConfig  stm32f1xx_hal_rcc.o
    0x080009f8   0x080009f8   0x0000000c   Code   RO         1977    i.HAL_RCC_GetHCLKFreq  stm32f1xx_hal_rcc.o
    0x08000a04   0x08000a04   0x00000020   Code   RO         1979    i.HAL_RCC_GetPCLK1Freq  stm32f1xx_hal_rcc.o
    0x08000a24   0x08000a24   0x00000020   Code   RO         1980    i.HAL_RCC_GetPCLK2Freq  stm32f1xx_hal_rcc.o
    0x08000a44   0x08000a44   0x00000070   Code   RO         1981    i.HAL_RCC_GetSysClockFreq  stm32f1xx_hal_rcc.o
    0x08000ab4   0x08000ab4   0x00000464   Code   RO         1984    i.HAL_RCC_OscConfig  stm32f1xx_hal_rcc.o
    0x08000f18   0x08000f18   0x00000002   Code   RO         1157    i.HAL_TIMEx_BreakCallback  stm32f1xx_hal_tim_ex.o
    0x08000f1a   0x08000f1a   0x00000002   Code   RO         1158    i.HAL_TIMEx_CommutCallback  stm32f1xx_hal_tim_ex.o
    0x08000f1c   0x08000f1c   0x00000066   Code   RO          442    i.HAL_TIM_Base_Init  stm32f1xx_hal_tim.o
    0x08000f82   0x08000f82   0x00000002   Code   RO          444    i.HAL_TIM_Base_MspInit  stm32f1xx_hal_tim.o
    0x08000f84   0x08000f84   0x00000090   Code   RO          447    i.HAL_TIM_Base_Start_IT  stm32f1xx_hal_tim.o
    0x08001014   0x08001014   0x00000002   Code   RO          476    i.HAL_TIM_IC_CaptureCallback  stm32f1xx_hal_tim.o
    0x08001016   0x08001016   0x0000016c   Code   RO          490    i.HAL_TIM_IRQHandler  stm32f1xx_hal_tim.o
    0x08001182   0x08001182   0x00000002   Code   RO          493    i.HAL_TIM_OC_DelayElapsedCallback  stm32f1xx_hal_tim.o
    0x08001184   0x08001184   0x00000002   Code   RO          520    i.HAL_TIM_PWM_PulseFinishedCallback  stm32f1xx_hal_tim.o
    0x08001186   0x08001186   0x00000002   PAD
    0x08001188   0x08001188   0x00000018   Code   RO           14    i.HAL_TIM_PeriodElapsedCallback  main.o
    0x080011a0   0x080011a0   0x00000002   Code   RO          533    i.HAL_TIM_TriggerCallback  stm32f1xx_hal_tim.o
    0x080011a2   0x080011a2   0x00000076   Code   RO         1454    i.HAL_UART_Init     stm32f1xx_hal_uart.o
    0x08001218   0x08001218   0x00000088   Code   RO          230    i.HAL_UART_MspInit  usart.o
    0x080012a0   0x080012a0   0x000000be   Code   RO         1462    i.HAL_UART_Transmit  stm32f1xx_hal_uart.o
    0x0800135e   0x0800135e   0x00000004   Code   RO          273    i.HardFault_Handler  stm32f1xx_it.o
    0x08001362   0x08001362   0x00000002   PAD
    0x08001364   0x08001364   0x00000050   Code   RO         3995    i.Key_Scan          freertos_demo.o
    0x080013b4   0x080013b4   0x000000d0   Code   RO          205    i.MX_GPIO_Init      gpio.o
    0x08001484   0x08001484   0x00000038   Code   RO          231    i.MX_USART1_UART_Init  usart.o
    0x080014bc   0x080014bc   0x00000004   Code   RO          274    i.MemManage_Handler  stm32f1xx_it.o
    0x080014c0   0x080014c0   0x00000004   Code   RO          275    i.NMI_Handler       stm32f1xx_it.o
    0x080014c4   0x080014c4   0x00000028   Code   RO         1985    i.RCC_Delay         stm32f1xx_hal_rcc.o
    0x080014ec   0x080014ec   0x00000010   Code   RO          276    i.SysTick_Handler   stm32f1xx_it.o
    0x080014fc   0x080014fc   0x00000066   Code   RO           15    i.SystemClock_Config  main.o
    0x08001562   0x08001562   0x00000002   Code   RO         2806    i.SystemInit        system_stm32f1xx.o
    0x08001564   0x08001564   0x00000010   Code   RO          277    i.TIM7_IRQHandler   stm32f1xx_it.o
    0x08001574   0x08001574   0x000000ac   Code   RO          535    i.TIM_Base_SetConfig  stm32f1xx_hal_tim.o
    0x08001620   0x08001620   0x0000006c   Code   RO         1477    i.UART_EndRxTransfer  stm32f1xx_hal_uart.o
    0x0800168c   0x0800168c   0x000000fc   Code   RO         1481    i.UART_SetConfig    stm32f1xx_hal_uart.o
    0x08001788   0x08001788   0x0000008c   Code   RO         1485    i.UART_WaitOnFlagUntilTimeout  stm32f1xx_hal_uart.o
    0x08001814   0x08001814   0x00000004   Code   RO          278    i.UsageFault_Handler  stm32f1xx_it.o
    0x08001818   0x08001818   0x00000010   Code   RO         4062    i.__0printf$bare    mc_w.l(printfb.o)
    0x08001828   0x08001828   0x00000010   Code   RO         2292    i.__NVIC_GetPriorityGrouping  stm32f1xx_hal_cortex.o
    0x08001838   0x08001838   0x00000028   Code   RO         2293    i.__NVIC_SetPriority  stm32f1xx_hal_cortex.o
    0x08001860   0x08001860   0x0000000e   Code   RO         4361    i.__scatterload_copy  mc_w.l(handlers.o)
    0x0800186e   0x0800186e   0x00000002   Code   RO         4362    i.__scatterload_null  mc_w.l(handlers.o)
    0x08001870   0x08001870   0x0000000e   Code   RO         4363    i.__scatterload_zeroinit  mc_w.l(handlers.o)
    0x0800187e   0x0800187e   0x00000022   Code   RO         4069    i._printf_core      mc_w.l(printfb.o)
    0x080018a0   0x080018a0   0x0000001c   Code   RO           16    i.fputc             main.o
    0x080018bc   0x080018bc   0x00000048   Code   RO         3996    i.freertos_start    freertos_demo.o
    0x08001904   0x08001904   0x0000003c   Code   RO           17    i.main              main.o
    0x08001940   0x08001940   0x000000cc   Code   RO         3328    i.prvAddCurrentTaskToDelayedList  tasks.o
    0x08001a0c   0x08001a0c   0x000000f0   Code   RO         3329    i.prvAddNewTaskToReadyList  tasks.o
    0x08001afc   0x08001afc   0x0000005c   Code   RO         3677    i.prvCheckForValidListAndQueue  timers.o
    0x08001b58   0x08001b58   0x00000048   Code   RO         3330    i.prvCheckTasksWaitingTermination  tasks.o
    0x08001ba0   0x08001ba0   0x0000002a   Code   RO         2988    i.prvCopyDataFromQueue  queue.o
    0x08001bca   0x08001bca   0x00000002   PAD
    0x08001bcc   0x08001bcc   0x0000009c   Code   RO         3331    i.prvCreateIdleTasks  tasks.o
    0x08001c68   0x08001c68   0x0000004c   Code   RO         3332    i.prvCreateStaticTask  tasks.o
    0x08001cb4   0x08001cb4   0x00000028   Code   RO         3334    i.prvDeleteTCB      tasks.o
    0x08001cdc   0x08001cdc   0x00000028   Code   RO         3678    i.prvGetNextExpireTime  timers.o
    0x08001d04   0x08001d04   0x00000028   Code   RO         3335    i.prvIdleTask       tasks.o
    0x08001d2c   0x08001d2c   0x00000026   Code   RO         2990    i.prvInitialiseNewQueue  queue.o
    0x08001d52   0x08001d52   0x0000007a   Code   RO         3336    i.prvInitialiseNewTask  tasks.o
    0x08001dcc   0x08001dcc   0x00000068   Code   RO         3337    i.prvInitialiseTaskLists  tasks.o
    0x08001e34   0x08001e34   0x00000068   Code   RO         3849    i.prvInsertBlockIntoFreeList  heap_4.o
    0x08001e9c   0x08001e9c   0x00000058   Code   RO         3680    i.prvInsertTimerInActiveList  timers.o
    0x08001ef4   0x08001ef4   0x0000001a   Code   RO         2991    i.prvIsQueueEmpty   queue.o
    0x08001f0e   0x08001f0e   0x00000002   PAD
    0x08001f10   0x08001f10   0x00000044   Code   RO         3681    i.prvProcessExpiredTimer  timers.o
    0x08001f54   0x08001f54   0x00000104   Code   RO         3682    i.prvProcessReceivedCommands  timers.o
    0x08002058   0x08002058   0x00000074   Code   RO         3683    i.prvProcessTimerOrBlockTask  timers.o
    0x080020cc   0x080020cc   0x00000028   Code   RO         3684    i.prvReloadTimer    timers.o
    0x080020f4   0x080020f4   0x00000030   Code   RO         3338    i.prvResetNextTaskUnblockTime  tasks.o
    0x08002124   0x08002124   0x0000002c   Code   RO         3685    i.prvSampleTimeNow  timers.o
    0x08002150   0x08002150   0x00000044   Code   RO         3686    i.prvSwitchTimerLists  timers.o
    0x08002194   0x08002194   0x00000016   Code   RO         3922    i.prvTaskExitError  port.o
    0x080021aa   0x080021aa   0x0000001a   Code   RO         3687    i.prvTimerTask      timers.o
    0x080021c4   0x080021c4   0x0000007e   Code   RO         2993    i.prvUnlockQueue    queue.o
    0x08002242   0x08002242   0x00000002   PAD
    0x08002244   0x08002244   0x00000024   Code   RO         3923    i.pxPortInitialiseStack  port.o
    0x08002268   0x08002268   0x000000d4   Code   RO         3997    i.start_task        freertos_demo.o
    0x0800233c   0x0800233c   0x00000038   Code   RO         3998    i.start_task1       freertos_demo.o
    0x08002374   0x08002374   0x00000038   Code   RO         3999    i.start_task2       freertos_demo.o
    0x080023ac   0x080023ac   0x00000098   Code   RO         4000    i.start_task3       freertos_demo.o
    0x08002444   0x08002444   0x00000028   Code   RO         2949    i.uxListRemove      list.o
    0x0800246c   0x0800246c   0x00000018   Code   RO           18    i.vApplicationGetIdleTaskMemory  main.o
    0x08002484   0x08002484   0x00000018   Code   RO           19    i.vApplicationGetTimerTaskMemory  main.o
    0x0800249c   0x0800249c   0x0000001a   Code   RO         2950    i.vListInitialise   list.o
    0x080024b6   0x080024b6   0x00000006   Code   RO         2951    i.vListInitialiseItem  list.o
    0x080024bc   0x080024bc   0x00000034   Code   RO         2952    i.vListInsert       list.o
    0x080024f0   0x080024f0   0x00000018   Code   RO         2953    i.vListInsertEnd    list.o
    0x08002508   0x08002508   0x00000024   Code   RO         3925    i.vPortEnterCritical  port.o
    0x0800252c   0x0800252c   0x00000020   Code   RO         3926    i.vPortExitCritical  port.o
    0x0800254c   0x0800254c   0x0000004c   Code   RO         3852    i.vPortFree         heap_4.o
    0x08002598   0x08002598   0x00000018   Code   RO         3927    i.vPortSetupTimerInterrupt  port.o
    0x080025b0   0x080025b0   0x0000004a   Code   RO         3000    i.vQueueWaitForMessageRestricted  queue.o
    0x080025fa   0x080025fa   0x00000002   PAD
    0x080025fc   0x080025fc   0x00000034   Code   RO         3346    i.vTaskDelay        tasks.o
    0x08002630   0x08002630   0x000000ec   Code   RO         3347    i.vTaskDelete       tasks.o
    0x0800271c   0x0800271c   0x00000018   Code   RO         3350    i.vTaskInternalSetTimeOutState  tasks.o
    0x08002734   0x08002734   0x0000000c   Code   RO         3351    i.vTaskMissedYield  tasks.o
    0x08002740   0x08002740   0x00000020   Code   RO         3352    i.vTaskPlaceOnEventList  tasks.o
    0x08002760   0x08002760   0x00000050   Code   RO         3353    i.vTaskPlaceOnEventListRestricted  tasks.o
    0x080027b0   0x080027b0   0x00000058   Code   RO         3360    i.vTaskStartScheduler  tasks.o
    0x08002808   0x08002808   0x00000010   Code   RO         3362    i.vTaskSuspendAll   tasks.o
    0x08002818   0x08002818   0x00000068   Code   RO         3363    i.vTaskSwitchContext  tasks.o
    0x08002880   0x08002880   0x00000034   Code   RO         3928    i.xPortStartScheduler  port.o
    0x080028b4   0x080028b4   0x00000034   Code   RO         3929    i.xPortSysTickHandler  port.o
    0x080028e8   0x080028e8   0x0000003e   Code   RO         3002    i.xQueueGenericCreateStatic  queue.o
    0x08002926   0x08002926   0x00000002   PAD
    0x08002928   0x08002928   0x000000a0   Code   RO         3004    i.xQueueGenericReset  queue.o
    0x080029c8   0x080029c8   0x00000104   Code   RO         3012    i.xQueueReceive     queue.o
    0x08002acc   0x08002acc   0x00000060   Code   RO         3365    i.xTaskCheckForTimeOut  tasks.o
    0x08002b2c   0x08002b2c   0x00000040   Code   RO         3367    i.xTaskCreateStatic  tasks.o
    0x08002b6c   0x08002b6c   0x00000020   Code   RO         3375    i.xTaskGetSchedulerState  tasks.o
    0x08002b8c   0x08002b8c   0x0000000c   Code   RO         3377    i.xTaskGetTickCount  tasks.o
    0x08002b98   0x08002b98   0x000001a0   Code   RO         3379    i.xTaskIncrementTick  tasks.o
    0x08002d38   0x08002d38   0x00000118   Code   RO         3380    i.xTaskRemoveFromEventList  tasks.o
    0x08002e50   0x08002e50   0x00000178   Code   RO         3381    i.xTaskResumeAll    tasks.o
    0x08002fc8   0x08002fc8   0x00000060   Code   RO         3695    i.xTimerCreateTimerTask  timers.o
    0x08003028   0x08003028   0x00000012   Data   RO         1986    .constdata          stm32f1xx_hal_rcc.o
    0x0800303a   0x0800303a   0x00000018   Data   RO         2807    .constdata          system_stm32f1xx.o
    0x08003052   0x08003052   0x00000002   PAD
    0x08003054   0x08003054   0x00000020   Data   RO         4359    Region$$Table       anon$$obj.o


    Execution Region RW_IRAM1 (Exec base: 0x20000000, Load base: 0x08003074, Size: 0x00001668, Max: 0x00010000, ABSOLUTE)

    Exec Addr    Load Addr    Size         Type   Attr      Idx    E Section Name        Object

    0x20000000   0x08003074   0x00000009   Data   RW         1822    .data               stm32f1xx_hal.o
    0x20000009   0x0800307d   0x00000003   PAD
    0x2000000c   0x08003080   0x00000004   Data   RW         2808    .data               system_stm32f1xx.o
    0x20000010   0x08003084   0x00000040   Data   RW         3384    .data               tasks.o
    0x20000050   0x080030c4   0x00000014   Data   RW         3705    .data               timers.o
    0x20000064   0x080030d8   0x0000001c   Data   RW         3860    .data               heap_4.o
    0x20000080   0x080030f4   0x00000004   Data   RW         3930    .data               port.o
    0x20000084   0x080030f8   0x00000010   Data   RW         4002    .data               freertos_demo.o
    0x20000094   0x08003108   0x00000004   Data   RW         4335    .data               mc_w.l(stdout.o)
    0x20000098        -       0x00000698   Zero   RW           20    .bss                main.o
    0x20000730        -       0x00000048   Zero   RW          232    .bss                usart.o
    0x20000778        -       0x00000048   Zero   RW          368    .bss                stm32f1xx_hal_timebase_tim.o
    0x200007c0        -       0x000000c8   Zero   RW         3383    .bss                tasks.o
    0x20000888        -       0x000000ac   Zero   RW         3704    .bss                timers.o
    0x20000934        -       0x00000930   Zero   RW         4001    .bss                freertos_demo.o
    0x20001264   0x0800310c   0x00000004   PAD
    0x20001268        -       0x00000400   Zero   RW            1    STACK               startup_stm32f103xe.o


==============================================================================

Image component sizes


      Code (inc. data)   RO Data    RW Data    ZI Data      Debug   Object Name

         0          0          0          0          0      49092   event_groups.o
       628        274          0         16       2352       4674   freertos_demo.o
       208         12          0          0          0        959   gpio.o
       180         16          0         28          0       3444   heap_4.o
       148          0          0          0          0      36890   list.o
       268         52          0          0       1688     541181   main.o
       404         48          0          4          0       9244   port.o
       788          8          0          0          0      10874   queue.o
        36          8        304          0       1024        800   startup_stm32f103xe.o
       116         24          0          9          0       5842   stm32f1xx_hal.o
       252         22          0          0          0      28662   stm32f1xx_hal_cortex.o
       880         40          0          0          0       3936   stm32f1xx_hal_gpio.o
        84          8          0          0          0        890   stm32f1xx_hal_msp.o
      1816        108         18          0          0       6569   stm32f1xx_hal_rcc.o
       792         44          0          0          0       6298   stm32f1xx_hal_tim.o
         4          0          0          0          0       1545   stm32f1xx_hal_tim_ex.o
       180         22          0          0         72       1463   stm32f1xx_hal_timebase_tim.o
       808          4          0          0          0       4368   stm32f1xx_hal_uart.o
        54          6          0          0          0       3529   stm32f1xx_it.o
         2          0         24          4          0       1115   system_stm32f1xx.o
      3022        374          0         64        200      69412   tasks.o
       938        110          0         20        172      14052   timers.o
       192         24          0          0         72       1654   usart.o

    ----------------------------------------------------------------------
     11816       1204        380        148       5584     806493   Object Totals
         0          0         32          0          0          0   (incl. Generated)
        16          0          2          3          4          0   (incl. Padding)

    ----------------------------------------------------------------------

      Code (inc. data)   RO Data    RW Data    ZI Data      Debug   Library Member Name

         0          0          0          0          0          0   entry.o
         0          0          0          0          0          0   entry10a.o
         0          0          0          0          0          0   entry11a.o
         8          4          0          0          0          0   entry2.o
         4          0          0          0          0          0   entry5.o
         0          0          0          0          0          0   entry7b.o
         0          0          0          0          0          0   entry8b.o
         8          4          0          0          0          0   entry9a.o
        30          0          0          0          0          0   handlers.o
        36          8          0          0          0         68   init.o
        36          0          0          0          0         68   memcpya.o
        36          0          0          0          0        108   memseta.o
        50          8          0          0          0        152   printfb.o
         0          0          0          4          0          0   stdout.o

    ----------------------------------------------------------------------
       208         24          0          4          0        396   Library Totals
         0          0          0          0          0          0   (incl. Padding)

    ----------------------------------------------------------------------

      Code (inc. data)   RO Data    RW Data    ZI Data      Debug   Library Name

       208         24          0          4          0        396   mc_w.l

    ----------------------------------------------------------------------
       208         24          0          4          0        396   Library Totals

    ----------------------------------------------------------------------

==============================================================================


      Code (inc. data)   RO Data    RW Data    ZI Data      Debug   

     12024       1228        380        152       5584     800749   Grand Totals
     12024       1228        380        152       5584     800749   ELF Image Totals
     12024       1228        380        152          0          0   ROM Totals

==============================================================================

    Total RO  Size (Code + RO Data)                12404 (  12.11kB)
    Total RW  Size (RW Data + ZI Data)              5736 (   5.60kB)
    Total ROM Size (Code + RO Data + RW Data)      12556 (  12.26kB)

==============================================================================

